lsm6dsl.c:102:9:LSM6DSL_RegisterBusIO	24	static
lsm6dsl.c:159:9:LSM6DSL_Init	16	static
lsm6dsl.c:231:9:LSM6DSL_DeInit	16	static
lsm6dsl.c:262:9:LSM6DSL_ReadID	16	static
lsm6dsl.c:278:9:LSM6DSL_GetCapabilities	16	static
lsm6dsl.c:301:9:LSM6DSL_ACC_Enable	16	static
lsm6dsl.c:325:9:LSM6DSL_ACC_Disable	16	static
lsm6dsl.c:356:9:LSM6DSL_ACC_GetSensitivity	24	static
lsm6dsl.c:400:9:LSM6DSL_ACC_GetOutputDataRate	24	static
lsm6dsl.c:475:9:LSM6DSL_ACC_SetOutputDataRate	16	static
lsm6dsl.c:494:9:LSM6DSL_ACC_GetFullScale	24	static
lsm6dsl.c:537:9:LSM6DSL_ACC_SetFullScale	24	static
lsm6dsl.c:562:9:LSM6DSL_ACC_GetAxesRaw	24	static
lsm6dsl.c:586:9:LSM6DSL_ACC_GetAxes	32	static
lsm6dsl.c:627:9:LSM6DSL_GYRO_Enable	16	static
lsm6dsl.c:651:9:LSM6DSL_GYRO_Disable	16	static
lsm6dsl.c:682:9:LSM6DSL_GYRO_GetSensitivity	24	static
lsm6dsl.c:730:9:LSM6DSL_GYRO_GetOutputDataRate	24	static
lsm6dsl.c:801:9:LSM6DSL_GYRO_SetOutputDataRate	16	static
lsm6dsl.c:820:9:LSM6DSL_GYRO_GetFullScale	24	static
lsm6dsl.c:867:9:LSM6DSL_GYRO_SetFullScale	24	static
lsm6dsl.c:891:9:LSM6DSL_GYRO_GetAxesRaw	24	static
lsm6dsl.c:915:9:LSM6DSL_GYRO_GetAxes	32	static
lsm6dsl.c:957:9:LSM6DSL_Read_Reg	24	static
lsm6dsl.c:974:9:LSM6DSL_Write_Reg	16	static
lsm6dsl.c:990:9:LSM6DSL_Set_Interrupt_Latch	16	static
lsm6dsl.c:1011:9:LSM6DSL_ACC_Enable_Free_Fall_Detection	32	static
lsm6dsl.c:1103:9:LSM6DSL_ACC_Disable_Free_Fall_Detection	24	static
lsm6dsl.c:1154:9:LSM6DSL_ACC_Set_Free_Fall_Threshold	16	static
lsm6dsl.c:1170:9:LSM6DSL_ACC_Set_Free_Fall_Duration	16	static
lsm6dsl.c:1185:9:LSM6DSL_ACC_Enable_Pedometer	24	static
lsm6dsl.c:1234:9:LSM6DSL_ACC_Disable_Pedometer	24	static
lsm6dsl.c:1272:9:LSM6DSL_ACC_Get_Step_Count	16	static
lsm6dsl.c:1287:9:LSM6DSL_ACC_Enable_Step_Counter_Reset	16	static
lsm6dsl.c:1302:9:LSM6DSL_ACC_Disable_Step_Counter_Reset	16	static
lsm6dsl.c:1318:9:LSM6DSL_ACC_Set_Pedometer_Threshold	16	static
lsm6dsl.c:1334:9:LSM6DSL_ACC_Enable_Tilt_Detection	32	static
lsm6dsl.c:1402:9:LSM6DSL_ACC_Disable_Tilt_Detection	24	static
lsm6dsl.c:1447:9:LSM6DSL_ACC_Enable_Wake_Up_Detection	32	static
lsm6dsl.c:1521:9:LSM6DSL_ACC_Disable_Wake_Up_Detection	24	static
lsm6dsl.c:1572:9:LSM6DSL_ACC_Set_Wake_Up_Threshold	16	static
lsm6dsl.c:1589:9:LSM6DSL_ACC_Set_Wake_Up_Duration	16	static
lsm6dsl.c:1606:9:LSM6DSL_ACC_Enable_Inactivity_Detection	32	static
lsm6dsl.c:1676:9:LSM6DSL_ACC_Disable_Inactivity_Detection	24	static
lsm6dsl.c:1733:9:LSM6DSL_ACC_Set_Sleep_Duration	16	static
lsm6dsl.c:1750:9:LSM6DSL_ACC_Enable_Single_Tap_Detection	32	static
lsm6dsl.c:1852:9:LSM6DSL_ACC_Disable_Single_Tap_Detection	24	static
lsm6dsl.c:1927:9:LSM6DSL_ACC_Enable_Double_Tap_Detection	32	static
lsm6dsl.c:2037:9:LSM6DSL_ACC_Disable_Double_Tap_Detection	24	static
lsm6dsl.c:2124:9:LSM6DSL_ACC_Set_Tap_Threshold	16	static
lsm6dsl.c:2141:9:LSM6DSL_ACC_Set_Tap_Shock_Time	16	static
lsm6dsl.c:2158:9:LSM6DSL_ACC_Set_Tap_Quiet_Time	16	static
lsm6dsl.c:2175:9:LSM6DSL_ACC_Set_Tap_Duration_Time	16	static
lsm6dsl.c:2192:9:LSM6DSL_ACC_Enable_6D_Orientation	32	static
lsm6dsl.c:2260:9:LSM6DSL_ACC_Disable_6D_Orientation	24	static
lsm6dsl.c:2305:9:LSM6DSL_ACC_Set_6D_Orientation_Threshold	16	static
lsm6dsl.c:2321:9:LSM6DSL_ACC_Get_6D_Orientation_XL	24	static
lsm6dsl.c:2341:9:LSM6DSL_ACC_Get_6D_Orientation_XH	24	static
lsm6dsl.c:2361:9:LSM6DSL_ACC_Get_6D_Orientation_YL	24	static
lsm6dsl.c:2381:9:LSM6DSL_ACC_Get_6D_Orientation_YH	24	static
lsm6dsl.c:2401:9:LSM6DSL_ACC_Get_6D_Orientation_ZL	24	static
lsm6dsl.c:2421:9:LSM6DSL_ACC_Get_6D_Orientation_ZH	24	static
lsm6dsl.c:2441:9:LSM6DSL_ACC_Get_Event_Status	48	static
lsm6dsl.c:2561:9:LSM6DSL_ACC_Set_SelfTest	24	static
lsm6dsl.c:2584:9:LSM6DSL_ACC_Get_DRDY_Status	16	static
lsm6dsl.c:2600:9:LSM6DSL_ACC_Get_Init_Status	16	static
lsm6dsl.c:2618:9:LSM6DSL_ACC_Set_INT1_DRDY	24	static
lsm6dsl.c:2650:9:LSM6DSL_GYRO_Set_SelfTest	24	static
lsm6dsl.c:2674:9:LSM6DSL_GYRO_Get_DRDY_Status	16	static
lsm6dsl.c:2690:9:LSM6DSL_GYRO_Get_Init_Status	16	static
lsm6dsl.c:2708:9:LSM6DSL_GYRO_Set_INT1_DRDY	24	static
lsm6dsl.c:2740:9:LSM6DSL_Set_DRDY_Mode	24	static
lsm6dsl.c:2762:9:LSM6DSL_FIFO_Get_Num_Samples	16	static
lsm6dsl.c:2778:9:LSM6DSL_FIFO_Get_Full_Status	24	static
lsm6dsl.c:2798:9:LSM6DSL_FIFO_Set_ODR_Value	24	static
lsm6dsl.c:2827:9:LSM6DSL_FIFO_Set_INT1_FIFO_Full	24	static
lsm6dsl.c:2852:9:LSM6DSL_FIFO_Set_Watermark_Level	16	static
lsm6dsl.c:2868:9:LSM6DSL_FIFO_Set_Stop_On_Fth	16	static
lsm6dsl.c:2884:9:LSM6DSL_FIFO_Set_Mode	24	static
lsm6dsl.c:2922:9:LSM6DSL_FIFO_Get_Pattern	16	static
lsm6dsl.c:2938:9:LSM6DSL_FIFO_Get_Data	16	static
lsm6dsl.c:2954:9:LSM6DSL_FIFO_ACC_Set_Decimation	24	static
lsm6dsl.c:2995:9:LSM6DSL_FIFO_ACC_Get_Axis	32	static
lsm6dsl.c:3026:9:LSM6DSL_FIFO_GYRO_Set_Decimation	24	static
lsm6dsl.c:3067:9:LSM6DSL_FIFO_GYRO_Get_Axis	32	static
lsm6dsl.c:3106:16:LSM6DSL_ACC_SetOutputDataRate_When_Enabled	24	static
lsm6dsl.c:3136:16:LSM6DSL_ACC_SetOutputDataRate_When_Disabled	16	static
lsm6dsl.c:3158:16:LSM6DSL_GYRO_SetOutputDataRate_When_Enabled	24	static
lsm6dsl.c:3188:16:LSM6DSL_GYRO_SetOutputDataRate_When_Disabled	16	static
lsm6dsl.c:3212:16:ReadRegWrap	40	static
lsm6dsl.c:3227:16:WriteRegWrap	40	static
