Archive member included to satisfy reference by file (symbol)

/home/fofolevrai/st/stm32cubeide_1.3.0/plugins/com.st.stm32cube.ide.mcu.externaltools.gnu-tools-for-stm32.7-2018-q2-update.linux64_1.0.0.201904181610/tools/bin/../lib/gcc/arm-none-eabi/7.3.1/../../../../arm-none-eabi/lib/thumb/v7e-m/fpv4-sp/hard/libstdc++_nano.a(pure.o)
                              Core/Src/rosSerial/ROSserial.o (__cxa_pure_virtual)
/home/fofolevrai/st/stm32cubeide_1.3.0/plugins/com.st.stm32cube.ide.mcu.externaltools.gnu-tools-for-stm32.7-2018-q2-update.linux64_1.0.0.201904181610/tools/bin/../lib/gcc/arm-none-eabi/7.3.1/../../../../arm-none-eabi/lib/thumb/v7e-m/fpv4-sp/hard/libstdc++_nano.a(del_ops.o)
                              Core/Src/rosSerial/ROSserial_Cwrapper.o (operator delete(void*, unsigned int))
/home/fofolevrai/st/stm32cubeide_1.3.0/plugins/com.st.stm32cube.ide.mcu.externaltools.gnu-tools-for-stm32.7-2018-q2-update.linux64_1.0.0.201904181610/tools/bin/../lib/gcc/arm-none-eabi/7.3.1/../../../../arm-none-eabi/lib/thumb/v7e-m/fpv4-sp/hard/libstdc++_nano.a(new_op.o)
                              Core/Src/rosSerial/ROSserial.o (operator new(unsigned int))
/home/fofolevrai/st/stm32cubeide_1.3.0/plugins/com.st.stm32cube.ide.mcu.externaltools.gnu-tools-for-stm32.7-2018-q2-update.linux64_1.0.0.201904181610/tools/bin/../lib/gcc/arm-none-eabi/7.3.1/../../../../arm-none-eabi/lib/thumb/v7e-m/fpv4-sp/hard/libstdc++_nano.a(new_handler.o)
                              /home/fofolevrai/st/stm32cubeide_1.3.0/plugins/com.st.stm32cube.ide.mcu.externaltools.gnu-tools-for-stm32.7-2018-q2-update.linux64_1.0.0.201904181610/tools/bin/../lib/gcc/arm-none-eabi/7.3.1/../../../../arm-none-eabi/lib/thumb/v7e-m/fpv4-sp/hard/libstdc++_nano.a(new_op.o) (std::get_new_handler())
/home/fofolevrai/st/stm32cubeide_1.3.0/plugins/com.st.stm32cube.ide.mcu.externaltools.gnu-tools-for-stm32.7-2018-q2-update.linux64_1.0.0.201904181610/tools/bin/../lib/gcc/arm-none-eabi/7.3.1/../../../../arm-none-eabi/lib/thumb/v7e-m/fpv4-sp/hard/libstdc++_nano.a(del_op.o)
                              /home/fofolevrai/st/stm32cubeide_1.3.0/plugins/com.st.stm32cube.ide.mcu.externaltools.gnu-tools-for-stm32.7-2018-q2-update.linux64_1.0.0.201904181610/tools/bin/../lib/gcc/arm-none-eabi/7.3.1/../../../../arm-none-eabi/lib/thumb/v7e-m/fpv4-sp/hard/libstdc++_nano.a(del_ops.o) (operator delete(void*))
/home/fofolevrai/st/stm32cubeide_1.3.0/plugins/com.st.stm32cube.ide.mcu.externaltools.gnu-tools-for-stm32.7-2018-q2-update.linux64_1.0.0.201904181610/tools/bin/../lib/gcc/arm-none-eabi/7.3.1/../../../../arm-none-eabi/lib/thumb/v7e-m/fpv4-sp/hard/libstdc++_nano.a(eh_terminate.o)
                              /home/fofolevrai/st/stm32cubeide_1.3.0/plugins/com.st.stm32cube.ide.mcu.externaltools.gnu-tools-for-stm32.7-2018-q2-update.linux64_1.0.0.201904181610/tools/bin/../lib/gcc/arm-none-eabi/7.3.1/../../../../arm-none-eabi/lib/thumb/v7e-m/fpv4-sp/hard/libstdc++_nano.a(pure.o) (std::terminate())
/home/fofolevrai/st/stm32cubeide_1.3.0/plugins/com.st.stm32cube.ide.mcu.externaltools.gnu-tools-for-stm32.7-2018-q2-update.linux64_1.0.0.201904181610/tools/bin/../lib/gcc/arm-none-eabi/7.3.1/../../../../arm-none-eabi/lib/thumb/v7e-m/fpv4-sp/hard/libstdc++_nano.a(eh_unex_handler.o)
                              /home/fofolevrai/st/stm32cubeide_1.3.0/plugins/com.st.stm32cube.ide.mcu.externaltools.gnu-tools-for-stm32.7-2018-q2-update.linux64_1.0.0.201904181610/tools/bin/../lib/gcc/arm-none-eabi/7.3.1/../../../../arm-none-eabi/lib/thumb/v7e-m/fpv4-sp/hard/libstdc++_nano.a(eh_terminate.o) (__cxxabiv1::__unexpected_handler)
/home/fofolevrai/st/stm32cubeide_1.3.0/plugins/com.st.stm32cube.ide.mcu.externaltools.gnu-tools-for-stm32.7-2018-q2-update.linux64_1.0.0.201904181610/tools/bin/../lib/gcc/arm-none-eabi/7.3.1/../../../../arm-none-eabi/lib/thumb/v7e-m/fpv4-sp/hard/libstdc++_nano.a(eh_term_handler.o)
                              /home/fofolevrai/st/stm32cubeide_1.3.0/plugins/com.st.stm32cube.ide.mcu.externaltools.gnu-tools-for-stm32.7-2018-q2-update.linux64_1.0.0.201904181610/tools/bin/../lib/gcc/arm-none-eabi/7.3.1/../../../../arm-none-eabi/lib/thumb/v7e-m/fpv4-sp/hard/libstdc++_nano.a(eh_terminate.o) (__cxxabiv1::__terminate_handler)
/home/fofolevrai/st/stm32cubeide_1.3.0/plugins/com.st.stm32cube.ide.mcu.externaltools.gnu-tools-for-stm32.7-2018-q2-update.linux64_1.0.0.201904181610/tools/bin/../lib/gcc/arm-none-eabi/7.3.1/../../../../arm-none-eabi/lib/thumb/v7e-m/fpv4-sp/hard/libc_nano.a(lib_a-abort.o)
                              /home/fofolevrai/st/stm32cubeide_1.3.0/plugins/com.st.stm32cube.ide.mcu.externaltools.gnu-tools-for-stm32.7-2018-q2-update.linux64_1.0.0.201904181610/tools/bin/../lib/gcc/arm-none-eabi/7.3.1/../../../../arm-none-eabi/lib/thumb/v7e-m/fpv4-sp/hard/libstdc++_nano.a(new_op.o) (abort)
[...]
Memory Configuration

Name             Origin             Length             Attributes
RAM              0x0000000020000000 0x0000000000018000 xrw
FLASH            0x0000000008000000 0x0000000000080000 xr
*default*        0x0000000000000000 0xffffffffffffffff

Linker script and memory map

LOAD /home/fofolevrai/st/stm32cubeide_1.3.0/plugins/com.st.stm32cube.ide.mcu.externaltools.gnu-tools-for-stm32.7-2018-q2-update.linux64_1.0.0.201904181610/tools/bin/../lib/gcc/arm-none-eabi/7.3.1/thumb/v7e-m/fpv4-sp/hard/crti.o
LOAD /home/fofolevrai/st/stm32cubeide_1.3.0/plugins/com.st.stm32cube.ide.mcu.externaltools.gnu-tools-for-stm32.7-2018-q2-update.linux64_1.0.0.201904181610/tools/bin/../lib/gcc/arm-none-eabi/7.3.1/thumb/v7e-m/fpv4-sp/hard/crtbegin.o
LOAD /home/fofolevrai/st/stm32cubeide_1.3.0/plugins/com.st.stm32cube.ide.mcu.externaltools.gnu-tools-for-stm32.7-2018-q2-update.linux64_1.0.0.201904181610/tools/bin/../lib/gcc/arm-none-eabi/7.3.1/../../../../arm-none-eabi/lib/thumb/v7e-m/fpv4-sp/hard/crt0.o
LOAD Core/Inc/duration.o
LOAD Core/Inc/time.o
LOAD Core/Src/main.o
LOAD Core/Src/stm32f4xx_hal_msp.o
LOAD Core/Src/stm32f4xx_it.o
LOAD Core/Src/stm32f4xx_nucleo_bus.o
LOAD Core/Src/syscalls.o
LOAD Core/Src/sysmem.o
LOAD Core/Src/system_stm32f4xx.o
LOAD Core/Src/rosSerial/ROSserial.o
LOAD Core/Src/rosSerial/ROSserial_Cwrapper.o
LOAD Core/Startup/startup_stm32f401retx.o
LOAD Drivers/BSP/Components/hts221/hts221.o
LOAD Drivers/BSP/Components/hts221/hts221_reg.o
LOAD Drivers/BSP/Components/hts221/ros/hts221_rosService.o
LOAD Drivers/BSP/Components/hts221/ros/hts221_rosWrapper.o
LOAD Drivers/BSP/Components/lps22hb/lps22hb.o
LOAD Drivers/BSP/Components/lps22hb/lps22hb_reg.o
LOAD Drivers/BSP/Components/lps22hb/ros/lps22hb_rosService.o
LOAD Drivers/BSP/Components/lps22hb/ros/lps22hb_rosWrapper.o
LOAD Drivers/BSP/Components/lsm303agr/lsm303agr.o
LOAD Drivers/BSP/Components/lsm303agr/lsm303agr_reg.o
LOAD Drivers/BSP/Components/lsm303agr/ros/lsm303agr_rosService.o
LOAD Drivers/BSP/Components/lsm303agr/ros/lsm303agr_rosWrapper.o
LOAD Drivers/BSP/Components/lsm6dsl/lsm6dsl.o
LOAD Drivers/BSP/Components/lsm6dsl/lsm6dsl_reg.o
LOAD Drivers/BSP/Components/lsm6dsl/ros/lsm6dsl_rosService.o
LOAD Drivers/BSP/Components/lsm6dsl/ros/lsm6dsl_rosWrapper.o
LOAD Drivers/BSP/IKS01A2/iks01a2_env_sensors.o
LOAD Drivers/BSP/IKS01A2/iks01a2_env_sensors_ex.o
LOAD Drivers/BSP/IKS01A2/iks01a2_motion_sensors.o
LOAD Drivers/BSP/IKS01A2/iks01a2_motion_sensors_ex.o
LOAD Drivers/STM32F4xx_HAL_Driver/Src/stm32f4xx_hal.o
LOAD Drivers/STM32F4xx_HAL_Driver/Src/stm32f4xx_hal_cortex.o
LOAD Drivers/STM32F4xx_HAL_Driver/Src/stm32f4xx_hal_dma.o
LOAD Drivers/STM32F4xx_HAL_Driver/Src/stm32f4xx_hal_dma_ex.o
LOAD Drivers/STM32F4xx_HAL_Driver/Src/stm32f4xx_hal_exti.o
LOAD Drivers/STM32F4xx_HAL_Driver/Src/stm32f4xx_hal_flash.o
LOAD Drivers/STM32F4xx_HAL_Driver/Src/stm32f4xx_hal_flash_ex.o
LOAD Drivers/STM32F4xx_HAL_Driver/Src/stm32f4xx_hal_flash_ramfunc.o
LOAD Drivers/STM32F4xx_HAL_Driver/Src/stm32f4xx_hal_gpio.o
LOAD Drivers/STM32F4xx_HAL_Driver/Src/stm32f4xx_hal_i2c.o
LOAD Drivers/STM32F4xx_HAL_Driver/Src/stm32f4xx_hal_i2c_ex.o
LOAD Drivers/STM32F4xx_HAL_Driver/Src/stm32f4xx_hal_pwr.o
LOAD Drivers/STM32F4xx_HAL_Driver/Src/stm32f4xx_hal_pwr_ex.o
LOAD Drivers/STM32F4xx_HAL_Driver/Src/stm32f4xx_hal_rcc.o
LOAD Drivers/STM32F4xx_HAL_Driver/Src/stm32f4xx_hal_rcc_ex.o
LOAD Drivers/STM32F4xx_HAL_Driver/Src/stm32f4xx_hal_tim.o
LOAD Drivers/STM32F4xx_HAL_Driver/Src/stm32f4xx_hal_tim_ex.o
LOAD Drivers/STM32F4xx_HAL_Driver/Src/stm32f4xx_hal_uart.o
LOAD MEMS/App/app_x-cube-mems1.o
START GROUP
LOAD /home/fofolevrai/st/stm32cubeide_1.3.0/plugins/com.st.stm32cube.ide.mcu.externaltools.gnu-tools-for-stm32.7-2018-q2-update.linux64_1.0.0.201904181610/tools/bin/../lib/gcc/arm-none-eabi/7.3.1/../../../../arm-none-eabi/lib/thumb/v7e-m/fpv4-sp/hard/libstdc++_nano.a
LOAD /home/fofolevrai/st/stm32cubeide_1.3.0/plugins/com.st.stm32cube.ide.mcu.externaltools.gnu-tools-for-stm32.7-2018-q2-update.linux64_1.0.0.201904181610/tools/bin/../lib/gcc/arm-none-eabi/7.3.1/../../../../arm-none-eabi/lib/thumb/v7e-m/fpv4-sp/hard/libsupc++_nano.a
END GROUP
LOAD /home/fofolevrai/st/stm32cubeide_1.3.0/plugins/com.st.stm32cube.ide.mcu.externaltools.gnu-tools-for-stm32.7-2018-q2-update.linux64_1.0.0.201904181610/tools/bin/../lib/gcc/arm-none-eabi/7.3.1/../../../../arm-none-eabi/lib/thumb/v7e-m/fpv4-sp/hard/libstdc++_nano.a
LOAD /home/fofolevrai/st/stm32cubeide_1.3.0/plugins/com.st.stm32cube.ide.mcu.externaltools.gnu-tools-for-stm32.7-2018-q2-update.linux64_1.0.0.201904181610/tools/bin/../lib/gcc/arm-none-eabi/7.3.1/../../../../arm-none-eabi/lib/thumb/v7e-m/fpv4-sp/hard/libm.a
LOAD /home/fofolevrai/st/stm32cubeide_1.3.0/plugins/com.st.stm32cube.ide.mcu.externaltools.gnu-tools-for-stm32.7-2018-q2-update.linux64_1.0.0.201904181610/tools/bin/../lib/gcc/arm-none-eabi/7.3.1/../../../../arm-none-eabi/lib/thumb/v7e-m/fpv4-sp/hard/libc_nano.a
START GROUP
LOAD /home/fofolevrai/st/stm32cubeide_1.3.0/plugins/com.st.stm32cube.ide.mcu.externaltools.gnu-tools-for-stm32.7-2018-q2-update.linux64_1.0.0.201904181610/tools/bin/../lib/gcc/arm-none-eabi/7.3.1/thumb/v7e-m/fpv4-sp/hard/libgcc.a
LOAD /home/fofolevrai/st/stm32cubeide_1.3.0/plugins/com.st.stm32cube.ide.mcu.externaltools.gnu-tools-for-stm32.7-2018-q2-update.linux64_1.0.0.201904181610/tools/bin/../lib/gcc/arm-none-eabi/7.3.1/../../../../arm-none-eabi/lib/thumb/v7e-m/fpv4-sp/hard/libc_nano.a
END GROUP
START GROUP
LOAD /home/fofolevrai/st/stm32cubeide_1.3.0/plugins/com.st.stm32cube.ide.mcu.externaltools.gnu-tools-for-stm32.7-2018-q2-update.linux64_1.0.0.201904181610/tools/bin/../lib/gcc/arm-none-eabi/7.3.1/thumb/v7e-m/fpv4-sp/hard/libgcc.a
LOAD /home/fofolevrai/st/stm32cubeide_1.3.0/plugins/com.st.stm32cube.ide.mcu.externaltools.gnu-tools-for-stm32.7-2018-q2-update.linux64_1.0.0.201904181610/tools/bin/../lib/gcc/arm-none-eabi/7.3.1/../../../../arm-none-eabi/lib/thumb/v7e-m/fpv4-sp/hard/libc_nano.a
END GROUP
LOAD /home/fofolevrai/st/stm32cubeide_1.3.0/plugins/com.st.stm32cube.ide.mcu.externaltools.gnu-tools-for-stm32.7-2018-q2-update.linux64_1.0.0.201904181610/tools/bin/../lib/gcc/arm-none-eabi/7.3.1/thumb/v7e-m/fpv4-sp/hard/crtend.o
LOAD /home/fofolevrai/st/stm32cubeide_1.3.0/plugins/com.st.stm32cube.ide.mcu.externaltools.gnu-tools-for-stm32.7-2018-q2-update.linux64_1.0.0.201904181610/tools/bin/../lib/gcc/arm-none-eabi/7.3.1/thumb/v7e-m/fpv4-sp/hard/crtn.o
                0x0000000020018000                _estack = (ORIGIN (RAM) + LENGTH (RAM))
                0x0000000000000200                _Min_Heap_Size = 0x200
                0x0000000000000400                _Min_Stack_Size = 0x400

.isr_vector     0x0000000008000000      0x194
                0x0000000008000000                . = ALIGN (0x4)
 *(.isr_vector)
 .isr_vector    0x0000000008000000      0x194 Core/Startup/startup_stm32f401retx.o
                0x0000000008000000                g_pfnVectors
                0x0000000008000194                . = ALIGN (0x4)

.text           0x0000000008000194     0xdee4
                0x0000000008000194                . = ALIGN (0x4)
 *(.text)
 .text          0x0000000008000194       0x40 /home/fofolevrai/st/stm32cubeide_1.3.0/plugins/com.st.stm32cube.ide.mcu.externaltools.gnu-tools-for-stm32.7-2018-q2-update.linux64_1.0.0.201904181610/tools/bin/../lib/gcc/arm-none-eabi/7.3.1/thumb/v7e-m/fpv4-sp/hard/crtbegin.o
 .text          0x00000000080001d4       0x10 /home/fofolevrai/st/stm32cubeide_1.3.0/plugins/com.st.stm32cube.ide.mcu.externaltools.gnu-tools-for-stm32.7-2018-q2-update.linux64_1.0.0.201904181610/tools/bin/../lib/gcc/arm-none-eabi/7.3.1/../../../../arm-none-eabi/lib/thumb/v7e-m/fpv4-sp/hard/libc_nano.a(lib_a-strlen.o)
                0x00000000080001d4                strlen
 .text          0x00000000080001e4      0x378 /home/fofolevrai/st/stm32cubeide_1.3.0/plugins/com.st.stm32cube.ide.mcu.externaltools.gnu-tools-for-stm32.7-2018-q2-update.linux64_1.0.0.201904181610/tools/bin/../lib/gcc/arm-none-eabi/7.3.1/thumb/v7e-m/fpv4-sp/hard/libgcc.a(_arm_addsubdf3.o)
                0x00000000080001e4                __aeabi_drsub
                0x00000000080001ec                __aeabi_dsub
                0x00000000080001ec                __subdf3
                0x00000000080001f0                __adddf3
                0x00000000080001f0                __aeabi_dadd
                0x0000000008000468                __aeabi_ui2d
                0x0000000008000468                __floatunsidf
                0x0000000008000488                __floatsidf
                0x0000000008000488                __aeabi_i2d
                0x00000000080004ac                __extendsfdf2
                0x00000000080004ac                __aeabi_f2d
                0x00000000080004f0                __aeabi_ul2d
                0x00000000080004f0                __floatundidf
                0x0000000008000500                __floatdidf
                0x0000000008000500                __aeabi_l2d
 .text          0x000000000800055c       0x30 /home/fofolevrai/st/stm32cubeide_1.3.0/plugins/com.st.stm32cube.ide.mcu.externaltools.gnu-tools-for-stm32.7-2018-q2-update.linux64_1.0.0.201904181610/tools/bin/../lib/gcc/arm-none-eabi/7.3.1/thumb/v7e-m/fpv4-sp/hard/libgcc.a(_aeabi_uldivmod.o)
                0x000000000800055c                __aeabi_uldivmod
 .text          0x000000000800058c      0x2cc /home/fofolevrai/st/stm32cubeide_1.3.0/plugins/com.st.stm32cube.ide.mcu.externaltools.gnu-tools-for-stm32.7-2018-q2-update.linux64_1.0.0.201904181610/tools/bin/../lib/gcc/arm-none-eabi/7.3.1/thumb/v7e-m/fpv4-sp/hard/libgcc.a(_udivmoddi4.o)
                0x000000000800058c                __udivmoddi4
 .text          0x0000000008000858        0x4 /home/fofolevrai/st/stm32cubeide_1.3.0/plugins/com.st.stm32cube.ide.mcu.externaltools.gnu-tools-for-stm32.7-2018-q2-update.linux64_1.0.0.201904181610/tools/bin/../lib/gcc/arm-none-eabi/7.3.1/thumb/v7e-m/fpv4-sp/hard/libgcc.a(_dvmd_tls.o)
                0x0000000008000858                __aeabi_ldiv0
                0x0000000008000858                __aeabi_idiv0
 *(.text*)
 .text._ZN3ros16normalizeSecNSecERmS0_
                0x000000000800085c       0x58 Core/Inc/time.o
                0x000000000800085c                ros::normalizeSecNSec(unsigned long&, unsigned long&)
 .text.HAL_UART_TxCpltCallback
                0x00000000080008b4       0x20 Core/Src/main.o
                0x00000000080008b4                HAL_UART_TxCpltCallback
 .text.HAL_UART_RxCpltCallback
                0x00000000080008d4       0x20 Core/Src/main.o
                0x00000000080008d4                HAL_UART_RxCpltCallback
 .text.main     0x00000000080008f4       0x54 Core/Src/main.o
                0x00000000080008f4                main
 .text.SystemClock_Config
                0x0000000008000948       0xd8 Core/Src/main.o
                0x0000000008000948                SystemClock_Config
 .text.MX_USART2_UART_Init
                0x0000000008000a20       0x54 Core/Src/main.o
 .text.MX_DMA_Init
                0x0000000008000a74       0x50 Core/Src/main.o
 .text.MX_GPIO_Init
                0x0000000008000ac4       0xf0 Core/Src/main.o
 .text.Error_Handler
                0x0000000008000bb4        0xe Core/Src/main.o
                0x0000000008000bb4                Error_Handler
 *fill*         0x0000000008000bc2        0x2 
 .text.HAL_MspInit
                0x0000000008000bc4       0x50 Core/Src/stm32f4xx_hal_msp.o
                0x0000000008000bc4                HAL_MspInit
 .text.HAL_UART_MspInit
                0x0000000008000c14      0x168 Core/Src/stm32f4xx_hal_msp.o
                0x0000000008000c14                HAL_UART_MspInit
 .text.NMI_Handler
                0x0000000008000d7c        0xe Core/Src/stm32f4xx_it.o
                0x0000000008000d7c                NMI_Handler
 .text.HardFault_Handler
                0x0000000008000d8a        0x6 Core/Src/stm32f4xx_it.o
                0x0000000008000d8a                HardFault_Handler
 .text.MemManage_Handler
                0x0000000008000d90        0x6 Core/Src/stm32f4xx_it.o
                0x0000000008000d90                MemManage_Handler
 .text.BusFault_Handler
                0x0000000008000d96        0x6 Core/Src/stm32f4xx_it.o
                0x0000000008000d96                BusFault_Handler
 .text.UsageFault_Handler
                0x0000000008000d9c        0x6 Core/Src/stm32f4xx_it.o
                0x0000000008000d9c                UsageFault_Handler
 .text.SVC_Handler
                0x0000000008000da2        0xe Core/Src/stm32f4xx_it.o
                0x0000000008000da2                SVC_Handler
 .text.DebugMon_Handler
                0x0000000008000db0        0xe Core/Src/stm32f4xx_it.o
                0x0000000008000db0                DebugMon_Handler
 .text.PendSV_Handler
                0x0000000008000dbe        0xe Core/Src/stm32f4xx_it.o
                0x0000000008000dbe                PendSV_Handler
 .text.SysTick_Handler
                0x0000000008000dcc        0xc Core/Src/stm32f4xx_it.o
                0x0000000008000dcc                SysTick_Handler
 .text.DMA1_Stream5_IRQHandler
                0x0000000008000dd8       0x14 Core/Src/stm32f4xx_it.o
                0x0000000008000dd8                DMA1_Stream5_IRQHandler
 .text.DMA1_Stream6_IRQHandler
                0x0000000008000dec       0x14 Core/Src/stm32f4xx_it.o
                0x0000000008000dec                DMA1_Stream6_IRQHandler
 .text.USART2_IRQHandler
                0x0000000008000e00       0x14 Core/Src/stm32f4xx_it.o
                0x0000000008000e00                USART2_IRQHandler
 .text.EXTI15_10_IRQHandler
                0x0000000008000e14        0xe Core/Src/stm32f4xx_it.o
                0x0000000008000e14                EXTI15_10_IRQHandler
 *fill*         0x0000000008000e22        0x2 
 .text.BSP_I2C1_Init
                0x0000000008000e24       0x64 Core/Src/stm32f4xx_nucleo_bus.o
                0x0000000008000e24                BSP_I2C1_Init
 .text.BSP_I2C1_DeInit
                0x0000000008000e88       0x50 Core/Src/stm32f4xx_nucleo_bus.o
                0x0000000008000e88                BSP_I2C1_DeInit
 .text.BSP_I2C1_WriteReg
                0x0000000008000ed8       0x64 Core/Src/stm32f4xx_nucleo_bus.o
                0x0000000008000ed8                BSP_I2C1_WriteReg
 .text.BSP_I2C1_ReadReg
                0x0000000008000f3c       0x64 Core/Src/stm32f4xx_nucleo_bus.o
                0x0000000008000f3c                BSP_I2C1_ReadReg
 .text.BSP_GetTick
                0x0000000008000fa0        0xe Core/Src/stm32f4xx_nucleo_bus.o
                0x0000000008000fa0                BSP_GetTick
 *fill*         0x0000000008000fae        0x2 
 .text.MX_I2C1_Init
                0x0000000008000fb0       0x68 Core/Src/stm32f4xx_nucleo_bus.o
                0x0000000008000fb0                MX_I2C1_Init
 .text.I2C1_MspInit
                0x0000000008001018       0x74 Core/Src/stm32f4xx_nucleo_bus.o
 .text.I2C1_MspDeInit
                0x000000000800108c       0x30 Core/Src/stm32f4xx_nucleo_bus.o
 .text._getpid  0x00000000080010bc       0x10 Core/Src/syscalls.o
                0x00000000080010bc                _getpid
 .text._kill    0x00000000080010cc       0x20 Core/Src/syscalls.o
                0x00000000080010cc                _kill
 .text._exit    0x00000000080010ec       0x14 Core/Src/syscalls.o
                0x00000000080010ec                _exit
 .text._sbrk    0x0000000008001100       0x58 Core/Src/sysmem.o
                0x0000000008001100                _sbrk
 .text.SystemInit
                0x0000000008001158       0x2c Core/Src/system_stm32f4xx.o
                0x0000000008001158                SystemInit
 .text._ZN3ros4TimeC2Ev
                0x0000000008001184       0x22 Core/Src/rosSerial/ROSserial.o
                0x0000000008001184                ros::Time::Time()
                0x0000000008001184                ros::Time::Time()
 *fill*         0x00000000080011a6        0x2 
 .text._ZN3ros3MsgC2Ev
                0x00000000080011a8       0x20 Core/Src/rosSerial/ROSserial.o
                0x00000000080011a8                ros::Msg::Msg()
                0x00000000080011a8                ros::Msg::Msg()
 .text._ZN8std_msgs4TimeC2Ev
                0x00000000080011c8       0x30 Core/Src/rosSerial/ROSserial.o
                0x00000000080011c8                std_msgs::Time::Time()
                0x00000000080011c8                std_msgs::Time::Time()
 .text._ZNK8std_msgs4Time9serializeEPh
                0x00000000080011f8       0xb0 Core/Src/rosSerial/ROSserial.o
                0x00000000080011f8                std_msgs::Time::serialize(unsigned char*) const
 .text._ZN8std_msgs4Time11deserializeEPh
                0x00000000080012a8       0xc8 Core/Src/rosSerial/ROSserial.o
                0x00000000080012a8                std_msgs::Time::deserialize(unsigned char*)
 .text._ZN8std_msgs4Time7getTypeEv
                0x0000000008001370       0x1c Core/Src/rosSerial/ROSserial.o
                0x0000000008001370                std_msgs::Time::getType()
 .text._ZN8std_msgs4Time6getMD5Ev
                0x000000000800138c       0x1c Core/Src/rosSerial/ROSserial.o
                0x000000000800138c                std_msgs::Time::getMD5()
 .text._ZN14rosserial_msgs9TopicInfoC2Ev
                0x00000000080013a8       0x48 Core/Src/rosSerial/ROSserial.o
                0x00000000080013a8                rosserial_msgs::TopicInfo::TopicInfo()
                0x00000000080013a8                rosserial_msgs::TopicInfo::TopicInfo()
 .text._ZNK14rosserial_msgs9TopicInfo9serializeEPh
                0x00000000080013f0      0x136 Core/Src/rosSerial/ROSserial.o
                0x00000000080013f0                rosserial_msgs::TopicInfo::serialize(unsigned char*) const
 .text._ZN14rosserial_msgs9TopicInfo11deserializeEPh
                0x0000000008001526      0x1d0 Core/Src/rosSerial/ROSserial.o
                0x0000000008001526                rosserial_msgs::TopicInfo::deserialize(unsigned char*)
 *fill*         0x00000000080016f6        0x2 
 .text._ZN14rosserial_msgs9TopicInfo7getTypeEv
                0x00000000080016f8       0x1c Core/Src/rosSerial/ROSserial.o
                0x00000000080016f8                rosserial_msgs::TopicInfo::getType()
 .text._ZN14rosserial_msgs9TopicInfo6getMD5Ev
                0x0000000008001714       0x1c Core/Src/rosSerial/ROSserial.o
                0x0000000008001714                rosserial_msgs::TopicInfo::getMD5()
 .text._ZN14rosserial_msgs3LogC2Ev
                0x0000000008001730       0x34 Core/Src/rosSerial/ROSserial.o
                0x0000000008001730                rosserial_msgs::Log::Log()
                0x0000000008001730                rosserial_msgs::Log::Log()
 .text._ZNK14rosserial_msgs3Log9serializeEPh
                0x0000000008001764       0x64 Core/Src/rosSerial/ROSserial.o
                0x0000000008001764                rosserial_msgs::Log::serialize(unsigned char*) const
 .text._ZN14rosserial_msgs3Log11deserializeEPh
                0x00000000080017c8       0x90 Core/Src/rosSerial/ROSserial.o
                0x00000000080017c8                rosserial_msgs::Log::deserialize(unsigned char*)
 .text._ZN14rosserial_msgs3Log7getTypeEv
                0x0000000008001858       0x1c Core/Src/rosSerial/ROSserial.o
                0x0000000008001858                rosserial_msgs::Log::getType()
 .text._ZN14rosserial_msgs3Log6getMD5Ev
                0x0000000008001874       0x1c Core/Src/rosSerial/ROSserial.o
                0x0000000008001874                rosserial_msgs::Log::getMD5()
 .text._ZN14rosserial_msgs20RequestParamResponseC2Ev
                0x0000000008001890       0x48 Core/Src/rosSerial/ROSserial.o
                0x0000000008001890                rosserial_msgs::RequestParamResponse::RequestParamResponse()
                0x0000000008001890                rosserial_msgs::RequestParamResponse::RequestParamResponse()
 .text._ZNK14rosserial_msgs20RequestParamResponse9serializeEPh
                0x00000000080018d8      0x222 Core/Src/rosSerial/ROSserial.o
                0x00000000080018d8                rosserial_msgs::RequestParamResponse::serialize(unsigned char*) const
 .text._ZN14rosserial_msgs20RequestParamResponse11deserializeEPh
                0x0000000008001afa      0x2e2 Core/Src/rosSerial/ROSserial.o
                0x0000000008001afa                rosserial_msgs::RequestParamResponse::deserialize(unsigned char*)
 .text._ZN14rosserial_msgs20RequestParamResponse7getTypeEv
                0x0000000008001ddc       0x1c Core/Src/rosSerial/ROSserial.o
                0x0000000008001ddc                rosserial_msgs::RequestParamResponse::getType()
 .text._ZN14rosserial_msgs20RequestParamResponse6getMD5Ev
                0x0000000008001df8       0x1c Core/Src/rosSerial/ROSserial.o
                0x0000000008001df8                rosserial_msgs::RequestParamResponse::getMD5()
 .text._ZN3ros9Publisher15getEndpointTypeEv
                0x0000000008001e14       0x18 Core/Src/rosSerial/ROSserial.o
                0x0000000008001e14                ros::Publisher::getEndpointType()
 .text._ZN13STM32Hardware10getRdmaIndEv
                0x0000000008001e2c       0x24 Core/Src/rosSerial/ROSserial.o
                0x0000000008001e2c                STM32Hardware::getRdmaInd()
 .text._ZN13STM32HardwareC2Ev
                0x0000000008001e50       0x38 Core/Src/rosSerial/ROSserial.o
                0x0000000008001e50                STM32Hardware::STM32Hardware()
                0x0000000008001e50                STM32Hardware::STM32Hardware()
 .text._ZN13STM32Hardware4initEv
                0x0000000008001e88       0x16 Core/Src/rosSerial/ROSserial.o
                0x0000000008001e88                STM32Hardware::init()
 .text._ZN13STM32Hardware10reset_rbufEv
                0x0000000008001e9e       0x22 Core/Src/rosSerial/ROSserial.o
                0x0000000008001e9e                STM32Hardware::reset_rbuf()
 .text._ZN13STM32Hardware4readEv
                0x0000000008001ec0       0x5a Core/Src/rosSerial/ROSserial.o
                0x0000000008001ec0                STM32Hardware::read()
 *fill*         0x0000000008001f1a        0x2 
 .text._ZN13STM32Hardware5flushEv
                0x0000000008001f1c       0xbc Core/Src/rosSerial/ROSserial.o
                0x0000000008001f1c                STM32Hardware::flush()
 .text._ZN13STM32Hardware5writeEPhi
                0x0000000008001fd8       0x8c Core/Src/rosSerial/ROSserial.o
                0x0000000008001fd8                STM32Hardware::write(unsigned char*, int)
 .text._ZN13STM32Hardware4timeEv
                0x0000000008002064       0x16 Core/Src/rosSerial/ROSserial.o
                0x0000000008002064                STM32Hardware::time()
 *fill*         0x000000000800207a        0x2 
 .text._ZN9ROSserial11getInstanceEv
                0x000000000800207c       0x30 Core/Src/rosSerial/ROSserial.o
                0x000000000800207c                ROSserial::getInstance()
 .text._ZN9ROSserialC2Ev
                0x00000000080020ac       0x22 Core/Src/rosSerial/ROSserial.o
                0x00000000080020ac                ROSserial::ROSserial()
                0x00000000080020ac                ROSserial::ROSserial()
 .text._ZN9ROSserial11FlushBufferEv
                0x00000000080020ce       0x22 Core/Src/rosSerial/ROSserial.o
                0x00000000080020ce                ROSserial::FlushBuffer()
 .text._ZN9ROSserial11ResetBufferEv
                0x00000000080020f0       0x22 Core/Src/rosSerial/ROSserial.o
                0x00000000080020f0                ROSserial::ResetBuffer()
 .text._ZN9ROSserial8SpinOnceEv
                0x0000000008002112       0x18 Core/Src/rosSerial/ROSserial.o
                0x0000000008002112                ROSserial::SpinOnce()
 .text._ZN3ros3Msg8varToArrIPhmEEvT_T0_
                0x000000000800212a       0x3c Core/Src/rosSerial/ROSserial.o
                0x000000000800212a                void ros::Msg::varToArr<unsigned char*, unsigned long>(unsigned char*, unsigned long)
 .text._ZN3ros3Msg8arrToVarImPhEEvRT_T0_
                0x0000000008002166       0x4a Core/Src/rosSerial/ROSserial.o
                0x0000000008002166                void ros::Msg::arrToVar<unsigned long, unsigned char*>(unsigned long&, unsigned char*)
 .text._ZN3ros15NodeHandleBase_C2Ev
                0x00000000080021b0       0x20 Core/Src/rosSerial/ROSserial.o
                0x00000000080021b0                ros::NodeHandleBase_::NodeHandleBase_()
                0x00000000080021b0                ros::NodeHandleBase_::NodeHandleBase_()
 .text._ZN3ros11NodeHandle_I13STM32HardwareLi25ELi25ELi512ELi512EEC2Ev
                0x00000000080021d0      0x100 Core/Src/rosSerial/ROSserial.o
                0x00000000080021d0                ros::NodeHandle_<STM32Hardware, 25, 25, 512, 512>::NodeHandle_()
                0x00000000080021d0                ros::NodeHandle_<STM32Hardware, 25, 25, 512, 512>::NodeHandle_()
 .text._ZN3ros11NodeHandle_I13STM32HardwareLi25ELi25ELi512ELi512EE8initNodeEv
                0x00000000080022d0       0x3a Core/Src/rosSerial/ROSserial.o
                0x00000000080022d0                ros::NodeHandle_<STM32Hardware, 25, 25, 512, 512>::initNode()
 .text._ZN3ros11NodeHandle_I13STM32HardwareLi25ELi25ELi512ELi512EE11getHardwareEv
                0x000000000800230a       0x18 Core/Src/rosSerial/ROSserial.o
                0x000000000800230a                ros::NodeHandle_<STM32Hardware, 25, 25, 512, 512>::getHardware()
 .text._ZN3ros11NodeHandle_I13STM32HardwareLi25ELi25ELi512ELi512EE8spinOnceEv
                0x0000000008002322      0x3b8 Core/Src/rosSerial/ROSserial.o
                0x0000000008002322                ros::NodeHandle_<STM32Hardware, 25, 25, 512, 512>::spinOnce()
 .text._ZN3ros11NodeHandle_I13STM32HardwareLi25ELi25ELi512ELi512EE15requestSyncTimeEv
                0x00000000080026da       0x3c Core/Src/rosSerial/ROSserial.o
                0x00000000080026da                ros::NodeHandle_<STM32Hardware, 25, 25, 512, 512>::requestSyncTime()
 .text._ZN3ros11NodeHandle_I13STM32HardwareLi25ELi25ELi512ELi512EE15negotiateTopicsEv
                0x0000000008002716      0x1ca Core/Src/rosSerial/ROSserial.o
                0x0000000008002716                ros::NodeHandle_<STM32Hardware, 25, 25, 512, 512>::negotiateTopics()
 .text._ZN3ros11NodeHandle_I13STM32HardwareLi25ELi25ELi512ELi512EE8syncTimeEPh
                0x00000000080028e0       0x98 Core/Src/rosSerial/ROSserial.o
                0x00000000080028e0                ros::NodeHandle_<STM32Hardware, 25, 25, 512, 512>::syncTime(unsigned char*)
 .text._ZN3ros11NodeHandle_I13STM32HardwareLi25ELi25ELi512ELi512EE7publishEiPKNS_3MsgE
                0x0000000008002978      0x124 Core/Src/rosSerial/ROSserial.o
                0x0000000008002978                ros::NodeHandle_<STM32Hardware, 25, 25, 512, 512>::publish(int, ros::Msg const*)
 .text._ZN3ros11NodeHandle_I13STM32HardwareLi25ELi25ELi512ELi512EE6setNowERNS_4TimeE
                0x0000000008002a9c       0x80 Core/Src/rosSerial/ROSserial.o
                0x0000000008002a9c                ros::NodeHandle_<STM32Hardware, 25, 25, 512, 512>::setNow(ros::Time&)
 .text._ZN3ros11NodeHandle_I13STM32HardwareLi25ELi25ELi512ELi512EE8logerrorEPKc
                0x0000000008002b1c       0x1c Core/Src/rosSerial/ROSserial.o
                0x0000000008002b1c                ros::NodeHandle_<STM32Hardware, 25, 25, 512, 512>::logerror(char const*)
 .text._ZN3ros11NodeHandle_I13STM32HardwareLi25ELi25ELi512ELi512EE3logEcPKc
                0x0000000008002b38       0x38 Core/Src/rosSerial/ROSserial.o
                0x0000000008002b38                ros::NodeHandle_<STM32Hardware, 25, 25, 512, 512>::log(char, char const*)
 .text._ZN3ros11NodeHandle_I13STM32HardwareLi25ELi25ELi512ELi512EE9connectedEv
                0x0000000008002b70       0x1a Core/Src/rosSerial/ROSserial.o
                0x0000000008002b70                ros::NodeHandle_<STM32Hardware, 25, 25, 512, 512>::connected()
 *fill*         0x0000000008002b8a        0x2 
 .text.new_C_ROSserial
                0x0000000008002b8c       0x1c Core/Src/rosSerial/ROSserial_Cwrapper.o
                0x0000000008002b8c                new_C_ROSserial
 .text.Reset_C_ROSserial
                0x0000000008002ba8       0x22 Core/Src/rosSerial/ROSserial_Cwrapper.o
                0x0000000008002ba8                Reset_C_ROSserial
 .text.Flush_C_ROSserial
                0x0000000008002bca       0x22 Core/Src/rosSerial/ROSserial_Cwrapper.o
                0x0000000008002bca                Flush_C_ROSserial
 .text.SpinOnce_C_ROSserial
                0x0000000008002bec       0x16 Core/Src/rosSerial/ROSserial_Cwrapper.o
                0x0000000008002bec                SpinOnce_C_ROSserial
 *fill*         0x0000000008002c02        0x2 
 .text.Reset_Handler
                0x0000000008002c04       0x50 Core/Startup/startup_stm32f401retx.o
                0x0000000008002c04                Reset_Handler
 .text.Default_Handler
                0x0000000008002c54        0x2 Core/Startup/startup_stm32f401retx.o
                0x0000000008002c54                RTC_Alarm_IRQHandler
                0x0000000008002c54                EXTI2_IRQHandler
                0x0000000008002c54                SPI4_IRQHandler
                0x0000000008002c54                TIM1_CC_IRQHandler
                0x0000000008002c54                DMA2_Stream5_IRQHandler
                0x0000000008002c54                PVD_IRQHandler
                0x0000000008002c54                SDIO_IRQHandler
                0x0000000008002c54                TAMP_STAMP_IRQHandler
                0x0000000008002c54                EXTI3_IRQHandler
                0x0000000008002c54                TIM1_UP_TIM10_IRQHandler
                0x0000000008002c54                I2C3_ER_IRQHandler
                0x0000000008002c54                EXTI0_IRQHandler
                0x0000000008002c54                I2C2_EV_IRQHandler
                0x0000000008002c54                DMA1_Stream2_IRQHandler
                0x0000000008002c54                FPU_IRQHandler
                0x0000000008002c54                DMA2_Stream2_IRQHandler
                0x0000000008002c54                SPI1_IRQHandler
                0x0000000008002c54                TIM1_BRK_TIM9_IRQHandler
                0x0000000008002c54                DMA2_Stream3_IRQHandler
                0x0000000008002c54                USART6_IRQHandler
                0x0000000008002c54                DMA2_Stream0_IRQHandler
                0x0000000008002c54                TIM4_IRQHandler
                0x0000000008002c54                I2C1_EV_IRQHandler
                0x0000000008002c54                DMA1_Stream1_IRQHandler
                0x0000000008002c54                TIM3_IRQHandler
                0x0000000008002c54                RCC_IRQHandler
                0x0000000008002c54                Default_Handler
                0x0000000008002c54                ADC_IRQHandler
                0x0000000008002c54                DMA1_Stream7_IRQHandler
                0x0000000008002c54                TIM5_IRQHandler
                0x0000000008002c54                DMA2_Stream7_IRQHandler
                0x0000000008002c54                I2C3_EV_IRQHandler
                0x0000000008002c54                EXTI9_5_IRQHandler
                0x0000000008002c54                RTC_WKUP_IRQHandler
                0x0000000008002c54                SPI2_IRQHandler
                0x0000000008002c54                DMA1_Stream0_IRQHandler
                0x0000000008002c54                EXTI4_IRQHandler
                0x0000000008002c54                WWDG_IRQHandler
                0x0000000008002c54                TIM2_IRQHandler
                0x0000000008002c54                OTG_FS_WKUP_IRQHandler
                0x0000000008002c54                TIM1_TRG_COM_TIM11_IRQHandler
                0x0000000008002c54                EXTI1_IRQHandler
                0x0000000008002c54                I2C2_ER_IRQHandler
                0x0000000008002c54                DMA2_Stream1_IRQHandler
                0x0000000008002c54                FLASH_IRQHandler
                0x0000000008002c54                DMA2_Stream4_IRQHandler
                0x0000000008002c54                USART1_IRQHandler
                0x0000000008002c54                OTG_FS_IRQHandler
                0x0000000008002c54                SPI3_IRQHandler
                0x0000000008002c54                DMA1_Stream4_IRQHandler
                0x0000000008002c54                I2C1_ER_IRQHandler
                0x0000000008002c54                DMA2_Stream6_IRQHandler
                0x0000000008002c54                DMA1_Stream3_IRQHandler
 *fill*         0x0000000008002c56        0x2 
 .text.HTS221_RegisterBusIO
                0x0000000008002c58       0x8c Drivers/BSP/Components/hts221/hts221.o
                0x0000000008002c58                HTS221_RegisterBusIO
 .text.HTS221_Init
                0x0000000008002ce4       0x5a Drivers/BSP/Components/hts221/hts221.o
                0x0000000008002ce4                HTS221_Init
 .text.HTS221_DeInit
                0x0000000008002d3e       0x4c Drivers/BSP/Components/hts221/hts221.o
                0x0000000008002d3e                HTS221_DeInit
 .text.HTS221_ReadID
                0x0000000008002d8a       0x2c Drivers/BSP/Components/hts221/hts221.o
                0x0000000008002d8a                HTS221_ReadID
 *fill*         0x0000000008002db6        0x2 
 .text.HTS221_GetCapabilities
                0x0000000008002db8       0x48 Drivers/BSP/Components/hts221/hts221.o
                0x0000000008002db8                HTS221_GetCapabilities
 .text.HTS221_HUM_Enable
                0x0000000008002e00       0x4a Drivers/BSP/Components/hts221/hts221.o
                0x0000000008002e00                HTS221_HUM_Enable
 .text.HTS221_HUM_Disable
                0x0000000008002e4a       0x4a Drivers/BSP/Components/hts221/hts221.o
                0x0000000008002e4a                HTS221_HUM_Disable
 .text.HTS221_HUM_GetOutputDataRate
                0x0000000008002e94       0x1c Drivers/BSP/Components/hts221/hts221.o
                0x0000000008002e94                HTS221_HUM_GetOutputDataRate
 .text.HTS221_HUM_SetOutputDataRate
                0x0000000008002eb0       0x20 Drivers/BSP/Components/hts221/hts221.o
                0x0000000008002eb0                HTS221_HUM_SetOutputDataRate
 .text.HTS221_HUM_GetHumidity
                0x0000000008002ed0      0x168 Drivers/BSP/Components/hts221/hts221.o
                0x0000000008002ed0                HTS221_HUM_GetHumidity
 .text.HTS221_TEMP_Enable
                0x0000000008003038       0x4a Drivers/BSP/Components/hts221/hts221.o
                0x0000000008003038                HTS221_TEMP_Enable
 .text.HTS221_TEMP_Disable
                0x0000000008003082       0x4a Drivers/BSP/Components/hts221/hts221.o
                0x0000000008003082                HTS221_TEMP_Disable
 .text.HTS221_TEMP_GetOutputDataRate
                0x00000000080030cc       0x1c Drivers/BSP/Components/hts221/hts221.o
                0x00000000080030cc                HTS221_TEMP_GetOutputDataRate
 .text.HTS221_TEMP_SetOutputDataRate
                0x00000000080030e8       0x20 Drivers/BSP/Components/hts221/hts221.o
                0x00000000080030e8                HTS221_TEMP_SetOutputDataRate
 .text.HTS221_TEMP_GetTemperature
                0x0000000008003108      0x12c Drivers/BSP/Components/hts221/hts221.o
                0x0000000008003108                HTS221_TEMP_GetTemperature
 .text.HTS221_GetOutputDataRate
                0x0000000008003234       0x88 Drivers/BSP/Components/hts221/hts221.o
 .text.HTS221_SetOutputDataRate
                0x00000000080032bc       0x60 Drivers/BSP/Components/hts221/hts221.o
 .text.HTS221_Initialize
                0x000000000800331c       0x58 Drivers/BSP/Components/hts221/hts221.o
 .text.Linear_Interpolation
                0x0000000008003374       0x72 Drivers/BSP/Components/hts221/hts221.o
 .text.ReadRegWrap
                0x00000000080033e6       0x62 Drivers/BSP/Components/hts221/hts221.o
 .text.WriteRegWrap
                0x0000000008003448       0x62 Drivers/BSP/Components/hts221/hts221.o
 .text.hts221_read_reg
                0x00000000080034aa       0x30 Drivers/BSP/Components/hts221/hts221_reg.o
                0x00000000080034aa                hts221_read_reg
 .text.hts221_write_reg
                0x00000000080034da       0x30 Drivers/BSP/Components/hts221/hts221_reg.o
                0x00000000080034da                hts221_write_reg
 .text.hts221_data_rate_set
                0x000000000800350a       0x4c Drivers/BSP/Components/hts221/hts221_reg.o
                0x000000000800350a                hts221_data_rate_set
 *fill*         0x0000000008003556        0x2 
 .text.hts221_data_rate_get
                0x0000000008003558       0x70 Drivers/BSP/Components/hts221/hts221_reg.o
                0x0000000008003558                hts221_data_rate_get
 .text.hts221_block_data_update_set
                0x00000000080035c8       0x4c Drivers/BSP/Components/hts221/hts221_reg.o
                0x00000000080035c8                hts221_block_data_update_set
 .text.hts221_humidity_raw_get
                0x0000000008003614       0x22 Drivers/BSP/Components/hts221/hts221_reg.o
                0x0000000008003614                hts221_humidity_raw_get
 .text.hts221_temperature_raw_get
                0x0000000008003636       0x22 Drivers/BSP/Components/hts221/hts221_reg.o
                0x0000000008003636                hts221_temperature_raw_get
 .text.hts221_device_id_get
                0x0000000008003658       0x22 Drivers/BSP/Components/hts221/hts221_reg.o
                0x0000000008003658                hts221_device_id_get
 .text.hts221_power_on_set
                0x000000000800367a       0x4c Drivers/BSP/Components/hts221/hts221_reg.o
                0x000000000800367a                hts221_power_on_set
 .text.hts221_hum_rh_point_0_get
                0x00000000080036c6       0x2e Drivers/BSP/Components/hts221/hts221_reg.o
                0x00000000080036c6                hts221_hum_rh_point_0_get
 .text.hts221_hum_rh_point_1_get
                0x00000000080036f4       0x2e Drivers/BSP/Components/hts221/hts221_reg.o
                0x00000000080036f4                hts221_hum_rh_point_1_get
 .text.hts221_temp_deg_point_0_get
                0x0000000008003722       0x54 Drivers/BSP/Components/hts221/hts221_reg.o
                0x0000000008003722                hts221_temp_deg_point_0_get
 .text.hts221_temp_deg_point_1_get
                0x0000000008003776       0x54 Drivers/BSP/Components/hts221/hts221_reg.o
                0x0000000008003776                hts221_temp_deg_point_1_get
 .text.hts221_hum_adc_point_0_get
                0x00000000080037ca       0x22 Drivers/BSP/Components/hts221/hts221_reg.o
                0x00000000080037ca                hts221_hum_adc_point_0_get
 .text.hts221_hum_adc_point_1_get
                0x00000000080037ec       0x22 Drivers/BSP/Components/hts221/hts221_reg.o
                0x00000000080037ec                hts221_hum_adc_point_1_get
 .text.hts221_temp_adc_point_0_get
                0x000000000800380e       0x22 Drivers/BSP/Components/hts221/hts221_reg.o
                0x000000000800380e                hts221_temp_adc_point_0_get
 .text.hts221_temp_adc_point_1_get
                0x0000000008003830       0x22 Drivers/BSP/Components/hts221/hts221_reg.o
                0x0000000008003830                hts221_temp_adc_point_1_get
 .text._ZN3ros9PublisherC2EPKcPNS_3MsgEi
                0x0000000008003852       0x2e Drivers/BSP/Components/hts221/ros/hts221_rosService.o
                0x0000000008003852                ros::Publisher::Publisher(char const*, ros::Msg*, int)
                0x0000000008003852                ros::Publisher::Publisher(char const*, ros::Msg*, int)
 .text._ZN3ros9Publisher7publishEPKNS_3MsgE
                0x0000000008003880       0x28 Drivers/BSP/Components/hts221/ros/hts221_rosService.o
                0x0000000008003880                ros::Publisher::publish(ros::Msg const*)
 .text._ZN8std_msgs6HeaderC2Ev
                0x00000000080038a8       0x40 Drivers/BSP/Components/hts221/ros/hts221_rosService.o
                0x00000000080038a8                std_msgs::Header::Header()
                0x00000000080038a8                std_msgs::Header::Header()
 .text._ZNK8std_msgs6Header9serializeEPh
                0x00000000080038e8      0x130 Drivers/BSP/Components/hts221/ros/hts221_rosService.o
                0x00000000080038e8                std_msgs::Header::serialize(unsigned char*) const
 .text._ZN8std_msgs6Header11deserializeEPh
                0x0000000008003a18      0x180 Drivers/BSP/Components/hts221/ros/hts221_rosService.o
                0x0000000008003a18                std_msgs::Header::deserialize(unsigned char*)
 .text._ZN8std_msgs6Header7getTypeEv
                0x0000000008003b98       0x1c Drivers/BSP/Components/hts221/ros/hts221_rosService.o
                0x0000000008003b98                std_msgs::Header::getType()
 .text._ZN8std_msgs6Header6getMD5Ev
                0x0000000008003bb4       0x1c Drivers/BSP/Components/hts221/ros/hts221_rosService.o
                0x0000000008003bb4                std_msgs::Header::getMD5()
 .text._ZN11sensor_msgs11TemperatureC2Ev
                0x0000000008003bd0       0x4c Drivers/BSP/Components/hts221/ros/hts221_rosService.o
                0x0000000008003bd0                sensor_msgs::Temperature::Temperature()
                0x0000000008003bd0                sensor_msgs::Temperature::Temperature()
 .text._ZNK11sensor_msgs11Temperature9serializeEPh
                0x0000000008003c1c      0x20c Drivers/BSP/Components/hts221/ros/hts221_rosService.o
                0x0000000008003c1c                sensor_msgs::Temperature::serialize(unsigned char*) const
 .text._ZN11sensor_msgs11Temperature11deserializeEPh
                0x0000000008003e28      0x364 Drivers/BSP/Components/hts221/ros/hts221_rosService.o
                0x0000000008003e28                sensor_msgs::Temperature::deserialize(unsigned char*)
 .text._ZN11sensor_msgs11Temperature7getTypeEv
                0x000000000800418c       0x1c Drivers/BSP/Components/hts221/ros/hts221_rosService.o
                0x000000000800418c                sensor_msgs::Temperature::getType()
 .text._ZN11sensor_msgs11Temperature6getMD5Ev
                0x00000000080041a8       0x1c Drivers/BSP/Components/hts221/ros/hts221_rosService.o
                0x00000000080041a8                sensor_msgs::Temperature::getMD5()
 .text._ZN11sensor_msgs16RelativeHumidityC2Ev
                0x00000000080041c4       0x4c Drivers/BSP/Components/hts221/ros/hts221_rosService.o
                0x00000000080041c4                sensor_msgs::RelativeHumidity::RelativeHumidity()
                0x00000000080041c4                sensor_msgs::RelativeHumidity::RelativeHumidity()
 .text._ZNK11sensor_msgs16RelativeHumidity9serializeEPh
                0x0000000008004210      0x20c Drivers/BSP/Components/hts221/ros/hts221_rosService.o
                0x0000000008004210                sensor_msgs::RelativeHumidity::serialize(unsigned char*) const
 .text._ZN11sensor_msgs16RelativeHumidity11deserializeEPh
                0x000000000800441c      0x364 Drivers/BSP/Components/hts221/ros/hts221_rosService.o
                0x000000000800441c                sensor_msgs::RelativeHumidity::deserialize(unsigned char*)
 .text._ZN11sensor_msgs16RelativeHumidity7getTypeEv
                0x0000000008004780       0x1c Drivers/BSP/Components/hts221/ros/hts221_rosService.o
                0x0000000008004780                sensor_msgs::RelativeHumidity::getType()
 .text._ZN11sensor_msgs16RelativeHumidity6getMD5Ev
                0x000000000800479c       0x1c Drivers/BSP/Components/hts221/ros/hts221_rosService.o
                0x000000000800479c                sensor_msgs::RelativeHumidity::getMD5()
 .text._ZN17HTS221_rosService11getInstanceEv
                0x00000000080047b8       0x2c Drivers/BSP/Components/hts221/ros/hts221_rosService.o
                0x00000000080047b8                HTS221_rosService::getInstance()
 .text._ZN17HTS221_rosServiceC2EPKcPN11sensor_msgs11TemperatureES1_PNS2_16RelativeHumidityE
                0x00000000080047e4       0x54 Drivers/BSP/Components/hts221/ros/hts221_rosService.o
                0x00000000080047e4                HTS221_rosService::HTS221_rosService(char const*, sensor_msgs::Temperature*, char const*, sensor_msgs::RelativeHumidity*)
                0x00000000080047e4                HTS221_rosService::HTS221_rosService(char const*, sensor_msgs::Temperature*, char const*, sensor_msgs::RelativeHumidity*)
 .text._ZN17HTS221_rosServiceC2Ev
                0x0000000008004838       0x48 Drivers/BSP/Components/hts221/ros/hts221_rosService.o
                0x0000000008004838                HTS221_rosService::HTS221_rosService()
                0x0000000008004838                HTS221_rosService::HTS221_rosService()
 .text._ZN17HTS221_rosService27HTS221_AdvertizeTemperatureEv
                0x0000000008004880       0x40 Drivers/BSP/Components/hts221/ros/hts221_rosService.o
                0x0000000008004880                HTS221_rosService::HTS221_AdvertizeTemperature()
 .text._ZN17HTS221_rosService24HTS221_AdvertizeHumidityEv
                0x00000000080048c0       0x40 Drivers/BSP/Components/hts221/ros/hts221_rosService.o
                0x00000000080048c0                HTS221_rosService::HTS221_AdvertizeHumidity()
 .text._ZN17HTS221_rosService25HTS221_TemperaturePublishEv
                0x0000000008004900       0x24 Drivers/BSP/Components/hts221/ros/hts221_rosService.o
                0x0000000008004900                HTS221_rosService::HTS221_TemperaturePublish()
 .text._ZN17HTS221_rosService22HTS221_HumidityPublishEv
                0x0000000008004924       0x24 Drivers/BSP/Components/hts221/ros/hts221_rosService.o
                0x0000000008004924                HTS221_rosService::HTS221_HumidityPublish()
 .text._ZN3ros11NodeHandle_I13STM32HardwareLi25ELi25ELi512ELi512EE9advertiseERNS_9PublisherE
                0x0000000008004948       0x60 Drivers/BSP/Components/hts221/ros/hts221_rosService.o
                0x0000000008004948                ros::NodeHandle_<STM32Hardware, 25, 25, 512, 512>::advertise(ros::Publisher&)
 .text._ZN17HTS221_rosService24HTS221_air_temperature_tEv
                0x00000000080049a8       0x3e Drivers/BSP/Components/hts221/ros/hts221_rosWrapper.o
                0x00000000080049a8                HTS221_rosService::HTS221_air_temperature_t()
 .text._ZN17HTS221_rosService21HTS221_air_humidity_tEv
                0x00000000080049e6       0x3e Drivers/BSP/Components/hts221/ros/hts221_rosWrapper.o
                0x00000000080049e6                HTS221_rosService::HTS221_air_humidity_t()
 .text.new_C_HTS221_rosService
                0x0000000008004a24       0x30 Drivers/BSP/Components/hts221/ros/hts221_rosWrapper.o
                0x0000000008004a24                new_C_HTS221_rosService
 .text.del_C_HTS221_rosService
                0x0000000008004a54       0x20 Drivers/BSP/Components/hts221/ros/hts221_rosWrapper.o
                0x0000000008004a54                del_C_HTS221_rosService
 .text.HTS221_RosAdvertize
                0x0000000008004a74       0x3c Drivers/BSP/Components/hts221/ros/hts221_rosWrapper.o
                0x0000000008004a74                HTS221_RosAdvertize
 .text.HTS221_RosSetTemperature
                0x0000000008004ab0       0x38 Drivers/BSP/Components/hts221/ros/hts221_rosWrapper.o
                0x0000000008004ab0                HTS221_RosSetTemperature
 .text.HTS221_RosSetHumidity
                0x0000000008004ae8       0x38 Drivers/BSP/Components/hts221/ros/hts221_rosWrapper.o
                0x0000000008004ae8                HTS221_RosSetHumidity
 .text.HTS221_RosTemperaturePublish
                0x0000000008004b20       0x30 Drivers/BSP/Components/hts221/ros/hts221_rosWrapper.o
                0x0000000008004b20                HTS221_RosTemperaturePublish
 .text.HTS221_RosHumidityPublish
                0x0000000008004b50       0x30 Drivers/BSP/Components/hts221/ros/hts221_rosWrapper.o
                0x0000000008004b50                HTS221_RosHumidityPublish
 .text._ZN3ros11NodeHandle_I13STM32HardwareLi25ELi25ELi512ELi512EE3nowEv
                0x0000000008004b80       0x78 Drivers/BSP/Components/hts221/ros/hts221_rosWrapper.o
                0x0000000008004b80                ros::NodeHandle_<STM32Hardware, 25, 25, 512, 512>::now()
 .text.LPS22HB_RegisterBusIO
                0x0000000008004bf8       0xcc Drivers/BSP/Components/lps22hb/lps22hb.o
                0x0000000008004bf8                LPS22HB_RegisterBusIO
 .text.LPS22HB_Init
                0x0000000008004cc4       0x5a Drivers/BSP/Components/lps22hb/lps22hb.o
                0x0000000008004cc4                LPS22HB_Init
 .text.LPS22HB_DeInit
                0x0000000008004d1e       0x4c Drivers/BSP/Components/lps22hb/lps22hb.o
                0x0000000008004d1e                LPS22HB_DeInit
 .text.LPS22HB_ReadID
                0x0000000008004d6a       0x2c Drivers/BSP/Components/lps22hb/lps22hb.o
                0x0000000008004d6a                LPS22HB_ReadID
 *fill*         0x0000000008004d96        0x2 
 .text.LPS22HB_GetCapabilities
                0x0000000008004d98       0x48 Drivers/BSP/Components/lps22hb/lps22hb.o
                0x0000000008004d98                LPS22HB_GetCapabilities
 .text.LPS22HB_PRESS_Enable
                0x0000000008004de0       0x48 Drivers/BSP/Components/lps22hb/lps22hb.o
                0x0000000008004de0                LPS22HB_PRESS_Enable
 .text.LPS22HB_PRESS_Disable
                0x0000000008004e28       0x68 Drivers/BSP/Components/lps22hb/lps22hb.o
                0x0000000008004e28                LPS22HB_PRESS_Disable
 .text.LPS22HB_PRESS_GetOutputDataRate
                0x0000000008004e90       0x1c Drivers/BSP/Components/lps22hb/lps22hb.o
                0x0000000008004e90                LPS22HB_PRESS_GetOutputDataRate
 .text.LPS22HB_PRESS_SetOutputDataRate
                0x0000000008004eac       0x38 Drivers/BSP/Components/lps22hb/lps22hb.o
                0x0000000008004eac                LPS22HB_PRESS_SetOutputDataRate
 .text.LPS22HB_PRESS_GetPressure
                0x0000000008004ee4       0x6e Drivers/BSP/Components/lps22hb/lps22hb.o
                0x0000000008004ee4                LPS22HB_PRESS_GetPressure
 .text.LPS22HB_TEMP_Enable
                0x0000000008004f52       0x48 Drivers/BSP/Components/lps22hb/lps22hb.o
                0x0000000008004f52                LPS22HB_TEMP_Enable
 .text.LPS22HB_TEMP_Disable
                0x0000000008004f9a       0x68 Drivers/BSP/Components/lps22hb/lps22hb.o
                0x0000000008004f9a                LPS22HB_TEMP_Disable
 .text.LPS22HB_TEMP_GetOutputDataRate
                0x0000000008005002       0x1c Drivers/BSP/Components/lps22hb/lps22hb.o
                0x0000000008005002                LPS22HB_TEMP_GetOutputDataRate
 .text.LPS22HB_TEMP_SetOutputDataRate
                0x000000000800501e       0x38 Drivers/BSP/Components/lps22hb/lps22hb.o
                0x000000000800501e                LPS22HB_TEMP_SetOutputDataRate
 .text.LPS22HB_TEMP_GetTemperature
                0x0000000008005056       0x70 Drivers/BSP/Components/lps22hb/lps22hb.o
                0x0000000008005056                LPS22HB_TEMP_GetTemperature
 .text.LPS22HB_Write_Reg
                0x00000000080050c6       0x36 Drivers/BSP/Components/lps22hb/lps22hb.o
                0x00000000080050c6                LPS22HB_Write_Reg
 .text.LPS22HB_GetOutputDataRate
                0x00000000080050fc       0xa8 Drivers/BSP/Components/lps22hb/lps22hb.o
 .text.LPS22HB_SetOutputDataRate_When_Enabled
                0x00000000080051a4       0xb0 Drivers/BSP/Components/lps22hb/lps22hb.o
 .text.LPS22HB_SetOutputDataRate_When_Disabled
                0x0000000008005254       0x80 Drivers/BSP/Components/lps22hb/lps22hb.o
 .text.LPS22HB_Initialize
                0x00000000080052d4       0xb2 Drivers/BSP/Components/lps22hb/lps22hb.o
 .text.ReadRegWrap
                0x0000000008005386       0x86 Drivers/BSP/Components/lps22hb/lps22hb.o
 .text.WriteRegWrap
                0x000000000800540c       0x86 Drivers/BSP/Components/lps22hb/lps22hb.o
 .text.lps22hb_read_reg
                0x0000000008005492       0x30 Drivers/BSP/Components/lps22hb/lps22hb_reg.o
                0x0000000008005492                lps22hb_read_reg
 .text.lps22hb_write_reg
                0x00000000080054c2       0x30 Drivers/BSP/Components/lps22hb/lps22hb_reg.o
                0x00000000080054c2                lps22hb_write_reg
 *fill*         0x00000000080054f2        0x2 
 .text.lps22hb_from_lsb_to_hpa
                0x00000000080054f4       0x30 Drivers/BSP/Components/lps22hb/lps22hb_reg.o
                0x00000000080054f4                lps22hb_from_lsb_to_hpa
 .text.lps22hb_from_lsb_to_degc
                0x0000000008005524       0x34 Drivers/BSP/Components/lps22hb/lps22hb_reg.o
                0x0000000008005524                lps22hb_from_lsb_to_degc
 .text.lps22hb_block_data_update_set
                0x0000000008005558       0x4c Drivers/BSP/Components/lps22hb/lps22hb_reg.o
                0x0000000008005558                lps22hb_block_data_update_set
 .text.lps22hb_low_pass_filter_mode_set
                0x00000000080055a4       0x4c Drivers/BSP/Components/lps22hb/lps22hb_reg.o
                0x00000000080055a4                lps22hb_low_pass_filter_mode_set
 .text.lps22hb_data_rate_set
                0x00000000080055f0       0x4c Drivers/BSP/Components/lps22hb/lps22hb_reg.o
                0x00000000080055f0                lps22hb_data_rate_set
 .text.lps22hb_data_rate_get
                0x000000000800563c       0x88 Drivers/BSP/Components/lps22hb/lps22hb_reg.o
                0x000000000800563c                lps22hb_data_rate_get
 .text.lps22hb_pressure_raw_get
                0x00000000080056c4       0x22 Drivers/BSP/Components/lps22hb/lps22hb_reg.o
                0x00000000080056c4                lps22hb_pressure_raw_get
 .text.lps22hb_temperature_raw_get
                0x00000000080056e6       0x22 Drivers/BSP/Components/lps22hb/lps22hb_reg.o
                0x00000000080056e6                lps22hb_temperature_raw_get
 .text.lps22hb_device_id_get
                0x0000000008005708       0x22 Drivers/BSP/Components/lps22hb/lps22hb_reg.o
                0x0000000008005708                lps22hb_device_id_get
 .text.lps22hb_low_power_set
                0x000000000800572a       0x4c Drivers/BSP/Components/lps22hb/lps22hb_reg.o
                0x000000000800572a                lps22hb_low_power_set
 .text.lps22hb_auto_add_inc_set
                0x0000000008005776       0x4c Drivers/BSP/Components/lps22hb/lps22hb_reg.o
                0x0000000008005776                lps22hb_auto_add_inc_set
 *fill*         0x00000000080057c2        0x2 
 .text._ZN11sensor_msgs13FluidPressureC2Ev
                0x00000000080057c4       0x4c Drivers/BSP/Components/lps22hb/ros/lps22hb_rosService.o
                0x00000000080057c4                sensor_msgs::FluidPressure::FluidPressure()
                0x00000000080057c4                sensor_msgs::FluidPressure::FluidPressure()
 .text._ZNK11sensor_msgs13FluidPressure9serializeEPh
                0x0000000008005810      0x20c Drivers/BSP/Components/lps22hb/ros/lps22hb_rosService.o
                0x0000000008005810                sensor_msgs::FluidPressure::serialize(unsigned char*) const
 .text._ZN11sensor_msgs13FluidPressure11deserializeEPh
                0x0000000008005a1c      0x364 Drivers/BSP/Components/lps22hb/ros/lps22hb_rosService.o
                0x0000000008005a1c                sensor_msgs::FluidPressure::deserialize(unsigned char*)
 .text._ZN11sensor_msgs13FluidPressure7getTypeEv
                0x0000000008005d80       0x1c Drivers/BSP/Components/lps22hb/ros/lps22hb_rosService.o
                0x0000000008005d80                sensor_msgs::FluidPressure::getType()
 .text._ZN11sensor_msgs13FluidPressure6getMD5Ev
                0x0000000008005d9c       0x1c Drivers/BSP/Components/lps22hb/ros/lps22hb_rosService.o
                0x0000000008005d9c                sensor_msgs::FluidPressure::getMD5()
 .text._ZN18LPS22HB_rosService11getInstanceEv
                0x0000000008005db8       0x2c Drivers/BSP/Components/lps22hb/ros/lps22hb_rosService.o
                0x0000000008005db8                LPS22HB_rosService::getInstance()
 .text._ZN18LPS22HB_rosServiceC2EPKcPN11sensor_msgs11TemperatureES1_PNS2_13FluidPressureE
                0x0000000008005de4       0x54 Drivers/BSP/Components/lps22hb/ros/lps22hb_rosService.o
                0x0000000008005de4                LPS22HB_rosService::LPS22HB_rosService(char const*, sensor_msgs::Temperature*, char const*, sensor_msgs::FluidPressure*)
                0x0000000008005de4                LPS22HB_rosService::LPS22HB_rosService(char const*, sensor_msgs::Temperature*, char const*, sensor_msgs::FluidPressure*)
 .text._ZN18LPS22HB_rosServiceC2Ev
                0x0000000008005e38       0x48 Drivers/BSP/Components/lps22hb/ros/lps22hb_rosService.o
                0x0000000008005e38                LPS22HB_rosService::LPS22HB_rosService()
                0x0000000008005e38                LPS22HB_rosService::LPS22HB_rosService()
 .text._ZN18LPS22HB_rosService28LPS22HB_AdvertizeTemperatureEv
                0x0000000008005e80       0x40 Drivers/BSP/Components/lps22hb/ros/lps22hb_rosService.o
                0x0000000008005e80                LPS22HB_rosService::LPS22HB_AdvertizeTemperature()
 .text._ZN18LPS22HB_rosService25LPS22HB_AdvertizePressureEv
                0x0000000008005ec0       0x40 Drivers/BSP/Components/lps22hb/ros/lps22hb_rosService.o
                0x0000000008005ec0                LPS22HB_rosService::LPS22HB_AdvertizePressure()
 .text._ZN18LPS22HB_rosService26LPS22HB_TemperaturePublishEv
                0x0000000008005f00       0x24 Drivers/BSP/Components/lps22hb/ros/lps22hb_rosService.o
                0x0000000008005f00                LPS22HB_rosService::LPS22HB_TemperaturePublish()
 .text._ZN18LPS22HB_rosService23LPS22HB_PressurePublishEv
                0x0000000008005f24       0x24 Drivers/BSP/Components/lps22hb/ros/lps22hb_rosService.o
                0x0000000008005f24                LPS22HB_rosService::LPS22HB_PressurePublish()
 .text._ZN18LPS22HB_rosService25LPS22HB_air_temperature_tEv
                0x0000000008005f48       0x3e Drivers/BSP/Components/lps22hb/ros/lps22hb_rosWrapper.o
                0x0000000008005f48                LPS22HB_rosService::LPS22HB_air_temperature_t()
 .text._ZN18LPS22HB_rosService22LPS22HB_air_pressure_tEv
                0x0000000008005f86       0x3e Drivers/BSP/Components/lps22hb/ros/lps22hb_rosWrapper.o
                0x0000000008005f86                LPS22HB_rosService::LPS22HB_air_pressure_t()
 .text.new_C_LPS22HB_rosService
                0x0000000008005fc4       0x30 Drivers/BSP/Components/lps22hb/ros/lps22hb_rosWrapper.o
                0x0000000008005fc4                new_C_LPS22HB_rosService
 .text.del_C_LPS22HB_rosService
                0x0000000008005ff4       0x20 Drivers/BSP/Components/lps22hb/ros/lps22hb_rosWrapper.o
                0x0000000008005ff4                del_C_LPS22HB_rosService
 .text.LPS22HB_RosAdvertize
                0x0000000008006014       0x3c Drivers/BSP/Components/lps22hb/ros/lps22hb_rosWrapper.o
                0x0000000008006014                LPS22HB_RosAdvertize
 .text.LPS22HB_RosSetTemperature
                0x0000000008006050       0x38 Drivers/BSP/Components/lps22hb/ros/lps22hb_rosWrapper.o
                0x0000000008006050                LPS22HB_RosSetTemperature
 .text.LPS22HB_RosSetPressure
                0x0000000008006088       0x38 Drivers/BSP/Components/lps22hb/ros/lps22hb_rosWrapper.o
                0x0000000008006088                LPS22HB_RosSetPressure
 .text.LPS22HB_RosTemperaturePublish
                0x00000000080060c0       0x30 Drivers/BSP/Components/lps22hb/ros/lps22hb_rosWrapper.o
                0x00000000080060c0                LPS22HB_RosTemperaturePublish
 .text.LPS22HB_RosPressurePublish
                0x00000000080060f0       0x30 Drivers/BSP/Components/lps22hb/ros/lps22hb_rosWrapper.o
                0x00000000080060f0                LPS22HB_RosPressurePublish
 .text._ZN13geometry_msgs7Vector3C2Ev
                0x0000000008006120       0x50 Drivers/BSP/Components/lsm303agr/ros/lsm303agr_rosService.o
                0x0000000008006120                geometry_msgs::Vector3::Vector3()
                0x0000000008006120                geometry_msgs::Vector3::Vector3()
 .text._ZNK13geometry_msgs7Vector39serializeEPh
                0x0000000008006170      0x2e4 Drivers/BSP/Components/lsm303agr/ros/lsm303agr_rosService.o
                0x0000000008006170                geometry_msgs::Vector3::serialize(unsigned char*) const
 .text._ZN13geometry_msgs7Vector311deserializeEPh
                0x0000000008006454      0x524 Drivers/BSP/Components/lsm303agr/ros/lsm303agr_rosService.o
                0x0000000008006454                geometry_msgs::Vector3::deserialize(unsigned char*)
 .text._ZN13geometry_msgs7Vector37getTypeEv
                0x0000000008006978       0x1c Drivers/BSP/Components/lsm303agr/ros/lsm303agr_rosService.o
                0x0000000008006978                geometry_msgs::Vector3::getType()
 .text._ZN13geometry_msgs7Vector36getMD5Ev
                0x0000000008006994       0x1c Drivers/BSP/Components/lsm303agr/ros/lsm303agr_rosService.o
                0x0000000008006994                geometry_msgs::Vector3::getMD5()
 .text.LSM6DSL_RegisterBusIO
                0x00000000080069b0       0xcc Drivers/BSP/Components/lsm6dsl/lsm6dsl.o
                0x00000000080069b0                LSM6DSL_RegisterBusIO
 .text.LSM6DSL_Init
                0x0000000008006a7c      0x100 Drivers/BSP/Components/lsm6dsl/lsm6dsl.o
                0x0000000008006a7c                LSM6DSL_Init
 .text.LSM6DSL_DeInit
                0x0000000008006b7c       0x5c Drivers/BSP/Components/lsm6dsl/lsm6dsl.o
                0x0000000008006b7c                LSM6DSL_DeInit
 .text.LSM6DSL_ReadID
                0x0000000008006bd8       0x2c Drivers/BSP/Components/lsm6dsl/lsm6dsl.o
                0x0000000008006bd8                LSM6DSL_ReadID
 .text.LSM6DSL_GetCapabilities
                0x0000000008006c04       0x5c Drivers/BSP/Components/lsm6dsl/lsm6dsl.o
                0x0000000008006c04                LSM6DSL_GetCapabilities
 .text.LSM6DSL_ACC_Enable
                0x0000000008006c60       0x48 Drivers/BSP/Components/lsm6dsl/lsm6dsl.o
                0x0000000008006c60                LSM6DSL_ACC_Enable
 .text.LSM6DSL_ACC_Disable
                0x0000000008006ca8       0x5e Drivers/BSP/Components/lsm6dsl/lsm6dsl.o
                0x0000000008006ca8                LSM6DSL_ACC_Disable
 *fill*         0x0000000008006d06        0x2 
 .text.LSM6DSL_ACC_GetSensitivity
                0x0000000008006d08       0x8c Drivers/BSP/Components/lsm6dsl/lsm6dsl.o
                0x0000000008006d08                LSM6DSL_ACC_GetSensitivity
 .text.LSM6DSL_ACC_GetOutputDataRate
                0x0000000008006d94      0x108 Drivers/BSP/Components/lsm6dsl/lsm6dsl.o
                0x0000000008006d94                LSM6DSL_ACC_GetOutputDataRate
 .text.LSM6DSL_ACC_SetOutputDataRate
                0x0000000008006e9c       0x38 Drivers/BSP/Components/lsm6dsl/lsm6dsl.o
                0x0000000008006e9c                LSM6DSL_ACC_SetOutputDataRate
 .text.LSM6DSL_ACC_GetFullScale
                0x0000000008006ed4       0x7c Drivers/BSP/Components/lsm6dsl/lsm6dsl.o
                0x0000000008006ed4                LSM6DSL_ACC_GetFullScale
 .text.LSM6DSL_ACC_SetFullScale
                0x0000000008006f50       0x50 Drivers/BSP/Components/lsm6dsl/lsm6dsl.o
                0x0000000008006f50                LSM6DSL_ACC_SetFullScale
 .text.LSM6DSL_ACC_GetAxesRaw
                0x0000000008006fa0       0x48 Drivers/BSP/Components/lsm6dsl/lsm6dsl.o
                0x0000000008006fa0                LSM6DSL_ACC_GetAxesRaw
 .text.LSM6DSL_ACC_GetAxes
                0x0000000008006fe8       0xe0 Drivers/BSP/Components/lsm6dsl/lsm6dsl.o
                0x0000000008006fe8                LSM6DSL_ACC_GetAxes
 .text.LSM6DSL_GYRO_Enable
                0x00000000080070c8       0x48 Drivers/BSP/Components/lsm6dsl/lsm6dsl.o
                0x00000000080070c8                LSM6DSL_GYRO_Enable
 .text.LSM6DSL_GYRO_Disable
                0x0000000008007110       0x5e Drivers/BSP/Components/lsm6dsl/lsm6dsl.o
                0x0000000008007110                LSM6DSL_GYRO_Disable
 *fill*         0x000000000800716e        0x2 
 .text.LSM6DSL_GYRO_GetSensitivity
                0x0000000008007170       0xa4 Drivers/BSP/Components/lsm6dsl/lsm6dsl.o
                0x0000000008007170                LSM6DSL_GYRO_GetSensitivity
 .text.LSM6DSL_GYRO_GetOutputDataRate
                0x0000000008007214       0xf8 Drivers/BSP/Components/lsm6dsl/lsm6dsl.o
                0x0000000008007214                LSM6DSL_GYRO_GetOutputDataRate
 .text.LSM6DSL_GYRO_SetOutputDataRate
                0x000000000800730c       0x38 Drivers/BSP/Components/lsm6dsl/lsm6dsl.o
                0x000000000800730c                LSM6DSL_GYRO_SetOutputDataRate
 .text.LSM6DSL_GYRO_GetFullScale
                0x0000000008007344       0x94 Drivers/BSP/Components/lsm6dsl/lsm6dsl.o
                0x0000000008007344                LSM6DSL_GYRO_GetFullScale
 .text.LSM6DSL_GYRO_SetFullScale
                0x00000000080073d8       0x5e Drivers/BSP/Components/lsm6dsl/lsm6dsl.o
                0x00000000080073d8                LSM6DSL_GYRO_SetFullScale
 .text.LSM6DSL_GYRO_GetAxesRaw
                0x0000000008007436       0x48 Drivers/BSP/Components/lsm6dsl/lsm6dsl.o
                0x0000000008007436                LSM6DSL_GYRO_GetAxesRaw
 *fill*         0x000000000800747e        0x2 
 .text.LSM6DSL_GYRO_GetAxes
                0x0000000008007480       0xdc Drivers/BSP/Components/lsm6dsl/lsm6dsl.o
                0x0000000008007480                LSM6DSL_GYRO_GetAxes
 .text.LSM6DSL_Write_Reg
                0x000000000800755c       0x36 Drivers/BSP/Components/lsm6dsl/lsm6dsl.o
                0x000000000800755c                LSM6DSL_Write_Reg
 *fill*         0x0000000008007592        0x2 
 .text.LSM6DSL_ACC_SetOutputDataRate_When_Enabled
                0x0000000008007594      0x118 Drivers/BSP/Components/lsm6dsl/lsm6dsl.o
 .text.LSM6DSL_ACC_SetOutputDataRate_When_Disabled
                0x00000000080076ac      0x104 Drivers/BSP/Components/lsm6dsl/lsm6dsl.o
 .text.LSM6DSL_GYRO_SetOutputDataRate_When_Enabled
                0x00000000080077b0      0x118 Drivers/BSP/Components/lsm6dsl/lsm6dsl.o
 .text.LSM6DSL_GYRO_SetOutputDataRate_When_Disabled
                0x00000000080078c8      0x104 Drivers/BSP/Components/lsm6dsl/lsm6dsl.o
 .text.ReadRegWrap
                0x00000000080079cc       0x36 Drivers/BSP/Components/lsm6dsl/lsm6dsl.o
 .text.WriteRegWrap
                0x0000000008007a02       0x36 Drivers/BSP/Components/lsm6dsl/lsm6dsl.o
 .text.lsm6dsl_read_reg
                0x0000000008007a38       0x30 Drivers/BSP/Components/lsm6dsl/lsm6dsl_reg.o
                0x0000000008007a38                lsm6dsl_read_reg
 .text.lsm6dsl_write_reg
                0x0000000008007a68       0x30 Drivers/BSP/Components/lsm6dsl/lsm6dsl_reg.o
                0x0000000008007a68                lsm6dsl_write_reg
 .text.lsm6dsl_xl_full_scale_set
                0x0000000008007a98       0x4c Drivers/BSP/Components/lsm6dsl/lsm6dsl_reg.o
                0x0000000008007a98                lsm6dsl_xl_full_scale_set
 .text.lsm6dsl_xl_full_scale_get
                0x0000000008007ae4       0x70 Drivers/BSP/Components/lsm6dsl/lsm6dsl_reg.o
                0x0000000008007ae4                lsm6dsl_xl_full_scale_get
 .text.lsm6dsl_xl_data_rate_set
                0x0000000008007b54       0x4c Drivers/BSP/Components/lsm6dsl/lsm6dsl_reg.o
                0x0000000008007b54                lsm6dsl_xl_data_rate_set
 .text.lsm6dsl_xl_data_rate_get
                0x0000000008007ba0       0xd0 Drivers/BSP/Components/lsm6dsl/lsm6dsl_reg.o
                0x0000000008007ba0                lsm6dsl_xl_data_rate_get
 .text.lsm6dsl_gy_full_scale_set
                0x0000000008007c70       0x4c Drivers/BSP/Components/lsm6dsl/lsm6dsl_reg.o
                0x0000000008007c70                lsm6dsl_gy_full_scale_set
 .text.lsm6dsl_gy_full_scale_get
                0x0000000008007cbc       0x84 Drivers/BSP/Components/lsm6dsl/lsm6dsl_reg.o
                0x0000000008007cbc                lsm6dsl_gy_full_scale_get
 .text.lsm6dsl_gy_data_rate_set
                0x0000000008007d40       0x4c Drivers/BSP/Components/lsm6dsl/lsm6dsl_reg.o
                0x0000000008007d40                lsm6dsl_gy_data_rate_set
 .text.lsm6dsl_gy_data_rate_get
                0x0000000008007d8c       0xc4 Drivers/BSP/Components/lsm6dsl/lsm6dsl_reg.o
                0x0000000008007d8c                lsm6dsl_gy_data_rate_get
 .text.lsm6dsl_block_data_update_set
                0x0000000008007e50       0x4c Drivers/BSP/Components/lsm6dsl/lsm6dsl_reg.o
                0x0000000008007e50                lsm6dsl_block_data_update_set
 .text.lsm6dsl_angular_rate_raw_get
                0x0000000008007e9c       0x22 Drivers/BSP/Components/lsm6dsl/lsm6dsl_reg.o
                0x0000000008007e9c                lsm6dsl_angular_rate_raw_get
 .text.lsm6dsl_acceleration_raw_get
                0x0000000008007ebe       0x22 Drivers/BSP/Components/lsm6dsl/lsm6dsl_reg.o
                0x0000000008007ebe                lsm6dsl_acceleration_raw_get
 .text.lsm6dsl_device_id_get
                0x0000000008007ee0       0x22 Drivers/BSP/Components/lsm6dsl/lsm6dsl_reg.o
                0x0000000008007ee0                lsm6dsl_device_id_get
 .text.lsm6dsl_auto_increment_set
                0x0000000008007f02       0x4c Drivers/BSP/Components/lsm6dsl/lsm6dsl_reg.o
                0x0000000008007f02                lsm6dsl_auto_increment_set
 .text.lsm6dsl_fifo_mode_set
                0x0000000008007f4e       0x4c Drivers/BSP/Components/lsm6dsl/lsm6dsl_reg.o
                0x0000000008007f4e                lsm6dsl_fifo_mode_set
 *fill*         0x0000000008007f9a        0x2 
 .text._ZN13geometry_msgs10QuaternionC2Ev
                0x0000000008007f9c       0x5c Drivers/BSP/Components/lsm6dsl/ros/lsm6dsl_rosService.o
                0x0000000008007f9c                geometry_msgs::Quaternion::Quaternion()
                0x0000000008007f9c                geometry_msgs::Quaternion::Quaternion()
 .text._ZNK13geometry_msgs10Quaternion9serializeEPh
                0x0000000008007ff8      0x3d2 Drivers/BSP/Components/lsm6dsl/ros/lsm6dsl_rosService.o
                0x0000000008007ff8                geometry_msgs::Quaternion::serialize(unsigned char*) const
 .text._ZN13geometry_msgs10Quaternion11deserializeEPh
                0x00000000080083ca      0x6d2 Drivers/BSP/Components/lsm6dsl/ros/lsm6dsl_rosService.o
                0x00000000080083ca                geometry_msgs::Quaternion::deserialize(unsigned char*)
 .text._ZN13geometry_msgs10Quaternion7getTypeEv
                0x0000000008008a9c       0x1c Drivers/BSP/Components/lsm6dsl/ros/lsm6dsl_rosService.o
                0x0000000008008a9c                geometry_msgs::Quaternion::getType()
 .text._ZN13geometry_msgs10Quaternion6getMD5Ev
                0x0000000008008ab8       0x1c Drivers/BSP/Components/lsm6dsl/ros/lsm6dsl_rosService.o
                0x0000000008008ab8                geometry_msgs::Quaternion::getMD5()
 .text._ZN11sensor_msgs3ImuC2Ev
                0x0000000008008ad4       0xa8 Drivers/BSP/Components/lsm6dsl/ros/lsm6dsl_rosService.o
                0x0000000008008ad4                sensor_msgs::Imu::Imu()
                0x0000000008008ad4                sensor_msgs::Imu::Imu()
 .text._ZNK11sensor_msgs3Imu9serializeEPh
                0x0000000008008b7c      0x396 Drivers/BSP/Components/lsm6dsl/ros/lsm6dsl_rosService.o
                0x0000000008008b7c                sensor_msgs::Imu::serialize(unsigned char*) const
 .text._ZN11sensor_msgs3Imu11deserializeEPh
                0x0000000008008f12      0x588 Drivers/BSP/Components/lsm6dsl/ros/lsm6dsl_rosService.o
                0x0000000008008f12                sensor_msgs::Imu::deserialize(unsigned char*)
 *fill*         0x000000000800949a        0x2 
 .text._ZN11sensor_msgs3Imu7getTypeEv
                0x000000000800949c       0x1c Drivers/BSP/Components/lsm6dsl/ros/lsm6dsl_rosService.o
                0x000000000800949c                sensor_msgs::Imu::getType()
 .text._ZN11sensor_msgs3Imu6getMD5Ev
                0x00000000080094b8       0x1c Drivers/BSP/Components/lsm6dsl/ros/lsm6dsl_rosService.o
                0x00000000080094b8                sensor_msgs::Imu::getMD5()
 .text._ZN18LSM6DSL_rosService11getInstanceEv
                0x00000000080094d4       0x2c Drivers/BSP/Components/lsm6dsl/ros/lsm6dsl_rosService.o
                0x00000000080094d4                LSM6DSL_rosService::getInstance()
 .text._ZN18LSM6DSL_rosServiceC2EPKcPN11sensor_msgs3ImuE
                0x0000000008009500       0x3c Drivers/BSP/Components/lsm6dsl/ros/lsm6dsl_rosService.o
                0x0000000008009500                LSM6DSL_rosService::LSM6DSL_rosService(char const*, sensor_msgs::Imu*)
                0x0000000008009500                LSM6DSL_rosService::LSM6DSL_rosService(char const*, sensor_msgs::Imu*)
 .text._ZN18LSM6DSL_rosServiceC2Ev
                0x000000000800953c       0x34 Drivers/BSP/Components/lsm6dsl/ros/lsm6dsl_rosService.o
                0x000000000800953c                LSM6DSL_rosService::LSM6DSL_rosService()
                0x000000000800953c                LSM6DSL_rosService::LSM6DSL_rosService()
 .text._ZN18LSM6DSL_rosService20LSM6DSL_AdvertizeImuEv
                0x0000000008009570       0x40 Drivers/BSP/Components/lsm6dsl/ros/lsm6dsl_rosService.o
                0x0000000008009570                LSM6DSL_rosService::LSM6DSL_AdvertizeImu()
 .text._ZN18LSM6DSL_rosService18LSM6DSL_ImuPublishEv
                0x00000000080095b0       0x24 Drivers/BSP/Components/lsm6dsl/ros/lsm6dsl_rosService.o
                0x00000000080095b0                LSM6DSL_rosService::LSM6DSL_ImuPublish()
 .text._ZN18LSM6DSL_rosService13LSM6DSL_imu_tEv
                0x00000000080095d4       0x3e Drivers/BSP/Components/lsm6dsl/ros/lsm6dsl_rosWrapper.o
                0x00000000080095d4                LSM6DSL_rosService::LSM6DSL_imu_t()
 *fill*         0x0000000008009612        0x2 
 .text.new_C_LSM6DSL_rosService
                0x0000000008009614       0x30 Drivers/BSP/Components/lsm6dsl/ros/lsm6dsl_rosWrapper.o
                0x0000000008009614                new_C_LSM6DSL_rosService
 .text.del_C_LSM6DSL_rosService
                0x0000000008009644       0x20 Drivers/BSP/Components/lsm6dsl/ros/lsm6dsl_rosWrapper.o
                0x0000000008009644                del_C_LSM6DSL_rosService
 .text.LSM6DSL_RosAdvertize
                0x0000000008009664       0x48 Drivers/BSP/Components/lsm6dsl/ros/lsm6dsl_rosWrapper.o
                0x0000000008009664                LSM6DSL_RosAdvertize
 .text.LSM6DSL_RosSetAcceleration
                0x00000000080096ac       0x7c Drivers/BSP/Components/lsm6dsl/ros/lsm6dsl_rosWrapper.o
                0x00000000080096ac                LSM6DSL_RosSetAcceleration
 .text.LSM6DSL_RosSetGyroscope
                0x0000000008009728       0x7c Drivers/BSP/Components/lsm6dsl/ros/lsm6dsl_rosWrapper.o
                0x0000000008009728                LSM6DSL_RosSetGyroscope
 .text.LSM6DSL_RosImuPublish
                0x00000000080097a4       0x3c Drivers/BSP/Components/lsm6dsl/ros/lsm6dsl_rosWrapper.o
                0x00000000080097a4                LSM6DSL_RosImuPublish
 .text.IKS01A2_ENV_SENSOR_Init
                0x00000000080097e0      0x180 Drivers/BSP/IKS01A2/iks01a2_env_sensors.o
                0x00000000080097e0                IKS01A2_ENV_SENSOR_Init
 .text.IKS01A2_ENV_SENSOR_GetCapabilities
                0x0000000008009960       0x54 Drivers/BSP/IKS01A2/iks01a2_env_sensors.o
                0x0000000008009960                IKS01A2_ENV_SENSOR_GetCapabilities
 .text.IKS01A2_ENV_SENSOR_ReadID
                0x00000000080099b4       0x54 Drivers/BSP/IKS01A2/iks01a2_env_sensors.o
                0x00000000080099b4                IKS01A2_ENV_SENSOR_ReadID
 .text.IKS01A2_ENV_SENSOR_GetValue
                0x0000000008009a08       0x88 Drivers/BSP/IKS01A2/iks01a2_env_sensors.o
                0x0000000008009a08                IKS01A2_ENV_SENSOR_GetValue
 .text.HTS221_0_Probe
                0x0000000008009a90      0x17c Drivers/BSP/IKS01A2/iks01a2_env_sensors.o
 .text.LPS22HB_0_Probe
                0x0000000008009c0c      0x180 Drivers/BSP/IKS01A2/iks01a2_env_sensors.o
 .text.IKS01A2_MOTION_SENSOR_Init
                0x0000000008009d8c      0x110 Drivers/BSP/IKS01A2/iks01a2_motion_sensors.o
                0x0000000008009d8c                IKS01A2_MOTION_SENSOR_Init
 .text.IKS01A2_MOTION_SENSOR_GetCapabilities
                0x0000000008009e9c       0x54 Drivers/BSP/IKS01A2/iks01a2_motion_sensors.o
                0x0000000008009e9c                IKS01A2_MOTION_SENSOR_GetCapabilities
 .text.IKS01A2_MOTION_SENSOR_ReadID
                0x0000000008009ef0       0x54 Drivers/BSP/IKS01A2/iks01a2_motion_sensors.o
                0x0000000008009ef0                IKS01A2_MOTION_SENSOR_ReadID
 .text.IKS01A2_MOTION_SENSOR_GetAxes
                0x0000000008009f44       0x88 Drivers/BSP/IKS01A2/iks01a2_motion_sensors.o
                0x0000000008009f44                IKS01A2_MOTION_SENSOR_GetAxes
 .text.LSM6DSL_0_Probe
                0x0000000008009fcc      0x180 Drivers/BSP/IKS01A2/iks01a2_motion_sensors.o
 .text.HAL_Init
                0x000000000800a14c       0x44 Drivers/STM32F4xx_HAL_Driver/Src/stm32f4xx_hal.o
                0x000000000800a14c                HAL_Init
 .text.HAL_InitTick
                0x000000000800a190       0x60 Drivers/STM32F4xx_HAL_Driver/Src/stm32f4xx_hal.o
                0x000000000800a190                HAL_InitTick
 .text.HAL_IncTick
                0x000000000800a1f0       0x28 Drivers/STM32F4xx_HAL_Driver/Src/stm32f4xx_hal.o
                0x000000000800a1f0                HAL_IncTick
 .text.HAL_GetTick
                0x000000000800a218       0x18 Drivers/STM32F4xx_HAL_Driver/Src/stm32f4xx_hal.o
                0x000000000800a218                HAL_GetTick
 .text.HAL_Delay
                0x000000000800a230       0x44 Drivers/STM32F4xx_HAL_Driver/Src/stm32f4xx_hal.o
                0x000000000800a230                HAL_Delay
 .text.__NVIC_SetPriorityGrouping
                0x000000000800a274       0x48 Drivers/STM32F4xx_HAL_Driver/Src/stm32f4xx_hal_cortex.o
 .text.__NVIC_GetPriorityGrouping
                0x000000000800a2bc       0x1c Drivers/STM32F4xx_HAL_Driver/Src/stm32f4xx_hal_cortex.o
 .text.__NVIC_EnableIRQ
                0x000000000800a2d8       0x3c Drivers/STM32F4xx_HAL_Driver/Src/stm32f4xx_hal_cortex.o
 .text.__NVIC_SetPriority
                0x000000000800a314       0x54 Drivers/STM32F4xx_HAL_Driver/Src/stm32f4xx_hal_cortex.o
 .text.NVIC_EncodePriority
                0x000000000800a368       0x66 Drivers/STM32F4xx_HAL_Driver/Src/stm32f4xx_hal_cortex.o
 *fill*         0x000000000800a3ce        0x2 
 .text.SysTick_Config
                0x000000000800a3d0       0x44 Drivers/STM32F4xx_HAL_Driver/Src/stm32f4xx_hal_cortex.o
 .text.HAL_NVIC_SetPriorityGrouping
                0x000000000800a414       0x16 Drivers/STM32F4xx_HAL_Driver/Src/stm32f4xx_hal_cortex.o
                0x000000000800a414                HAL_NVIC_SetPriorityGrouping
 .text.HAL_NVIC_SetPriority
                0x000000000800a42a       0x38 Drivers/STM32F4xx_HAL_Driver/Src/stm32f4xx_hal_cortex.o
                0x000000000800a42a                HAL_NVIC_SetPriority
 .text.HAL_NVIC_EnableIRQ
                0x000000000800a462       0x1c Drivers/STM32F4xx_HAL_Driver/Src/stm32f4xx_hal_cortex.o
                0x000000000800a462                HAL_NVIC_EnableIRQ
 .text.HAL_SYSTICK_Config
                0x000000000800a47e       0x18 Drivers/STM32F4xx_HAL_Driver/Src/stm32f4xx_hal_cortex.o
                0x000000000800a47e                HAL_SYSTICK_Config
 *fill*         0x000000000800a496        0x2 
 .text.HAL_DMA_Init
                0x000000000800a498      0x15c Drivers/STM32F4xx_HAL_Driver/Src/stm32f4xx_hal_dma.o
                0x000000000800a498                HAL_DMA_Init
 .text.HAL_DMA_Start_IT
                0x000000000800a5f4       0xb0 Drivers/STM32F4xx_HAL_Driver/Src/stm32f4xx_hal_dma.o
                0x000000000800a5f4                HAL_DMA_Start_IT
 .text.HAL_DMA_Abort_IT
                0x000000000800a6a4       0x44 Drivers/STM32F4xx_HAL_Driver/Src/stm32f4xx_hal_dma.o
                0x000000000800a6a4                HAL_DMA_Abort_IT
 .text.HAL_DMA_IRQHandler
                0x000000000800a6e8      0x314 Drivers/STM32F4xx_HAL_Driver/Src/stm32f4xx_hal_dma.o
                0x000000000800a6e8                HAL_DMA_IRQHandler
 .text.DMA_SetConfig
                0x000000000800a9fc       0x5c Drivers/STM32F4xx_HAL_Driver/Src/stm32f4xx_hal_dma.o
 .text.DMA_CalcBaseAndBitshift
                0x000000000800aa58       0x6c Drivers/STM32F4xx_HAL_Driver/Src/stm32f4xx_hal_dma.o
 .text.DMA_CheckFifoParam
                0x000000000800aac4       0xf4 Drivers/STM32F4xx_HAL_Driver/Src/stm32f4xx_hal_dma.o
 .text.HAL_GPIO_Init
                0x000000000800abb8      0x304 Drivers/STM32F4xx_HAL_Driver/Src/stm32f4xx_hal_gpio.o
                0x000000000800abb8                HAL_GPIO_Init
 .text.HAL_GPIO_DeInit
                0x000000000800aebc      0x1c4 Drivers/STM32F4xx_HAL_Driver/Src/stm32f4xx_hal_gpio.o
                0x000000000800aebc                HAL_GPIO_DeInit
 .text.HAL_GPIO_WritePin
                0x000000000800b080       0x32 Drivers/STM32F4xx_HAL_Driver/Src/stm32f4xx_hal_gpio.o
                0x000000000800b080                HAL_GPIO_WritePin
 .text.HAL_GPIO_TogglePin
                0x000000000800b0b2       0x36 Drivers/STM32F4xx_HAL_Driver/Src/stm32f4xx_hal_gpio.o
                0x000000000800b0b2                HAL_GPIO_TogglePin
 .text.HAL_I2C_Init
                0x000000000800b0e8      0x270 Drivers/STM32F4xx_HAL_Driver/Src/stm32f4xx_hal_i2c.o
                0x000000000800b0e8                HAL_I2C_Init
 .text.HAL_I2C_DeInit
                0x000000000800b358       0x5e Drivers/STM32F4xx_HAL_Driver/Src/stm32f4xx_hal_i2c.o
                0x000000000800b358                HAL_I2C_DeInit
 .text.HAL_I2C_MspInit
                0x000000000800b3b6       0x14 Drivers/STM32F4xx_HAL_Driver/Src/stm32f4xx_hal_i2c.o
                0x000000000800b3b6                HAL_I2C_MspInit
 .text.HAL_I2C_MspDeInit
                0x000000000800b3ca       0x14 Drivers/STM32F4xx_HAL_Driver/Src/stm32f4xx_hal_i2c.o
                0x000000000800b3ca                HAL_I2C_MspDeInit
 *fill*         0x000000000800b3de        0x2 
 .text.HAL_I2C_Mem_Write
                0x000000000800b3e0      0x1f4 Drivers/STM32F4xx_HAL_Driver/Src/stm32f4xx_hal_i2c.o
                0x000000000800b3e0                HAL_I2C_Mem_Write
 .text.HAL_I2C_Mem_Read
                0x000000000800b5d4      0x44c Drivers/STM32F4xx_HAL_Driver/Src/stm32f4xx_hal_i2c.o
                0x000000000800b5d4                HAL_I2C_Mem_Read
 .text.HAL_I2C_GetState
                0x000000000800ba20       0x1c Drivers/STM32F4xx_HAL_Driver/Src/stm32f4xx_hal_i2c.o
                0x000000000800ba20                HAL_I2C_GetState
 .text.HAL_I2C_GetError
                0x000000000800ba3c       0x18 Drivers/STM32F4xx_HAL_Driver/Src/stm32f4xx_hal_i2c.o
                0x000000000800ba3c                HAL_I2C_GetError
 .text.I2C_RequestMemoryWrite
                0x000000000800ba54      0x128 Drivers/STM32F4xx_HAL_Driver/Src/stm32f4xx_hal_i2c.o
 .text.I2C_RequestMemoryRead
                0x000000000800bb7c      0x1cc Drivers/STM32F4xx_HAL_Driver/Src/stm32f4xx_hal_i2c.o
 .text.I2C_WaitOnFlagUntilTimeout
                0x000000000800bd48       0xae Drivers/STM32F4xx_HAL_Driver/Src/stm32f4xx_hal_i2c.o
 .text.I2C_WaitOnMasterAddressFlagUntilTimeout
                0x000000000800bdf6       0xfe Drivers/STM32F4xx_HAL_Driver/Src/stm32f4xx_hal_i2c.o
 .text.I2C_WaitOnTXEFlagUntilTimeout
                0x000000000800bef4       0x82 Drivers/STM32F4xx_HAL_Driver/Src/stm32f4xx_hal_i2c.o
 .text.I2C_WaitOnBTFFlagUntilTimeout
                0x000000000800bf76       0x82 Drivers/STM32F4xx_HAL_Driver/Src/stm32f4xx_hal_i2c.o
 .text.I2C_WaitOnRXNEFlagUntilTimeout
                0x000000000800bff8       0xac Drivers/STM32F4xx_HAL_Driver/Src/stm32f4xx_hal_i2c.o
 .text.I2C_IsAcknowledgeFailed
                0x000000000800c0a4       0x5e Drivers/STM32F4xx_HAL_Driver/Src/stm32f4xx_hal_i2c.o
 *fill*         0x000000000800c102        0x2 
 .text.HAL_RCC_OscConfig
                0x000000000800c104      0x4e0 Drivers/STM32F4xx_HAL_Driver/Src/stm32f4xx_hal_rcc.o
                0x000000000800c104                HAL_RCC_OscConfig
 .text.HAL_RCC_ClockConfig
                0x000000000800c5e4      0x1cc Drivers/STM32F4xx_HAL_Driver/Src/stm32f4xx_hal_rcc.o
                0x000000000800c5e4                HAL_RCC_ClockConfig
 .text.HAL_RCC_GetSysClockFreq
                0x000000000800c7b0      0x1b0 Drivers/STM32F4xx_HAL_Driver/Src/stm32f4xx_hal_rcc.o
                0x000000000800c7b0                HAL_RCC_GetSysClockFreq
 .text.HAL_RCC_GetHCLKFreq
                0x000000000800c960       0x18 Drivers/STM32F4xx_HAL_Driver/Src/stm32f4xx_hal_rcc.o
                0x000000000800c960                HAL_RCC_GetHCLKFreq
 .text.HAL_RCC_GetPCLK1Freq
                0x000000000800c978       0x28 Drivers/STM32F4xx_HAL_Driver/Src/stm32f4xx_hal_rcc.o
                0x000000000800c978                HAL_RCC_GetPCLK1Freq
 .text.HAL_RCC_GetPCLK2Freq
                0x000000000800c9a0       0x28 Drivers/STM32F4xx_HAL_Driver/Src/stm32f4xx_hal_rcc.o
                0x000000000800c9a0                HAL_RCC_GetPCLK2Freq
 .text.HAL_UART_Init
                0x000000000800c9c8       0xb4 Drivers/STM32F4xx_HAL_Driver/Src/stm32f4xx_hal_uart.o
                0x000000000800c9c8                HAL_UART_Init
 .text.HAL_UART_Transmit_DMA
                0x000000000800ca7c       0xd8 Drivers/STM32F4xx_HAL_Driver/Src/stm32f4xx_hal_uart.o
                0x000000000800ca7c                HAL_UART_Transmit_DMA
 .text.HAL_UART_Receive_DMA
                0x000000000800cb54      0x100 Drivers/STM32F4xx_HAL_Driver/Src/stm32f4xx_hal_uart.o
                0x000000000800cb54                HAL_UART_Receive_DMA
 .text.HAL_UART_IRQHandler
                0x000000000800cc54      0x208 Drivers/STM32F4xx_HAL_Driver/Src/stm32f4xx_hal_uart.o
                0x000000000800cc54                HAL_UART_IRQHandler
 .text.HAL_UART_TxHalfCpltCallback
                0x000000000800ce5c       0x14 Drivers/STM32F4xx_HAL_Driver/Src/stm32f4xx_hal_uart.o
                0x000000000800ce5c                HAL_UART_TxHalfCpltCallback
 .text.HAL_UART_RxHalfCpltCallback
                0x000000000800ce70       0x14 Drivers/STM32F4xx_HAL_Driver/Src/stm32f4xx_hal_uart.o
                0x000000000800ce70                HAL_UART_RxHalfCpltCallback
 .text.HAL_UART_ErrorCallback
                0x000000000800ce84       0x14 Drivers/STM32F4xx_HAL_Driver/Src/stm32f4xx_hal_uart.o
                0x000000000800ce84                HAL_UART_ErrorCallback
 .text.HAL_UART_AbortCpltCallback
                0x000000000800ce98       0x14 Drivers/STM32F4xx_HAL_Driver/Src/stm32f4xx_hal_uart.o
                0x000000000800ce98                HAL_UART_AbortCpltCallback
 .text.HAL_UART_AbortTransmitCpltCallback
                0x000000000800ceac       0x14 Drivers/STM32F4xx_HAL_Driver/Src/stm32f4xx_hal_uart.o
                0x000000000800ceac                HAL_UART_AbortTransmitCpltCallback
 .text.HAL_UART_AbortReceiveCpltCallback
                0x000000000800cec0       0x14 Drivers/STM32F4xx_HAL_Driver/Src/stm32f4xx_hal_uart.o
                0x000000000800cec0                HAL_UART_AbortReceiveCpltCallback
 .text.UART_InitCallbacksToDefault
                0x000000000800ced4       0x64 Drivers/STM32F4xx_HAL_Driver/Src/stm32f4xx_hal_uart.o
                0x000000000800ced4                UART_InitCallbacksToDefault
 .text.UART_DMATransmitCplt
                0x000000000800cf38       0x54 Drivers/STM32F4xx_HAL_Driver/Src/stm32f4xx_hal_uart.o
 .text.UART_DMATxHalfCplt
                0x000000000800cf8c       0x1e Drivers/STM32F4xx_HAL_Driver/Src/stm32f4xx_hal_uart.o
 .text.UART_DMAReceiveCplt
                0x000000000800cfaa       0x6a Drivers/STM32F4xx_HAL_Driver/Src/stm32f4xx_hal_uart.o
 .text.UART_DMARxHalfCplt
                0x000000000800d014       0x1e Drivers/STM32F4xx_HAL_Driver/Src/stm32f4xx_hal_uart.o
 .text.UART_DMAError
                0x000000000800d032       0x96 Drivers/STM32F4xx_HAL_Driver/Src/stm32f4xx_hal_uart.o
 .text.UART_EndTxTransfer
                0x000000000800d0c8       0x2c Drivers/STM32F4xx_HAL_Driver/Src/stm32f4xx_hal_uart.o
 .text.UART_EndRxTransfer
                0x000000000800d0f4       0x3c Drivers/STM32F4xx_HAL_Driver/Src/stm32f4xx_hal_uart.o
 .text.UART_DMAAbortOnError
                0x000000000800d130       0x2a Drivers/STM32F4xx_HAL_Driver/Src/stm32f4xx_hal_uart.o
 .text.UART_Transmit_IT
                0x000000000800d15a       0xac Drivers/STM32F4xx_HAL_Driver/Src/stm32f4xx_hal_uart.o
 .text.UART_EndTransmit_IT
                0x000000000800d206       0x32 Drivers/STM32F4xx_HAL_Driver/Src/stm32f4xx_hal_uart.o
 .text.UART_Receive_IT
                0x000000000800d238      0x104 Drivers/STM32F4xx_HAL_Driver/Src/stm32f4xx_hal_uart.o
 .text.UART_SetConfig
                0x000000000800d33c      0x6f8 Drivers/STM32F4xx_HAL_Driver/Src/stm32f4xx_hal_uart.o
 .text.MX_MEMS_Init
                0x000000000800da34        0xc MEMS/App/app_x-cube-mems1.o
                0x000000000800da34                MX_MEMS_Init
 .text.MX_MEMS_Process
                0x000000000800da40        0xc MEMS/App/app_x-cube-mems1.o
                0x000000000800da40                MX_MEMS_Process
 .text.MX_IKS01A2_DataLogTerminal_Init
                0x000000000800da4c       0x78 MEMS/App/app_x-cube-mems1.o
 .text.MX_IKS01A2_DataLogTerminal_Process
                0x000000000800dac4      0x104 MEMS/App/app_x-cube-mems1.o
 .text.APP_X_MOTION_SENSOR_GetWhoAmI
                0x000000000800dbc8       0x1a MEMS/App/app_x-cube-mems1.o
 .text.APP_X_ENV_SENSOR_GetWhoAmI
                0x000000000800dbe2       0x1a MEMS/App/app_x-cube-mems1.o
 .text.Accelero_Sensor_Handler
                0x000000000800dbfc       0x28 MEMS/App/app_x-cube-mems1.o
 .text.Gyro_Sensor_Handler
                0x000000000800dc24       0x28 MEMS/App/app_x-cube-mems1.o
 .text.Magneto_Sensor_Handler
                0x000000000800dc4c       0x28 MEMS/App/app_x-cube-mems1.o
 .text.Temp_Sensor_Handler
                0x000000000800dc74       0x28 MEMS/App/app_x-cube-mems1.o
 .text.Press_Sensor_Handler
                0x000000000800dc9c       0x28 MEMS/App/app_x-cube-mems1.o
 .text.Hum_Sensor_Handler
                0x000000000800dcc4       0x28 MEMS/App/app_x-cube-mems1.o
 .text.__cxa_pure_virtual
                0x000000000800dcec        0x6 /home/fofolevrai/st/stm32cubeide_1.3.0/plugins/com.st.stm32cube.ide.mcu.externaltools.gnu-tools-for-stm32.7-2018-q2-update.linux64_1.0.0.201904181610/tools/bin/../lib/gcc/arm-none-eabi/7.3.1/../../../../arm-none-eabi/lib/thumb/v7e-m/fpv4-sp/hard/libstdc++_nano.a(pure.o)
                0x000000000800dcec                __cxa_pure_virtual
 .text._ZdlPvj  0x000000000800dcf2        0x4 /home/fofolevrai/st/stm32cubeide_1.3.0/plugins/com.st.stm32cube.ide.mcu.externaltools.gnu-tools-for-stm32.7-2018-q2-update.linux64_1.0.0.201904181610/tools/bin/../lib/gcc/arm-none-eabi/7.3.1/../../../../arm-none-eabi/lib/thumb/v7e-m/fpv4-sp/hard/libstdc++_nano.a(del_ops.o)
                0x000000000800dcf2                operator delete(void*, unsigned int)
 .text._Znwj    0x000000000800dcf6       0x22 /home/fofolevrai/st/stm32cubeide_1.3.0/plugins/com.st.stm32cube.ide.mcu.externaltools.gnu-tools-for-stm32.7-2018-q2-update.linux64_1.0.0.201904181610/tools/bin/../lib/gcc/arm-none-eabi/7.3.1/../../../../arm-none-eabi/lib/thumb/v7e-m/fpv4-sp/hard/libstdc++_nano.a(new_op.o)
                0x000000000800dcf6                operator new(unsigned int)
 .text._ZSt15get_new_handlerv
                0x000000000800dd18       0x10 /home/fofolevrai/st/stm32cubeide_1.3.0/plugins/com.st.stm32cube.ide.mcu.externaltools.gnu-tools-for-stm32.7-2018-q2-update.linux64_1.0.0.201904181610/tools/bin/../lib/gcc/arm-none-eabi/7.3.1/../../../../arm-none-eabi/lib/thumb/v7e-m/fpv4-sp/hard/libstdc++_nano.a(new_handler.o)
                0x000000000800dd18                std::get_new_handler()
 .text._ZdlPv   0x000000000800dd28        0x4 /home/fofolevrai/st/stm32cubeide_1.3.0/plugins/com.st.stm32cube.ide.mcu.externaltools.gnu-tools-for-stm32.7-2018-q2-update.linux64_1.0.0.201904181610/tools/bin/../lib/gcc/arm-none-eabi/7.3.1/../../../../arm-none-eabi/lib/thumb/v7e-m/fpv4-sp/hard/libstdc++_nano.a(del_op.o)
                0x000000000800dd28                operator delete(void*)
 .text._ZN10__cxxabiv111__terminateEPFvvE
                0x000000000800dd2c        0x8 /home/fofolevrai/st/stm32cubeide_1.3.0/plugins/com.st.stm32cube.ide.mcu.externaltools.gnu-tools-for-stm32.7-2018-q2-update.linux64_1.0.0.201904181610/tools/bin/../lib/gcc/arm-none-eabi/7.3.1/../../../../arm-none-eabi/lib/thumb/v7e-m/fpv4-sp/hard/libstdc++_nano.a(eh_terminate.o)
                0x000000000800dd2c                __cxxabiv1::__terminate(void (*)())
 .text._ZSt13get_terminatev
                0x000000000800dd34       0x10 /home/fofolevrai/st/stm32cubeide_1.3.0/plugins/com.st.stm32cube.ide.mcu.externaltools.gnu-tools-for-stm32.7-2018-q2-update.linux64_1.0.0.201904181610/tools/bin/../lib/gcc/arm-none-eabi/7.3.1/../../../../arm-none-eabi/lib/thumb/v7e-m/fpv4-sp/hard/libstdc++_nano.a(eh_terminate.o)
                0x000000000800dd34                std::get_terminate()
 .text._ZSt9terminatev