lsm303agr.c:113:9:LSM303AGR_ACC_RegisterBusIO	24	static
lsm303agr.c:170:9:LSM303AGR_ACC_Init	16	static
lsm303agr.c:220:9:LSM303AGR_ACC_DeInit	16	static
lsm303agr.c:241:9:LSM303AGR_ACC_ReadID	16	static
lsm303agr.c:257:9:LSM303AGR_ACC_GetCapabilities	16	static
lsm303agr.c:280:9:LSM303AGR_ACC_Enable	16	static
lsm303agr.c:304:9:LSM303AGR_ACC_Disable	16	static
lsm303agr.c:335:9:LSM303AGR_ACC_GetSensitivity	24	static
lsm303agr.c:384:9:LSM303AGR_ACC_GetOutputDataRate	24	static
lsm303agr.c:506:9:LSM303AGR_ACC_SetOutputDataRate	16	static
lsm303agr.c:525:9:LSM303AGR_ACC_GetFullScale	24	static
lsm303agr.c:568:9:LSM303AGR_ACC_SetFullScale	24	static
lsm303agr.c:591:9:LSM303AGR_ACC_GetAxesRaw	40	static
lsm303agr.c:649:9:LSM303AGR_ACC_GetAxes	32	static
lsm303agr.c:685:9:LSM303AGR_ACC_Read_Reg	24	static
lsm303agr.c:702:9:LSM303AGR_ACC_Write_Reg	16	static
lsm303agr.c:718:9:LSM303AGR_ACC_Get_DRDY_Status	16	static
lsm303agr.c:734:9:LSM303AGR_ACC_Get_Init_Status	16	static
lsm303agr.c:751:9:LSM303AGR_MAG_RegisterBusIO	24	static
lsm303agr.c:806:9:LSM303AGR_MAG_Init	16	static
lsm303agr.c:852:9:LSM303AGR_MAG_DeInit	16	static
lsm303agr.c:871:9:LSM303AGR_MAG_ReadID	16	static
lsm303agr.c:887:9:LSM303AGR_MAG_GetCapabilities	16	static
lsm303agr.c:910:9:LSM303AGR_MAG_Enable	16	static
lsm303agr.c:934:9:LSM303AGR_MAG_Disable	16	static
lsm303agr.c:959:9:LSM303AGR_MAG_GetSensitivity	16	static
lsm303agr.c:972:9:LSM303AGR_MAG_GetOutputDataRate	24	static
lsm303agr.c:1015:9:LSM303AGR_MAG_SetOutputDataRate	24	static
lsm303agr.c:1039:9:LSM303AGR_MAG_GetFullScale	16	static
lsm303agr.c:1052:9:LSM303AGR_MAG_SetFullScale	16	static
lsm303agr.c:1063:9:LSM303AGR_MAG_GetAxesRaw	24	static
lsm303agr.c:1087:9:LSM303AGR_MAG_GetAxes	32	static
lsm303agr.c:1120:9:LSM303AGR_MAG_Read_Reg	24	static
lsm303agr.c:1137:9:LSM303AGR_MAG_Write_Reg	16	static
lsm303agr.c:1153:9:LSM303AGR_MAG_Get_DRDY_Status	16	static
lsm303agr.c:1169:9:LSM303AGR_MAG_Get_Init_Status	16	static
lsm303agr.c:1195:16:LSM303AGR_ACC_GetSensitivityHR	24	static
lsm303agr.c:1239:16:LSM303AGR_ACC_GetSensitivityNM	24	static
lsm303agr.c:1283:16:LSM303AGR_ACC_GetSensitivityLP	24	static
lsm303agr.c:1327:16:LSM303AGR_ACC_SetOutputDataRate_When_Enabled	24	static
lsm303agr.c:1354:16:LSM303AGR_ACC_SetOutputDataRate_When_Disabled	16	static
lsm303agr.c:1375:16:ReadAccRegWrap	40	static
lsm303agr.c:1399:16:WriteAccRegWrap	40	static
lsm303agr.c:1423:16:ReadMagRegWrap	40	static
lsm303agr.c:1447:16:WriteMagRegWrap	40	static
