time.h:51:3:ros::Time::Time()	16	static
msg.h:45:7:constexpr ros::Msg::Msg()	16	static
publisher.h:48:3:ros::Publisher::Publisher(const char*, ros::Msg*, int)	24	static
publisher.h:53:7:int ros::Publisher::publish(const ros::Msg*)	16	static
Vector3.h:22:5:geometry_msgs::Vector3::Vector3()	24	static
Vector3.h:29:17:virtual int geometry_msgs::Vector3::serialize(unsigned char*) const	48	static
Vector3.h:77:17:virtual int geometry_msgs::Vector3::deserialize(unsigned char*)	80	static
Vector3.h:128:18:virtual const char* geometry_msgs::Vector3::getType()	16	static
Vector3.h:129:18:virtual const char* geometry_msgs::Vector3::getMD5()	16	static
Header.h:23:5:std_msgs::Header::Header()	16	static
Header.h:30:17:virtual int std_msgs::Header::serialize(unsigned char*) const	24	static
Header.h:56:17:virtual int std_msgs::Header::deserialize(unsigned char*)	32	static
Header.h:86:18:virtual const char* std_msgs::Header::getType()	16	static
Header.h:87:18:virtual const char* std_msgs::Header::getMD5()	16	static
Quaternion.h:24:5:geometry_msgs::Quaternion::Quaternion()	24	static
Quaternion.h:32:17:virtual int geometry_msgs::Quaternion::serialize(unsigned char*) const	56	static
Quaternion.h:94:17:virtual int geometry_msgs::Quaternion::deserialize(unsigned char*)	104	static
Quaternion.h:160:18:virtual const char* geometry_msgs::Quaternion::getType()	16	static
Quaternion.h:161:18:virtual const char* geometry_msgs::Quaternion::getMD5()	16	static
Imu.h:30:5:sensor_msgs::Imu::Imu()	16	static
Imu.h:41:17:virtual int sensor_msgs::Imu::serialize(unsigned char*) const	64	static
Imu.h:99:17:virtual int sensor_msgs::Imu::deserialize(unsigned char*)	104	static
Imu.h:160:18:virtual const char* sensor_msgs::Imu::getType()	16	static
Imu.h:161:18:virtual const char* sensor_msgs::Imu::getMD5()	16	static
lsm6dsl_rosService.cpp:13:22:static LSM6DSL_rosService* LSM6DSL_rosService::getInstance()	16	static
lsm6dsl_rosService.cpp:23:1:LSM6DSL_rosService::LSM6DSL_rosService(const char*, sensor_msgs::Imu*)	24	static
lsm6dsl_rosService.cpp:35:1:LSM6DSL_rosService::LSM6DSL_rosService()	24	static
lsm6dsl_rosService.cpp:41:9:int32_t LSM6DSL_rosService::LSM6DSL_AdvertizeImu()	16	static
lsm6dsl_rosService.cpp:57:9:int32_t LSM6DSL_rosService::LSM6DSL_ImuPublish()	16	static
msg.h:129:15:static void ros::Msg::varToArr(A, V) [with A = unsigned char*; V = long unsigned int]	24	static
msg.h:137:15:static void ros::Msg::arrToVar(V&, A) [with V = long unsigned int; A = unsigned char*]	24	static
node_handle.h:417:8:bool ros::NodeHandle_<Hardware, MAX_SUBSCRIBERS, MAX_PUBLISHERS, INPUT_SIZE, OUTPUT_SIZE>::advertise(ros::Publisher&) [with Hardware = STM32Hardware; int MAX_SUBSCRIBERS = 25; int MAX_PUBLISHERS = 25; int INPUT_SIZE = 512; int OUTPUT_SIZE = 512]	24	static
