Archive member included to satisfy reference by file (symbol)

/home/fofolevrai/st/stm32cubeide_1.3.0/plugins/com.st.stm32cube.ide.mcu.externaltools.gnu-tools-for-stm32.7-2018-q2-update.linux64_1.0.0.201904181610/tools/bin/../lib/gcc/arm-none-eabi/7.3.1/../../../../arm-none-eabi/lib/thumb/v7e-m/fpv4-sp/hard/libstdc++_nano.a(pure.o)
                              Core/Src/mainpp.o (__cxa_pure_virtual)
/home/fofolevrai/st/stm32cubeide_1.3.0/plugins/com.st.stm32cube.ide.mcu.externaltools.gnu-tools-for-stm32.7-2018-q2-update.linux64_1.0.0.201904181610/tools/bin/../lib/gcc/arm-none-eabi/7.3.1/../../../../arm-none-eabi/lib/thumb/v7e-m/fpv4-sp/hard/libstdc++_nano.a(eh_terminate.o)
                              /home/fofolevrai/st/stm32cubeide_1.3.0/plugins/com.st.stm32cube.ide.mcu.externaltools.gnu-tools-for-stm32.7-2018-q2-update.linux64_1.0.0.201904181610/tools/bin/../lib/gcc/arm-none-eabi/7.3.1/../../../../arm-none-eabi/lib/thumb/v7e-m/fpv4-sp/hard/libstdc++_nano.a(pure.o) (std::terminate())
/home/fofolevrai/st/stm32cubeide_1.3.0/plugins/com.st.stm32cube.ide.mcu.externaltools.gnu-tools-for-stm32.7-2018-q2-update.linux64_1.0.0.201904181610/tools/bin/../lib/gcc/arm-none-eabi/7.3.1/../../../../arm-none-eabi/lib/thumb/v7e-m/fpv4-sp/hard/libstdc++_nano.a(eh_unex_handler.o)
                              /home/fofolevrai/st/stm32cubeide_1.3.0/plugins/com.st.stm32cube.ide.mcu.externaltools.gnu-tools-for-stm32.7-2018-q2-update.linux64_1.0.0.201904181610/tools/bin/../lib/gcc/arm-none-eabi/7.3.1/../../../../arm-none-eabi/lib/thumb/v7e-m/fpv4-sp/hard/libstdc++_nano.a(eh_terminate.o) (__cxxabiv1::__unexpected_handler)
/home/fofolevrai/st/stm32cubeide_1.3.0/plugins/com.st.stm32cube.ide.mcu.externaltools.gnu-tools-for-stm32.7-2018-q2-update.linux64_1.0.0.201904181610/tools/bin/../lib/gcc/arm-none-eabi/7.3.1/../../../../arm-none-eabi/lib/thumb/v7e-m/fpv4-sp/hard/libstdc++_nano.a(eh_term_handler.o)
                              /home/fofolevrai/st/stm32cubeide_1.3.0/plugins/com.st.stm32cube.ide.mcu.externaltools.gnu-tools-for-stm32.7-2018-q2-update.linux64_1.0.0.201904181610/tools/bin/../lib/gcc/arm-none-eabi/7.3.1/../../../../arm-none-eabi/lib/thumb/v7e-m/fpv4-sp/hard/libstdc++_nano.a(eh_terminate.o) (__cxxabiv1::__terminate_handler)
/home/fofolevrai/st/stm32cubeide_1.3.0/plugins/com.st.stm32cube.ide.mcu.externaltools.gnu-tools-for-stm32.7-2018-q2-update.linux64_1.0.0.201904181610/tools/bin/../lib/gcc/arm-none-eabi/7.3.1/../../../../arm-none-eabi/lib/thumb/v7e-m/fpv4-sp/hard/libc_nano.a(lib_a-abort.o)
                              /home/fofolevrai/st/stm32cubeide_1.3.0/plugins/com.st.stm32cube.ide.mcu.externaltools.gnu-tools-for-stm32.7-2018-q2-update.linux64_1.0.0.201904181610/tools/bin/../lib/gcc/arm-none-eabi/7.3.1/../../../../arm-none-eabi/lib/thumb/v7e-m/fpv4-sp/hard/libstdc++_nano.a(eh_terminate.o) (abort)
/home/fofolevrai/st/stm32cubeide_1.3.0/plugins/com.st.stm32cube.ide.mcu.externaltools.gnu-tools-for-stm32.7-2018-q2-update.linux64_1.0.0.201904181610/tools/bin/../lib/gcc/arm-none-eabi/7.3.1/../../../../arm-none-eabi/lib/thumb/v7e-m/fpv4-sp/hard/libc_nano.a(lib_a-errno.o)
                              Core/Src/syscalls.o (__errno)
/home/fofolevrai/st/stm32cubeide_1.3.0/plugins/com.st.stm32cube.ide.mcu.externaltools.gnu-tools-for-stm32.7-2018-q2-update.linux64_1.0.0.201904181610/tools/bin/../lib/gcc/arm-none-eabi/7.3.1/../../../../arm-none-eabi/lib/thumb/v7e-m/fpv4-sp/hard/libc_nano.a(lib_a-exit.o)
                              /home/fofolevrai/st/stm32cubeide_1.3.0/plugins/com.st.stm32cube.ide.mcu.externaltools.gnu-tools-for-stm32.7-2018-q2-update.linux64_1.0.0.201904181610/tools/bin/../lib/gcc/arm-none-eabi/7.3.1/../../../../arm-none-eabi/lib/thumb/v7e-m/fpv4-sp/hard/crt0.o (exit)
/home/fofolevrai/st/stm32cubeide_1.3.0/plugins/com.st.stm32cube.ide.mcu.externaltools.gnu-tools-for-stm32.7-2018-q2-update.linux64_1.0.0.201904181610/tools/bin/../lib/gcc/arm-none-eabi/7.3.1/../../../../arm-none-eabi/lib/thumb/v7e-m/fpv4-sp/hard/libc_nano.a(lib_a-impure.o)
                              /home/fofolevrai/st/stm32cubeide_1.3.0/plugins/com.st.stm32cube.ide.mcu.externaltools.gnu-tools-for-stm32.7-2018-q2-update.linux64_1.0.0.201904181610/tools/bin/../lib/gcc/arm-none-eabi/7.3.1/../../../../arm-none-eabi/lib/thumb/v7e-m/fpv4-sp/hard/libc_nano.a(lib_a-exit.o) (_global_impure_ptr)
/home/fofolevrai/st/stm32cubeide_1.3.0/plugins/com.st.stm32cube.ide.mcu.externaltools.gnu-tools-for-stm32.7-2018-q2-update.linux64_1.0.0.201904181610/tools/bin/../lib/gcc/arm-none-eabi/7.3.1/../../../../arm-none-eabi/lib/thumb/v7e-m/fpv4-sp/hard/libc_nano.a(lib_a-init.o)
                              /home/fofolevrai/st/stm32cubeide_1.3.0/plugins/com.st.stm32cube.ide.mcu.externaltools.gnu-tools-for-stm32.7-2018-q2-update.linux64_1.0.0.201904181610/tools/bin/../lib/gcc/arm-none-eabi/7.3.1/../../../../arm-none-eabi/lib/thumb/v7e-m/fpv4-sp/hard/crt0.o (__libc_init_array)
[...]
Memory Configuration

Name             Origin             Length             Attributes
RAM              0x0000000020000000 0x0000000000018000 xrw
FLASH            0x0000000008000000 0x0000000000080000 xr
*default*        0x0000000000000000 0xffffffffffffffff

Linker script and memory map

LOAD /home/fofolevrai/st/stm32cubeide_1.3.0/plugins/com.st.stm32cube.ide.mcu.externaltools.gnu-tools-for-stm32.7-2018-q2-update.linux64_1.0.0.201904181610/tools/bin/../lib/gcc/arm-none-eabi/7.3.1/thumb/v7e-m/fpv4-sp/hard/crti.o
LOAD /home/fofolevrai/st/stm32cubeide_1.3.0/plugins/com.st.stm32cube.ide.mcu.externaltools.gnu-tools-for-stm32.7-2018-q2-update.linux64_1.0.0.201904181610/tools/bin/../lib/gcc/arm-none-eabi/7.3.1/thumb/v7e-m/fpv4-sp/hard/crtbegin.o
LOAD /home/fofolevrai/st/stm32cubeide_1.3.0/plugins/com.st.stm32cube.ide.mcu.externaltools.gnu-tools-for-stm32.7-2018-q2-update.linux64_1.0.0.201904181610/tools/bin/../lib/gcc/arm-none-eabi/7.3.1/../../../../arm-none-eabi/lib/thumb/v7e-m/fpv4-sp/hard/crt0.o
LOAD Core/Inc/duration.o
LOAD Core/Inc/time.o
LOAD Core/Src/main.o
LOAD Core/Src/mainpp.o
LOAD Core/Src/stm32f4xx_hal_msp.o
LOAD Core/Src/stm32f4xx_it.o
LOAD Core/Src/syscalls.o
LOAD Core/Src/sysmem.o
LOAD Core/Src/system_stm32f4xx.o
LOAD Core/Startup/startup_stm32f401retx.o
LOAD Drivers/STM32F4xx_HAL_Driver/Src/stm32f4xx_hal.o
LOAD Drivers/STM32F4xx_HAL_Driver/Src/stm32f4xx_hal_cortex.o
LOAD Drivers/STM32F4xx_HAL_Driver/Src/stm32f4xx_hal_dma.o
LOAD Drivers/STM32F4xx_HAL_Driver/Src/stm32f4xx_hal_dma_ex.o
LOAD Drivers/STM32F4xx_HAL_Driver/Src/stm32f4xx_hal_exti.o
LOAD Drivers/STM32F4xx_HAL_Driver/Src/stm32f4xx_hal_flash.o
LOAD Drivers/STM32F4xx_HAL_Driver/Src/stm32f4xx_hal_flash_ex.o
LOAD Drivers/STM32F4xx_HAL_Driver/Src/stm32f4xx_hal_flash_ramfunc.o
LOAD Drivers/STM32F4xx_HAL_Driver/Src/stm32f4xx_hal_gpio.o
LOAD Drivers/STM32F4xx_HAL_Driver/Src/stm32f4xx_hal_i2c.o
LOAD Drivers/STM32F4xx_HAL_Driver/Src/stm32f4xx_hal_i2c_ex.o
LOAD Drivers/STM32F4xx_HAL_Driver/Src/stm32f4xx_hal_pwr.o
LOAD Drivers/STM32F4xx_HAL_Driver/Src/stm32f4xx_hal_pwr_ex.o
LOAD Drivers/STM32F4xx_HAL_Driver/Src/stm32f4xx_hal_rcc.o
LOAD Drivers/STM32F4xx_HAL_Driver/Src/stm32f4xx_hal_rcc_ex.o
LOAD Drivers/STM32F4xx_HAL_Driver/Src/stm32f4xx_hal_tim.o
LOAD Drivers/STM32F4xx_HAL_Driver/Src/stm32f4xx_hal_tim_ex.o
LOAD Drivers/STM32F4xx_HAL_Driver/Src/stm32f4xx_hal_uart.o
START GROUP
LOAD /home/fofolevrai/st/stm32cubeide_1.3.0/plugins/com.st.stm32cube.ide.mcu.externaltools.gnu-tools-for-stm32.7-2018-q2-update.linux64_1.0.0.201904181610/tools/bin/../lib/gcc/arm-none-eabi/7.3.1/../../../../arm-none-eabi/lib/thumb/v7e-m/fpv4-sp/hard/libstdc++_nano.a
LOAD /home/fofolevrai/st/stm32cubeide_1.3.0/plugins/com.st.stm32cube.ide.mcu.externaltools.gnu-tools-for-stm32.7-2018-q2-update.linux64_1.0.0.201904181610/tools/bin/../lib/gcc/arm-none-eabi/7.3.1/../../../../arm-none-eabi/lib/thumb/v7e-m/fpv4-sp/hard/libsupc++_nano.a
END GROUP
LOAD /home/fofolevrai/st/stm32cubeide_1.3.0/plugins/com.st.stm32cube.ide.mcu.externaltools.gnu-tools-for-stm32.7-2018-q2-update.linux64_1.0.0.201904181610/tools/bin/../lib/gcc/arm-none-eabi/7.3.1/../../../../arm-none-eabi/lib/thumb/v7e-m/fpv4-sp/hard/libstdc++_nano.a
LOAD /home/fofolevrai/st/stm32cubeide_1.3.0/plugins/com.st.stm32cube.ide.mcu.externaltools.gnu-tools-for-stm32.7-2018-q2-update.linux64_1.0.0.201904181610/tools/bin/../lib/gcc/arm-none-eabi/7.3.1/../../../../arm-none-eabi/lib/thumb/v7e-m/fpv4-sp/hard/libm.a
LOAD /home/fofolevrai/st/stm32cubeide_1.3.0/plugins/com.st.stm32cube.ide.mcu.externaltools.gnu-tools-for-stm32.7-2018-q2-update.linux64_1.0.0.201904181610/tools/bin/../lib/gcc/arm-none-eabi/7.3.1/../../../../arm-none-eabi/lib/thumb/v7e-m/fpv4-sp/hard/libc_nano.a
START GROUP
LOAD /home/fofolevrai/st/stm32cubeide_1.3.0/plugins/com.st.stm32cube.ide.mcu.externaltools.gnu-tools-for-stm32.7-2018-q2-update.linux64_1.0.0.201904181610/tools/bin/../lib/gcc/arm-none-eabi/7.3.1/thumb/v7e-m/fpv4-sp/hard/libgcc.a
LOAD /home/fofolevrai/st/stm32cubeide_1.3.0/plugins/com.st.stm32cube.ide.mcu.externaltools.gnu-tools-for-stm32.7-2018-q2-update.linux64_1.0.0.201904181610/tools/bin/../lib/gcc/arm-none-eabi/7.3.1/../../../../arm-none-eabi/lib/thumb/v7e-m/fpv4-sp/hard/libc_nano.a
END GROUP
START GROUP
LOAD /home/fofolevrai/st/stm32cubeide_1.3.0/plugins/com.st.stm32cube.ide.mcu.externaltools.gnu-tools-for-stm32.7-2018-q2-update.linux64_1.0.0.201904181610/tools/bin/../lib/gcc/arm-none-eabi/7.3.1/thumb/v7e-m/fpv4-sp/hard/libgcc.a
LOAD /home/fofolevrai/st/stm32cubeide_1.3.0/plugins/com.st.stm32cube.ide.mcu.externaltools.gnu-tools-for-stm32.7-2018-q2-update.linux64_1.0.0.201904181610/tools/bin/../lib/gcc/arm-none-eabi/7.3.1/../../../../arm-none-eabi/lib/thumb/v7e-m/fpv4-sp/hard/libc_nano.a
LOAD /home/fofolevrai/st/stm32cubeide_1.3.0/plugins/com.st.stm32cube.ide.mcu.externaltools.gnu-tools-for-stm32.7-2018-q2-update.linux64_1.0.0.201904181610/tools/bin/../lib/gcc/arm-none-eabi/7.3.1/../../../../arm-none-eabi/lib/thumb/v7e-m/fpv4-sp/hard/libnosys.a
END GROUP
START GROUP
LOAD /home/fofolevrai/st/stm32cubeide_1.3.0/plugins/com.st.stm32cube.ide.mcu.externaltools.gnu-tools-for-stm32.7-2018-q2-update.linux64_1.0.0.201904181610/tools/bin/../lib/gcc/arm-none-eabi/7.3.1/thumb/v7e-m/fpv4-sp/hard/libgcc.a
LOAD /home/fofolevrai/st/stm32cubeide_1.3.0/plugins/com.st.stm32cube.ide.mcu.externaltools.gnu-tools-for-stm32.7-2018-q2-update.linux64_1.0.0.201904181610/tools/bin/../lib/gcc/arm-none-eabi/7.3.1/../../../../arm-none-eabi/lib/thumb/v7e-m/fpv4-sp/hard/libc_nano.a
LOAD /home/fofolevrai/st/stm32cubeide_1.3.0/plugins/com.st.stm32cube.ide.mcu.externaltools.gnu-tools-for-stm32.7-2018-q2-update.linux64_1.0.0.201904181610/tools/bin/../lib/gcc/arm-none-eabi/7.3.1/../../../../arm-none-eabi/lib/thumb/v7e-m/fpv4-sp/hard/libnosys.a
END GROUP
LOAD /home/fofolevrai/st/stm32cubeide_1.3.0/plugins/com.st.stm32cube.ide.mcu.externaltools.gnu-tools-for-stm32.7-2018-q2-update.linux64_1.0.0.201904181610/tools/bin/../lib/gcc/arm-none-eabi/7.3.1/thumb/v7e-m/fpv4-sp/hard/crtend.o
LOAD /home/fofolevrai/st/stm32cubeide_1.3.0/plugins/com.st.stm32cube.ide.mcu.externaltools.gnu-tools-for-stm32.7-2018-q2-update.linux64_1.0.0.201904181610/tools/bin/../lib/gcc/arm-none-eabi/7.3.1/thumb/v7e-m/fpv4-sp/hard/crtn.o
                0x0000000020018000                _estack = (ORIGIN (RAM) + LENGTH (RAM))
                0x0000000000000200                _Min_Heap_Size = 0x200
                0x0000000000000400                _Min_Stack_Size = 0x400

.isr_vector     0x0000000008000000      0x194
                0x0000000008000000                . = ALIGN (0x4)
 *(.isr_vector)
 .isr_vector    0x0000000008000000      0x194 Core/Startup/startup_stm32f401retx.o
                0x0000000008000000                g_pfnVectors
                0x0000000008000194                . = ALIGN (0x4)

.text           0x0000000008000194     0x952c
                0x0000000008000194                . = ALIGN (0x4)
 *(.text)
 .text          0x0000000008000194       0x40 /home/fofolevrai/st/stm32cubeide_1.3.0/plugins/com.st.stm32cube.ide.mcu.externaltools.gnu-tools-for-stm32.7-2018-q2-update.linux64_1.0.0.201904181610/tools/bin/../lib/gcc/arm-none-eabi/7.3.1/thumb/v7e-m/fpv4-sp/hard/crtbegin.o
 .text          0x00000000080001d4       0x10 /home/fofolevrai/st/stm32cubeide_1.3.0/plugins/com.st.stm32cube.ide.mcu.externaltools.gnu-tools-for-stm32.7-2018-q2-update.linux64_1.0.0.201904181610/tools/bin/../lib/gcc/arm-none-eabi/7.3.1/../../../../arm-none-eabi/lib/thumb/v7e-m/fpv4-sp/hard/libc_nano.a(lib_a-strlen.o)
                0x00000000080001d4                strlen
 .text          0x00000000080001e4      0x378 /home/fofolevrai/st/stm32cubeide_1.3.0/plugins/com.st.stm32cube.ide.mcu.externaltools.gnu-tools-for-stm32.7-2018-q2-update.linux64_1.0.0.201904181610/tools/bin/../lib/gcc/arm-none-eabi/7.3.1/thumb/v7e-m/fpv4-sp/hard/libgcc.a(_arm_addsubdf3.o)
                0x00000000080001e4                __aeabi_drsub
                0x00000000080001ec                __aeabi_dsub
                0x00000000080001ec                __subdf3
                0x00000000080001f0                __adddf3
                0x00000000080001f0                __aeabi_dadd
                0x0000000008000468                __aeabi_ui2d
                0x0000000008000468                __floatunsidf
                0x0000000008000488                __floatsidf
                0x0000000008000488                __aeabi_i2d
                0x00000000080004ac                __extendsfdf2
                0x00000000080004ac                __aeabi_f2d
                0x00000000080004f0                __aeabi_ul2d
                0x00000000080004f0                __floatundidf
                0x0000000008000500                __floatdidf
                0x0000000008000500                __aeabi_l2d
 .text          0x000000000800055c      0x424 /home/fofolevrai/st/stm32cubeide_1.3.0/plugins/com.st.stm32cube.ide.mcu.externaltools.gnu-tools-for-stm32.7-2018-q2-update.linux64_1.0.0.201904181610/tools/bin/../lib/gcc/arm-none-eabi/7.3.1/thumb/v7e-m/fpv4-sp/hard/libgcc.a(_arm_muldivdf3.o)
                0x000000000800055c                __aeabi_dmul
                0x000000000800055c                __muldf3
                0x00000000080007b0                __aeabi_ddiv
                0x00000000080007b0                __divdf3
 .text          0x0000000008000980       0x30 /home/fofolevrai/st/stm32cubeide_1.3.0/plugins/com.st.stm32cube.ide.mcu.externaltools.gnu-tools-for-stm32.7-2018-q2-update.linux64_1.0.0.201904181610/tools/bin/../lib/gcc/arm-none-eabi/7.3.1/thumb/v7e-m/fpv4-sp/hard/libgcc.a(_aeabi_uldivmod.o)
                0x0000000008000980                __aeabi_uldivmod
 .text          0x00000000080009b0      0x2cc /home/fofolevrai/st/stm32cubeide_1.3.0/plugins/com.st.stm32cube.ide.mcu.externaltools.gnu-tools-for-stm32.7-2018-q2-update.linux64_1.0.0.201904181610/tools/bin/../lib/gcc/arm-none-eabi/7.3.1/thumb/v7e-m/fpv4-sp/hard/libgcc.a(_udivmoddi4.o)
                0x00000000080009b0                __udivmoddi4
 .text          0x0000000008000c7c        0x4 /home/fofolevrai/st/stm32cubeide_1.3.0/plugins/com.st.stm32cube.ide.mcu.externaltools.gnu-tools-for-stm32.7-2018-q2-update.linux64_1.0.0.201904181610/tools/bin/../lib/gcc/arm-none-eabi/7.3.1/thumb/v7e-m/fpv4-sp/hard/libgcc.a(_dvmd_tls.o)
                0x0000000008000c7c                __aeabi_ldiv0
                0x0000000008000c7c                __aeabi_idiv0
 *(.text*)
 .text._ZN3ros16normalizeSecNSecERmS0_
                0x0000000008000c80       0x58 Core/Inc/time.o
                0x0000000008000c80                ros::normalizeSecNSec(unsigned long&, unsigned long&)
 .text.main     0x0000000008000cd8       0x2a Core/Src/main.o
                0x0000000008000cd8                main
 *fill*         0x0000000008000d02        0x2 
 .text.SystemClock_Config
                0x0000000008000d04       0xd8 Core/Src/main.o
                0x0000000008000d04                SystemClock_Config
 .text.MX_I2C1_Init
                0x0000000008000ddc       0x5c Core/Src/main.o
 .text.MX_TIM3_Init
                0x0000000008000e38       0x9c Core/Src/main.o
 .text.MX_USART2_UART_Init
                0x0000000008000ed4       0x54 Core/Src/main.o
 .text.MX_DMA_Init
                0x0000000008000f28       0x70 Core/Src/main.o
 .text.MX_GPIO_Init
                0x0000000008000f98       0xe0 Core/Src/main.o
 .text.Error_Handler
                0x0000000008001078       0x14 Core/Src/main.o
                0x0000000008001078                Error_Handler
 .text._ZN3ros3MsgC2Ev
                0x000000000800108c       0x20 Core/Src/mainpp.o
                0x000000000800108c                ros::Msg::Msg()
                0x000000000800108c                ros::Msg::Msg()
 .text._ZN3ros4TimeC2Ev
                0x00000000080010ac       0x22 Core/Src/mainpp.o
                0x00000000080010ac                ros::Time::Time()
                0x00000000080010ac                ros::Time::Time()
 *fill*         0x00000000080010ce        0x2 
 .text._ZN8std_msgs6HeaderC2Ev
                0x00000000080010d0       0x40 Core/Src/mainpp.o
                0x00000000080010d0                std_msgs::Header::Header()
                0x00000000080010d0                std_msgs::Header::Header()
 .text._ZNK8std_msgs6Header9serializeEPh
                0x0000000008001110      0x130 Core/Src/mainpp.o
                0x0000000008001110                std_msgs::Header::serialize(unsigned char*) const
 .text._ZN8std_msgs6Header11deserializeEPh
                0x0000000008001240      0x180 Core/Src/mainpp.o
                0x0000000008001240                std_msgs::Header::deserialize(unsigned char*)
 .text._ZN8std_msgs6Header7getTypeEv
                0x00000000080013c0       0x1c Core/Src/mainpp.o
                0x00000000080013c0                std_msgs::Header::getType()
 .text._ZN8std_msgs6Header6getMD5Ev
                0x00000000080013dc       0x1c Core/Src/mainpp.o
                0x00000000080013dc                std_msgs::Header::getMD5()
 .text._ZN11sensor_msgs13FluidPressureC2Ev
                0x00000000080013f8       0x4c Core/Src/mainpp.o
                0x00000000080013f8                sensor_msgs::FluidPressure::FluidPressure()
                0x00000000080013f8                sensor_msgs::FluidPressure::FluidPressure()
 .text._ZNK11sensor_msgs13FluidPressure9serializeEPh
                0x0000000008001444      0x20c Core/Src/mainpp.o
                0x0000000008001444                sensor_msgs::FluidPressure::serialize(unsigned char*) const
 .text._ZN11sensor_msgs13FluidPressure11deserializeEPh
                0x0000000008001650      0x364 Core/Src/mainpp.o
                0x0000000008001650                sensor_msgs::FluidPressure::deserialize(unsigned char*)
 .text._ZN11sensor_msgs13FluidPressure7getTypeEv
                0x00000000080019b4       0x1c Core/Src/mainpp.o
                0x00000000080019b4                sensor_msgs::FluidPressure::getType()
 .text._ZN11sensor_msgs13FluidPressure6getMD5Ev
                0x00000000080019d0       0x1c Core/Src/mainpp.o
                0x00000000080019d0                sensor_msgs::FluidPressure::getMD5()
 .text._ZN11sensor_msgs11TemperatureC2Ev
                0x00000000080019ec       0x4c Core/Src/mainpp.o
                0x00000000080019ec                sensor_msgs::Temperature::Temperature()
                0x00000000080019ec                sensor_msgs::Temperature::Temperature()
 .text._ZNK11sensor_msgs11Temperature9serializeEPh
                0x0000000008001a38      0x20c Core/Src/mainpp.o
                0x0000000008001a38                sensor_msgs::Temperature::serialize(unsigned char*) const
 .text._ZN11sensor_msgs11Temperature11deserializeEPh
                0x0000000008001c44      0x364 Core/Src/mainpp.o
                0x0000000008001c44                sensor_msgs::Temperature::deserialize(unsigned char*)
 .text._ZN11sensor_msgs11Temperature7getTypeEv
                0x0000000008001fa8       0x1c Core/Src/mainpp.o
                0x0000000008001fa8                sensor_msgs::Temperature::getType()
 .text._ZN11sensor_msgs11Temperature6getMD5Ev
                0x0000000008001fc4       0x1c Core/Src/mainpp.o
                0x0000000008001fc4                sensor_msgs::Temperature::getMD5()
 .text._ZN8std_msgs4TimeC2Ev
                0x0000000008001fe0       0x30 Core/Src/mainpp.o
                0x0000000008001fe0                std_msgs::Time::Time()
                0x0000000008001fe0                std_msgs::Time::Time()
 .text._ZNK8std_msgs4Time9serializeEPh
                0x0000000008002010       0xb0 Core/Src/mainpp.o
                0x0000000008002010                std_msgs::Time::serialize(unsigned char*) const
 .text._ZN8std_msgs4Time11deserializeEPh
                0x00000000080020c0       0xc8 Core/Src/mainpp.o
                0x00000000080020c0                std_msgs::Time::deserialize(unsigned char*)
 .text._ZN8std_msgs4Time7getTypeEv
                0x0000000008002188       0x1c Core/Src/mainpp.o
                0x0000000008002188                std_msgs::Time::getType()
 .text._ZN8std_msgs4Time6getMD5Ev
                0x00000000080021a4       0x1c Core/Src/mainpp.o
                0x00000000080021a4                std_msgs::Time::getMD5()
 .text._ZN14rosserial_msgs9TopicInfoC2Ev
                0x00000000080021c0       0x48 Core/Src/mainpp.o
                0x00000000080021c0                rosserial_msgs::TopicInfo::TopicInfo()
                0x00000000080021c0                rosserial_msgs::TopicInfo::TopicInfo()
 .text._ZNK14rosserial_msgs9TopicInfo9serializeEPh
                0x0000000008002208      0x136 Core/Src/mainpp.o
                0x0000000008002208                rosserial_msgs::TopicInfo::serialize(unsigned char*) const
 .text._ZN14rosserial_msgs9TopicInfo11deserializeEPh
                0x000000000800233e      0x1d0 Core/Src/mainpp.o
                0x000000000800233e                rosserial_msgs::TopicInfo::deserialize(unsigned char*)
 *fill*         0x000000000800250e        0x2 
 .text._ZN14rosserial_msgs9TopicInfo7getTypeEv
                0x0000000008002510       0x1c Core/Src/mainpp.o
                0x0000000008002510                rosserial_msgs::TopicInfo::getType()
 .text._ZN14rosserial_msgs9TopicInfo6getMD5Ev
                0x000000000800252c       0x1c Core/Src/mainpp.o
                0x000000000800252c                rosserial_msgs::TopicInfo::getMD5()
 .text._ZN14rosserial_msgs3LogC2Ev
                0x0000000008002548       0x34 Core/Src/mainpp.o
                0x0000000008002548                rosserial_msgs::Log::Log()
                0x0000000008002548                rosserial_msgs::Log::Log()
 .text._ZNK14rosserial_msgs3Log9serializeEPh
                0x000000000800257c       0x64 Core/Src/mainpp.o
                0x000000000800257c                rosserial_msgs::Log::serialize(unsigned char*) const
 .text._ZN14rosserial_msgs3Log11deserializeEPh
                0x00000000080025e0       0x90 Core/Src/mainpp.o
                0x00000000080025e0                rosserial_msgs::Log::deserialize(unsigned char*)
 .text._ZN14rosserial_msgs3Log7getTypeEv
                0x0000000008002670       0x1c Core/Src/mainpp.o
                0x0000000008002670                rosserial_msgs::Log::getType()
 .text._ZN14rosserial_msgs3Log6getMD5Ev
                0x000000000800268c       0x1c Core/Src/mainpp.o
                0x000000000800268c                rosserial_msgs::Log::getMD5()
 .text._ZN14rosserial_msgs20RequestParamResponseC2Ev
                0x00000000080026a8       0x48 Core/Src/mainpp.o
                0x00000000080026a8                rosserial_msgs::RequestParamResponse::RequestParamResponse()
                0x00000000080026a8                rosserial_msgs::RequestParamResponse::RequestParamResponse()
 .text._ZNK14rosserial_msgs20RequestParamResponse9serializeEPh
                0x00000000080026f0      0x222 Core/Src/mainpp.o
                0x00000000080026f0                rosserial_msgs::RequestParamResponse::serialize(unsigned char*) const
 .text._ZN14rosserial_msgs20RequestParamResponse11deserializeEPh
                0x0000000008002912      0x2e2 Core/Src/mainpp.o
                0x0000000008002912                rosserial_msgs::RequestParamResponse::deserialize(unsigned char*)
 .text._ZN14rosserial_msgs20RequestParamResponse7getTypeEv
                0x0000000008002bf4       0x1c Core/Src/mainpp.o
                0x0000000008002bf4                rosserial_msgs::RequestParamResponse::getType()
 .text._ZN14rosserial_msgs20RequestParamResponse6getMD5Ev
                0x0000000008002c10       0x1c Core/Src/mainpp.o
                0x0000000008002c10                rosserial_msgs::RequestParamResponse::getMD5()
 .text._ZN3ros9PublisherC2EPKcPNS_3MsgEi
                0x0000000008002c2c       0x2e Core/Src/mainpp.o
                0x0000000008002c2c                ros::Publisher::Publisher(char const*, ros::Msg*, int)
                0x0000000008002c2c                ros::Publisher::Publisher(char const*, ros::Msg*, int)
 .text._ZN3ros9Publisher7publishEPKNS_3MsgE
                0x0000000008002c5a       0x28 Core/Src/mainpp.o
                0x0000000008002c5a                ros::Publisher::publish(ros::Msg const*)
 .text._ZN3ros9Publisher15getEndpointTypeEv
                0x0000000008002c82       0x18 Core/Src/mainpp.o
                0x0000000008002c82                ros::Publisher::getEndpointType()
 .text._ZN13STM32Hardware10getRdmaIndEv
                0x0000000008002c9a       0x24 Core/Src/mainpp.o
                0x0000000008002c9a                STM32Hardware::getRdmaInd()
 *fill*         0x0000000008002cbe        0x2 
 .text._ZN13STM32HardwareC2Ev
                0x0000000008002cc0       0x38 Core/Src/mainpp.o
                0x0000000008002cc0                STM32Hardware::STM32Hardware()
                0x0000000008002cc0                STM32Hardware::STM32Hardware()
 .text._ZN13STM32Hardware4initEv
                0x0000000008002cf8       0x16 Core/Src/mainpp.o
                0x0000000008002cf8                STM32Hardware::init()
 .text._ZN13STM32Hardware10reset_rbufEv
                0x0000000008002d0e       0x22 Core/Src/mainpp.o
                0x0000000008002d0e                STM32Hardware::reset_rbuf()
 .text._ZN13STM32Hardware4readEv
                0x0000000008002d30       0x5a Core/Src/mainpp.o
                0x0000000008002d30                STM32Hardware::read()
 *fill*         0x0000000008002d8a        0x2 
 .text._ZN13STM32Hardware5flushEv
                0x0000000008002d8c       0xbc Core/Src/mainpp.o
                0x0000000008002d8c                STM32Hardware::flush()
 .text._ZN13STM32Hardware5writeEPhi
                0x0000000008002e48       0x8c Core/Src/mainpp.o
                0x0000000008002e48                STM32Hardware::write(unsigned char*, int)
 .text._ZN13STM32Hardware4timeEv
                0x0000000008002ed4       0x16 Core/Src/mainpp.o
                0x0000000008002ed4                STM32Hardware::time()
 *fill*         0x0000000008002eea        0x2 
 .text.HAL_UART_TxCpltCallback
                0x0000000008002eec       0x24 Core/Src/mainpp.o
                0x0000000008002eec                HAL_UART_TxCpltCallback
 .text.HAL_UART_RxCpltCallback
                0x0000000008002f10       0x24 Core/Src/mainpp.o
                0x0000000008002f10                HAL_UART_RxCpltCallback
 .text.HAL_I2C_ErrorCallback
                0x0000000008002f34       0x14 Core/Src/mainpp.o
                0x0000000008002f34                HAL_I2C_ErrorCallback
 .text.HAL_I2C_MasterTxCpltCallback
                0x0000000008002f48       0x5c Core/Src/mainpp.o
                0x0000000008002f48                HAL_I2C_MasterTxCpltCallback
 .text.HAL_I2C_MasterRxCpltCallback
                0x0000000008002fa4       0x3c Core/Src/mainpp.o
                0x0000000008002fa4                HAL_I2C_MasterRxCpltCallback
 .text.HAL_TIM_PeriodElapsedCallback
                0x0000000008002fe0       0x58 Core/Src/mainpp.o
                0x0000000008002fe0                HAL_TIM_PeriodElapsedCallback
 .text.setup    0x0000000008003038      0x1ac Core/Src/mainpp.o
                0x0000000008003038                setup
 .text.loop     0x00000000080031e4       0xf4 Core/Src/mainpp.o
                0x00000000080031e4                loop
 .text._ZN3ros3Msg8varToArrIPhmEEvT_T0_
                0x00000000080032d8       0x3c Core/Src/mainpp.o
                0x00000000080032d8                void ros::Msg::varToArr<unsigned char*, unsigned long>(unsigned char*, unsigned long)
 .text._ZN3ros3Msg8arrToVarImPhEEvRT_T0_
                0x0000000008003314       0x4a Core/Src/mainpp.o
                0x0000000008003314                void ros::Msg::arrToVar<unsigned long, unsigned char*>(unsigned long&, unsigned char*)
 *fill*         0x000000000800335e        0x2 
 .text._ZN3ros15NodeHandleBase_C2Ev
                0x0000000008003360       0x20 Core/Src/mainpp.o
                0x0000000008003360                ros::NodeHandleBase_::NodeHandleBase_()
                0x0000000008003360                ros::NodeHandleBase_::NodeHandleBase_()
 .text._ZN3ros11NodeHandle_I13STM32HardwareLi25ELi25ELi512ELi512EEC2Ev
                0x0000000008003380      0x100 Core/Src/mainpp.o
                0x0000000008003380                ros::NodeHandle_<STM32Hardware, 25, 25, 512, 512>::NodeHandle_()
                0x0000000008003380                ros::NodeHandle_<STM32Hardware, 25, 25, 512, 512>::NodeHandle_()
 .text._ZN3ros11NodeHandle_I13STM32HardwareLi25ELi25ELi512ELi512EE11getHardwareEv
                0x0000000008003480       0x18 Core/Src/mainpp.o
                0x0000000008003480                ros::NodeHandle_<STM32Hardware, 25, 25, 512, 512>::getHardware()
 .text._ZN3ros11NodeHandle_I13STM32HardwareLi25ELi25ELi512ELi512EE8initNodeEv
                0x0000000008003498       0x3a Core/Src/mainpp.o
                0x0000000008003498                ros::NodeHandle_<STM32Hardware, 25, 25, 512, 512>::initNode()
 .text._ZN3ros11NodeHandle_I13STM32HardwareLi25ELi25ELi512ELi512EE9advertiseERNS_9PublisherE
                0x00000000080034d2       0x60 Core/Src/mainpp.o
                0x00000000080034d2                ros::NodeHandle_<STM32Hardware, 25, 25, 512, 512>::advertise(ros::Publisher&)
 *fill*         0x0000000008003532        0x2 
 .text._ZN3ros11NodeHandle_I13STM32HardwareLi25ELi25ELi512ELi512EE3nowEv
                0x0000000008003534       0x78 Core/Src/mainpp.o
                0x0000000008003534                ros::NodeHandle_<STM32Hardware, 25, 25, 512, 512>::now()
 .text._ZN3ros11NodeHandle_I13STM32HardwareLi25ELi25ELi512ELi512EE8spinOnceEv
                0x00000000080035ac      0x3b8 Core/Src/mainpp.o
                0x00000000080035ac                ros::NodeHandle_<STM32Hardware, 25, 25, 512, 512>::spinOnce()
 .text._ZN3ros11NodeHandle_I13STM32HardwareLi25ELi25ELi512ELi512EE15requestSyncTimeEv
                0x0000000008003964       0x3c Core/Src/mainpp.o
                0x0000000008003964                ros::NodeHandle_<STM32Hardware, 25, 25, 512, 512>::requestSyncTime()
 .text._ZN3ros11NodeHandle_I13STM32HardwareLi25ELi25ELi512ELi512EE15negotiateTopicsEv
                0x00000000080039a0      0x1be Core/Src/mainpp.o
                0x00000000080039a0                ros::NodeHandle_<STM32Hardware, 25, 25, 512, 512>::negotiateTopics()
 *fill*         0x0000000008003b5e        0x2 
 .text._ZN3ros11NodeHandle_I13STM32HardwareLi25ELi25ELi512ELi512EE8syncTimeEPh
                0x0000000008003b60       0x98 Core/Src/mainpp.o
                0x0000000008003b60                ros::NodeHandle_<STM32Hardware, 25, 25, 512, 512>::syncTime(unsigned char*)
 .text._ZN3ros11NodeHandle_I13STM32HardwareLi25ELi25ELi512ELi512EE7publishEiPKNS_3MsgE
                0x0000000008003bf8      0x124 Core/Src/mainpp.o
                0x0000000008003bf8                ros::NodeHandle_<STM32Hardware, 25, 25, 512, 512>::publish(int, ros::Msg const*)
 .text._ZN3ros11NodeHandle_I13STM32HardwareLi25ELi25ELi512ELi512EE6setNowERNS_4TimeE
                0x0000000008003d1c       0x80 Core/Src/mainpp.o
                0x0000000008003d1c                ros::NodeHandle_<STM32Hardware, 25, 25, 512, 512>::setNow(ros::Time&)
 .text._ZN3ros11NodeHandle_I13STM32HardwareLi25ELi25ELi512ELi512EE8logerrorEPKc
                0x0000000008003d9c       0x1c Core/Src/mainpp.o
                0x0000000008003d9c                ros::NodeHandle_<STM32Hardware, 25, 25, 512, 512>::logerror(char const*)
 .text._ZN3ros11NodeHandle_I13STM32HardwareLi25ELi25ELi512ELi512EE3logEcPKc
                0x0000000008003db8       0x38 Core/Src/mainpp.o
                0x0000000008003db8                ros::NodeHandle_<STM32Hardware, 25, 25, 512, 512>::log(char, char const*)
 .text._Z41__static_initialization_and_destruction_0ii
                0x0000000008003df0       0x68 Core/Src/mainpp.o
 .text._ZN3ros11NodeHandle_I13STM32HardwareLi25ELi25ELi512ELi512EE9connectedEv
                0x0000000008003e58       0x1a Core/Src/mainpp.o
                0x0000000008003e58                ros::NodeHandle_<STM32Hardware, 25, 25, 512, 512>::connected()
 .text._GLOBAL__sub_I_tu8_ctrl_reg1_data
                0x0000000008003e72       0x10 Core/Src/mainpp.o
 *fill*         0x0000000008003e82        0x2 
 .text.HAL_MspInit
                0x0000000008003e84       0x50 Core/Src/stm32f4xx_hal_msp.o
                0x0000000008003e84                HAL_MspInit
 .text.HAL_I2C_MspInit
                0x0000000008003ed4      0x17c Core/Src/stm32f4xx_hal_msp.o
                0x0000000008003ed4                HAL_I2C_MspInit
 .text.HAL_TIM_Base_MspInit
                0x0000000008004050       0x50 Core/Src/stm32f4xx_hal_msp.o
                0x0000000008004050                HAL_TIM_Base_MspInit
 .text.HAL_UART_MspInit
                0x00000000080040a0      0x168 Core/Src/stm32f4xx_hal_msp.o
                0x00000000080040a0                HAL_UART_MspInit
 .text.NMI_Handler
                0x0000000008004208        0xe Core/Src/stm32f4xx_it.o
                0x0000000008004208                NMI_Handler
 .text.HardFault_Handler
                0x0000000008004216        0x6 Core/Src/stm32f4xx_it.o
                0x0000000008004216                HardFault_Handler
 .text.MemManage_Handler
                0x000000000800421c        0x6 Core/Src/stm32f4xx_it.o
                0x000000000800421c                MemManage_Handler
 .text.BusFault_Handler
                0x0000000008004222        0x6 Core/Src/stm32f4xx_it.o
                0x0000000008004222                BusFault_Handler
 .text.UsageFault_Handler
                0x0000000008004228        0x6 Core/Src/stm32f4xx_it.o
                0x0000000008004228                UsageFault_Handler
 .text.SVC_Handler
                0x000000000800422e        0xe Core/Src/stm32f4xx_it.o
                0x000000000800422e                SVC_Handler
 .text.DebugMon_Handler
                0x000000000800423c        0xe Core/Src/stm32f4xx_it.o
                0x000000000800423c                DebugMon_Handler
 .text.PendSV_Handler
                0x000000000800424a        0xe Core/Src/stm32f4xx_it.o
                0x000000000800424a                PendSV_Handler
 .text.SysTick_Handler
                0x0000000008004258        0xc Core/Src/stm32f4xx_it.o
                0x0000000008004258                SysTick_Handler
 .text.DMA1_Stream0_IRQHandler
                0x0000000008004264       0x14 Core/Src/stm32f4xx_it.o
                0x0000000008004264                DMA1_Stream0_IRQHandler
 .text.DMA1_Stream5_IRQHandler
                0x0000000008004278       0x14 Core/Src/stm32f4xx_it.o
                0x0000000008004278                DMA1_Stream5_IRQHandler
 .text.DMA1_Stream6_IRQHandler
                0x000000000800428c       0x14 Core/Src/stm32f4xx_it.o
                0x000000000800428c                DMA1_Stream6_IRQHandler
 .text.TIM3_IRQHandler
                0x00000000080042a0       0x14 Core/Src/stm32f4xx_it.o
                0x00000000080042a0                TIM3_IRQHandler
 .text.I2C1_EV_IRQHandler
                0x00000000080042b4       0x14 Core/Src/stm32f4xx_it.o
                0x00000000080042b4                I2C1_EV_IRQHandler
 .text.I2C1_ER_IRQHandler
                0x00000000080042c8       0x14 Core/Src/stm32f4xx_it.o
                0x00000000080042c8                I2C1_ER_IRQHandler
 .text.USART2_IRQHandler
                0x00000000080042dc       0x14 Core/Src/stm32f4xx_it.o
                0x00000000080042dc                USART2_IRQHandler
 .text.DMA1_Stream7_IRQHandler
                0x00000000080042f0       0x14 Core/Src/stm32f4xx_it.o
                0x00000000080042f0                DMA1_Stream7_IRQHandler
 .text._getpid  0x0000000008004304       0x10 Core/Src/syscalls.o
                0x0000000008004304                _getpid
 .text._kill    0x0000000008004314       0x20 Core/Src/syscalls.o
                0x0000000008004314                _kill
 .text._exit    0x0000000008004334       0x14 Core/Src/syscalls.o
                0x0000000008004334                _exit
 .text._sbrk    0x0000000008004348       0x58 Core/Src/sysmem.o
                0x0000000008004348                _sbrk
 .text.SystemInit
                0x00000000080043a0       0x2c Core/Src/system_stm32f4xx.o
                0x00000000080043a0                SystemInit
 .text.Reset_Handler
                0x00000000080043cc       0x50 Core/Startup/startup_stm32f401retx.o
                0x00000000080043cc                Reset_Handler
 .text.Default_Handler
                0x000000000800441c        0x2 Core/Startup/startup_stm32f401retx.o
                0x000000000800441c                RTC_Alarm_IRQHandler
                0x000000000800441c                EXTI2_IRQHandler
                0x000000000800441c                SPI4_IRQHandler
                0x000000000800441c                TIM1_CC_IRQHandler
                0x000000000800441c                DMA2_Stream5_IRQHandler
                0x000000000800441c                PVD_IRQHandler
                0x000000000800441c                SDIO_IRQHandler
                0x000000000800441c                TAMP_STAMP_IRQHandler
                0x000000000800441c                EXTI3_IRQHandler
                0x000000000800441c                TIM1_UP_TIM10_IRQHandler
                0x000000000800441c                I2C3_ER_IRQHandler
                0x000000000800441c                EXTI0_IRQHandler
                0x000000000800441c                I2C2_EV_IRQHandler
                0x000000000800441c                DMA1_Stream2_IRQHandler
                0x000000000800441c                FPU_IRQHandler
                0x000000000800441c                DMA2_Stream2_IRQHandler
                0x000000000800441c                SPI1_IRQHandler
                0x000000000800441c                TIM1_BRK_TIM9_IRQHandler
                0x000000000800441c                DMA2_Stream3_IRQHandler
                0x000000000800441c                USART6_IRQHandler
                0x000000000800441c                DMA2_Stream0_IRQHandler
                0x000000000800441c                TIM4_IRQHandler
                0x000000000800441c                DMA1_Stream1_IRQHandler
                0x000000000800441c                RCC_IRQHandler
                0x000000000800441c                Default_Handler
                0x000000000800441c                EXTI15_10_IRQHandler
                0x000000000800441c                ADC_IRQHandler
                0x000000000800441c                TIM5_IRQHandler
                0x000000000800441c                DMA2_Stream7_IRQHandler
                0x000000000800441c                I2C3_EV_IRQHandler
                0x000000000800441c                EXTI9_5_IRQHandler
                0x000000000800441c                RTC_WKUP_IRQHandler
                0x000000000800441c                SPI2_IRQHandler
                0x000000000800441c                EXTI4_IRQHandler
                0x000000000800441c                WWDG_IRQHandler
                0x000000000800441c                TIM2_IRQHandler
                0x000000000800441c                OTG_FS_WKUP_IRQHandler
                0x000000000800441c                TIM1_TRG_COM_TIM11_IRQHandler
                0x000000000800441c                EXTI1_IRQHandler
                0x000000000800441c                I2C2_ER_IRQHandler
                0x000000000800441c                DMA2_Stream1_IRQHandler
                0x000000000800441c                FLASH_IRQHandler
                0x000000000800441c                DMA2_Stream4_IRQHandler
                0x000000000800441c                USART1_IRQHandler
                0x000000000800441c                OTG_FS_IRQHandler
                0x000000000800441c                SPI3_IRQHandler
                0x000000000800441c                DMA1_Stream4_IRQHandler
                0x000000000800441c                DMA2_Stream6_IRQHandler
                0x000000000800441c                DMA1_Stream3_IRQHandler
 *fill*         0x000000000800441e        0x2 
 .text.HAL_Init
                0x0000000008004420       0x44 Drivers/STM32F4xx_HAL_Driver/Src/stm32f4xx_hal.o
                0x0000000008004420                HAL_Init
 .text.HAL_InitTick
                0x0000000008004464       0x60 Drivers/STM32F4xx_HAL_Driver/Src/stm32f4xx_hal.o
                0x0000000008004464                HAL_InitTick
 .text.HAL_IncTick
                0x00000000080044c4       0x28 Drivers/STM32F4xx_HAL_Driver/Src/stm32f4xx_hal.o
                0x00000000080044c4                HAL_IncTick
 .text.HAL_GetTick
                0x00000000080044ec       0x18 Drivers/STM32F4xx_HAL_Driver/Src/stm32f4xx_hal.o
                0x00000000080044ec                HAL_GetTick
 .text.HAL_Delay
                0x0000000008004504       0x44 Drivers/STM32F4xx_HAL_Driver/Src/stm32f4xx_hal.o
                0x0000000008004504                HAL_Delay
 .text.__NVIC_SetPriorityGrouping
                0x0000000008004548       0x48 Drivers/STM32F4xx_HAL_Driver/Src/stm32f4xx_hal_cortex.o
 .text.__NVIC_GetPriorityGrouping
                0x0000000008004590       0x1c Drivers/STM32F4xx_HAL_Driver/Src/stm32f4xx_hal_cortex.o
 .text.__NVIC_EnableIRQ
                0x00000000080045ac       0x3c Drivers/STM32F4xx_HAL_Driver/Src/stm32f4xx_hal_cortex.o
 .text.__NVIC_SetPriority
                0x00000000080045e8       0x54 Drivers/STM32F4xx_HAL_Driver/Src/stm32f4xx_hal_cortex.o
 .text.NVIC_EncodePriority
                0x000000000800463c       0x66 Drivers/STM32F4xx_HAL_Driver/Src/stm32f4xx_hal_cortex.o
 *fill*         0x00000000080046a2        0x2 
 .text.SysTick_Config
                0x00000000080046a4       0x44 Drivers/STM32F4xx_HAL_Driver/Src/stm32f4xx_hal_cortex.o
 .text.HAL_NVIC_SetPriorityGrouping
                0x00000000080046e8       0x16 Drivers/STM32F4xx_HAL_Driver/Src/stm32f4xx_hal_cortex.o
                0x00000000080046e8                HAL_NVIC_SetPriorityGrouping
 .text.HAL_NVIC_SetPriority
                0x00000000080046fe       0x38 Drivers/STM32F4xx_HAL_Driver/Src/stm32f4xx_hal_cortex.o
                0x00000000080046fe                HAL_NVIC_SetPriority
 .text.HAL_NVIC_EnableIRQ
                0x0000000008004736       0x1c Drivers/STM32F4xx_HAL_Driver/Src/stm32f4xx_hal_cortex.o
                0x0000000008004736                HAL_NVIC_EnableIRQ
 .text.HAL_SYSTICK_Config
                0x0000000008004752       0x18 Drivers/STM32F4xx_HAL_Driver/Src/stm32f4xx_hal_cortex.o
                0x0000000008004752                HAL_SYSTICK_Config
 *fill*         0x000000000800476a        0x2 
 .text.HAL_DMA_Init
                0x000000000800476c      0x15c Drivers/STM32F4xx_HAL_Driver/Src/stm32f4xx_hal_dma.o
                0x000000000800476c                HAL_DMA_Init
 .text.HAL_DMA_Start_IT
                0x00000000080048c8       0xb0 Drivers/STM32F4xx_HAL_Driver/Src/stm32f4xx_hal_dma.o
                0x00000000080048c8                HAL_DMA_Start_IT
 .text.HAL_DMA_Abort_IT
                0x0000000008004978       0x44 Drivers/STM32F4xx_HAL_Driver/Src/stm32f4xx_hal_dma.o
                0x0000000008004978                HAL_DMA_Abort_IT
 .text.HAL_DMA_IRQHandler
                0x00000000080049bc      0x314 Drivers/STM32F4xx_HAL_Driver/Src/stm32f4xx_hal_dma.o
                0x00000000080049bc                HAL_DMA_IRQHandler
 .text.HAL_DMA_GetState
                0x0000000008004cd0       0x1c Drivers/STM32F4xx_HAL_Driver/Src/stm32f4xx_hal_dma.o
                0x0000000008004cd0                HAL_DMA_GetState
 .text.HAL_DMA_GetError
                0x0000000008004cec       0x18 Drivers/STM32F4xx_HAL_Driver/Src/stm32f4xx_hal_dma.o
                0x0000000008004cec                HAL_DMA_GetError
 .text.DMA_SetConfig
                0x0000000008004d04       0x5c Drivers/STM32F4xx_HAL_Driver/Src/stm32f4xx_hal_dma.o
 .text.DMA_CalcBaseAndBitshift
                0x0000000008004d60       0x6c Drivers/STM32F4xx_HAL_Driver/Src/stm32f4xx_hal_dma.o
 .text.DMA_CheckFifoParam
                0x0000000008004dcc       0xf4 Drivers/STM32F4xx_HAL_Driver/Src/stm32f4xx_hal_dma.o
 .text.HAL_GPIO_Init
                0x0000000008004ec0      0x304 Drivers/STM32F4xx_HAL_Driver/Src/stm32f4xx_hal_gpio.o
                0x0000000008004ec0                HAL_GPIO_Init
 .text.HAL_GPIO_WritePin
                0x00000000080051c4       0x32 Drivers/STM32F4xx_HAL_Driver/Src/stm32f4xx_hal_gpio.o
                0x00000000080051c4                HAL_GPIO_WritePin
 .text.HAL_GPIO_TogglePin
                0x00000000080051f6       0x36 Drivers/STM32F4xx_HAL_Driver/Src/stm32f4xx_hal_gpio.o
                0x00000000080051f6                HAL_GPIO_TogglePin
 .text.HAL_I2C_Init
                0x000000000800522c      0x270 Drivers/STM32F4xx_HAL_Driver/Src/stm32f4xx_hal_i2c.o
                0x000000000800522c                HAL_I2C_Init
 .text.HAL_I2C_Master_Transmit_DMA
                0x000000000800549c      0x22c Drivers/STM32F4xx_HAL_Driver/Src/stm32f4xx_hal_i2c.o
                0x000000000800549c                HAL_I2C_Master_Transmit_DMA
 .text.HAL_I2C_Master_Receive_DMA
                0x00000000080056c8      0x22c Drivers/STM32F4xx_HAL_Driver/Src/stm32f4xx_hal_i2c.o
                0x00000000080056c8                HAL_I2C_Master_Receive_DMA
 .text.HAL_I2C_EV_IRQHandler
                0x00000000080058f4      0x2cc Drivers/STM32F4xx_HAL_Driver/Src/stm32f4xx_hal_i2c.o
                0x00000000080058f4                HAL_I2C_EV_IRQHandler
 .text.HAL_I2C_ER_IRQHandler
                0x0000000008005bc0      0x14e Drivers/STM32F4xx_HAL_Driver/Src/stm32f4xx_hal_i2c.o
                0x0000000008005bc0                HAL_I2C_ER_IRQHandler
 .text.HAL_I2C_SlaveTxCpltCallback
                0x0000000008005d0e       0x14 Drivers/STM32F4xx_HAL_Driver/Src/stm32f4xx_hal_i2c.o
                0x0000000008005d0e                HAL_I2C_SlaveTxCpltCallback
 .text.HAL_I2C_SlaveRxCpltCallback
                0x0000000008005d22       0x14 Drivers/STM32F4xx_HAL_Driver/Src/stm32f4xx_hal_i2c.o
                0x0000000008005d22                HAL_I2C_SlaveRxCpltCallback
 .text.HAL_I2C_AddrCallback
                0x0000000008005d36       0x1c Drivers/STM32F4xx_HAL_Driver/Src/stm32f4xx_hal_i2c.o
                0x0000000008005d36                HAL_I2C_AddrCallback
 .text.HAL_I2C_ListenCpltCallback
                0x0000000008005d52       0x14 Drivers/STM32F4xx_HAL_Driver/Src/stm32f4xx_hal_i2c.o
                0x0000000008005d52                HAL_I2C_ListenCpltCallback
 .text.HAL_I2C_MemTxCpltCallback
                0x0000000008005d66       0x14 Drivers/STM32F4xx_HAL_Driver/Src/stm32f4xx_hal_i2c.o
                0x0000000008005d66                HAL_I2C_MemTxCpltCallback
 .text.HAL_I2C_MemRxCpltCallback
                0x0000000008005d7a       0x14 Drivers/STM32F4xx_HAL_Driver/Src/stm32f4xx_hal_i2c.o
                0x0000000008005d7a                HAL_I2C_MemRxCpltCallback
 .text.HAL_I2C_AbortCpltCallback
                0x0000000008005d8e       0x14 Drivers/STM32F4xx_HAL_Driver/Src/stm32f4xx_hal_i2c.o
                0x0000000008005d8e                HAL_I2C_AbortCpltCallback
 .text.HAL_I2C_GetState
                0x0000000008005da2       0x1c Drivers/STM32F4xx_HAL_Driver/Src/stm32f4xx_hal_i2c.o
                0x0000000008005da2                HAL_I2C_GetState
 .text.HAL_I2C_GetError
                0x0000000008005dbe       0x18 Drivers/STM32F4xx_HAL_Driver/Src/stm32f4xx_hal_i2c.o
                0x0000000008005dbe                HAL_I2C_GetError
 .text.I2C_MasterTransmit_TXE
                0x0000000008005dd6      0x138 Drivers/STM32F4xx_HAL_Driver/Src/stm32f4xx_hal_i2c.o
 .text.I2C_MasterTransmit_BTF
                0x0000000008005f0e      0x100 Drivers/STM32F4xx_HAL_Driver/Src/stm32f4xx_hal_i2c.o
 .text.I2C_MemoryTransmit_TXE_BTF
                0x000000000800600e       0xce Drivers/STM32F4xx_HAL_Driver/Src/stm32f4xx_hal_i2c.o
 .text.I2C_MasterReceive_RXNE
                0x00000000080060dc      0x104 Drivers/STM32F4xx_HAL_Driver/Src/stm32f4xx_hal_i2c.o
 .text.I2C_MasterReceive_BTF
                0x00000000080061e0      0x1d4 Drivers/STM32F4xx_HAL_Driver/Src/stm32f4xx_hal_i2c.o
 .text.I2C_Master_SB
                0x00000000080063b4      0x10c Drivers/STM32F4xx_HAL_Driver/Src/stm32f4xx_hal_i2c.o
 .text.I2C_Master_ADD10
                0x00000000080064c0       0x54 Drivers/STM32F4xx_HAL_Driver/Src/stm32f4xx_hal_i2c.o
 .text.I2C_Master_ADDR
                0x0000000008006514      0x322 Drivers/STM32F4xx_HAL_Driver/Src/stm32f4xx_hal_i2c.o
 .text.I2C_SlaveTransmit_TXE
                0x0000000008006836       0x7a Drivers/STM32F4xx_HAL_Driver/Src/stm32f4xx_hal_i2c.o
 .text.I2C_SlaveTransmit_BTF
                0x00000000080068b0       0x42 Drivers/STM32F4xx_HAL_Driver/Src/stm32f4xx_hal_i2c.o
 .text.I2C_SlaveReceive_RXNE
                0x00000000080068f2       0x7c Drivers/STM32F4xx_HAL_Driver/Src/stm32f4xx_hal_i2c.o
 .text.I2C_SlaveReceive_BTF
                0x000000000800696e       0x44 Drivers/STM32F4xx_HAL_Driver/Src/stm32f4xx_hal_i2c.o
 .text.I2C_Slave_ADDR
                0x00000000080069b2       0x88 Drivers/STM32F4xx_HAL_Driver/Src/stm32f4xx_hal_i2c.o
 *fill*         0x0000000008006a3a        0x2 
 .text.I2C_Slave_STOPF
                0x0000000008006a3c      0x260 Drivers/STM32F4xx_HAL_Driver/Src/stm32f4xx_hal_i2c.o
 .text.I2C_Slave_AF
                0x0000000008006c9c       0xe0 Drivers/STM32F4xx_HAL_Driver/Src/stm32f4xx_hal_i2c.o
 .text.I2C_ITError
                0x0000000008006d7c      0x25c Drivers/STM32F4xx_HAL_Driver/Src/stm32f4xx_hal_i2c.o
 .text.I2C_DMAXferCplt
                0x0000000008006fd8      0x1aa Drivers/STM32F4xx_HAL_Driver/Src/stm32f4xx_hal_i2c.o
 .text.I2C_DMAError
                0x0000000008007182       0x7a Drivers/STM32F4xx_HAL_Driver/Src/stm32f4xx_hal_i2c.o
 .text.I2C_DMAAbort
                0x00000000080071fc       0xfe Drivers/STM32F4xx_HAL_Driver/Src/stm32f4xx_hal_i2c.o
 .text.I2C_ConvertOtherXferOptions
                0x00000000080072fa       0x36 Drivers/STM32F4xx_HAL_Driver/Src/stm32f4xx_hal_i2c.o
 .text.HAL_RCC_OscConfig
                0x0000000008007330      0x4e0 Drivers/STM32F4xx_HAL_Driver/Src/stm32f4xx_hal_rcc.o
                0x0000000008007330                HAL_RCC_OscConfig
 .text.HAL_RCC_ClockConfig
                0x0000000008007810      0x1cc Drivers/STM32F4xx_HAL_Driver/Src/stm32f4xx_hal_rcc.o
                0x0000000008007810                HAL_RCC_ClockConfig
 .text.HAL_RCC_GetSysClockFreq
                0x00000000080079dc      0x1b0 Drivers/STM32F4xx_HAL_Driver/Src/stm32f4xx_hal_rcc.o
                0x00000000080079dc                HAL_RCC_GetSysClockFreq
 .text.HAL_RCC_GetHCLKFreq
                0x0000000008007b8c       0x18 Drivers/STM32F4xx_HAL_Driver/Src/stm32f4xx_hal_rcc.o
                0x0000000008007b8c                HAL_RCC_GetHCLKFreq
 .text.HAL_RCC_GetPCLK1Freq
                0x0000000008007ba4       0x28 Drivers/STM32F4xx_HAL_Driver/Src/stm32f4xx_hal_rcc.o
                0x0000000008007ba4                HAL_RCC_GetPCLK1Freq
 .text.HAL_RCC_GetPCLK2Freq
                0x0000000008007bcc       0x28 Drivers/STM32F4xx_HAL_Driver/Src/stm32f4xx_hal_rcc.o
                0x0000000008007bcc                HAL_RCC_GetPCLK2Freq
 .text.HAL_TIM_Base_Init
                0x0000000008007bf4       0x56 Drivers/STM32F4xx_HAL_Driver/Src/stm32f4xx_hal_tim.o
                0x0000000008007bf4                HAL_TIM_Base_Init
 .text.HAL_TIM_Base_Start_IT
                0x0000000008007c4a       0x48 Drivers/STM32F4xx_HAL_Driver/Src/stm32f4xx_hal_tim.o
                0x0000000008007c4a                HAL_TIM_Base_Start_IT
 .text.HAL_TIM_Base_Stop_IT
                0x0000000008007c92       0x56 Drivers/STM32F4xx_HAL_Driver/Src/stm32f4xx_hal_tim.o
                0x0000000008007c92                HAL_TIM_Base_Stop_IT
 .text.HAL_TIM_IRQHandler
                0x0000000008007ce8      0x210 Drivers/STM32F4xx_HAL_Driver/Src/stm32f4xx_hal_tim.o
                0x0000000008007ce8                HAL_TIM_IRQHandler
 .text.HAL_TIM_ConfigClockSource
                0x0000000008007ef8      0x16e Drivers/STM32F4xx_HAL_Driver/Src/stm32f4xx_hal_tim.o
                0x0000000008007ef8                HAL_TIM_ConfigClockSource
 .text.HAL_TIM_OC_DelayElapsedCallback
                0x0000000008008066       0x14 Drivers/STM32F4xx_HAL_Driver/Src/stm32f4xx_hal_tim.o
                0x0000000008008066                HAL_TIM_OC_DelayElapsedCallback
 .text.HAL_TIM_IC_CaptureCallback
                0x000000000800807a       0x14 Drivers/STM32F4xx_HAL_Driver/Src/stm32f4xx_hal_tim.o
                0x000000000800807a                HAL_TIM_IC_CaptureCallback
 .text.HAL_TIM_PWM_PulseFinishedCallback
                0x000000000800808e       0x14 Drivers/STM32F4xx_HAL_Driver/Src/stm32f4xx_hal_tim.o
                0x000000000800808e                HAL_TIM_PWM_PulseFinishedCallback
 .text.HAL_TIM_TriggerCallback
                0x00000000080080a2       0x14 Drivers/STM32F4xx_HAL_Driver/Src/stm32f4xx_hal_tim.o
                0x00000000080080a2                HAL_TIM_TriggerCallback
 *fill*         0x00000000080080b6        0x2 
 .text.TIM_Base_SetConfig
                0x00000000080080b8      0x100 Drivers/STM32F4xx_HAL_Driver/Src/stm32f4xx_hal_tim.o
                0x00000000080080b8                TIM_Base_SetConfig
 .text.TIM_TI1_ConfigInputStage
                0x00000000080081b8       0x5e Drivers/STM32F4xx_HAL_Driver/Src/stm32f4xx_hal_tim.o
 .text.TIM_TI2_ConfigInputStage
                0x0000000008008216       0x60 Drivers/STM32F4xx_HAL_Driver/Src/stm32f4xx_hal_tim.o
 .text.TIM_ITRx_SetConfig
                0x0000000008008276       0x36 Drivers/STM32F4xx_HAL_Driver/Src/stm32f4xx_hal_tim.o
 .text.TIM_ETR_SetConfig
                0x00000000080082ac       0x40 Drivers/STM32F4xx_HAL_Driver/Src/stm32f4xx_hal_tim.o
                0x00000000080082ac                TIM_ETR_SetConfig
 .text.HAL_TIMEx_MasterConfigSynchronization
                0x00000000080082ec       0xdc Drivers/STM32F4xx_HAL_Driver/Src/stm32f4xx_hal_tim_ex.o
                0x00000000080082ec                HAL_TIMEx_MasterConfigSynchronization
 .text.HAL_TIMEx_CommutCallback
                0x00000000080083c8       0x14 Drivers/STM32F4xx_HAL_Driver/Src/stm32f4xx_hal_tim_ex.o
                0x00000000080083c8                HAL_TIMEx_CommutCallback
 .text.HAL_TIMEx_BreakCallback
                0x00000000080083dc       0x14 Drivers/STM32F4xx_HAL_Driver/Src/stm32f4xx_hal_tim_ex.o
                0x00000000080083dc                HAL_TIMEx_BreakCallback
 .text.HAL_UART_Init
                0x00000000080083f0       0x9a Drivers/STM32F4xx_HAL_Driver/Src/stm32f4xx_hal_uart.o
                0x00000000080083f0                HAL_UART_Init
 *fill*         0x000000000800848a        0x2 
 .text.HAL_UART_Transmit_DMA
                0x000000000800848c       0xd8 Drivers/STM32F4xx_HAL_Driver/Src/stm32f4xx_hal_uart.o
                0x000000000800848c                HAL_UART_Transmit_DMA
 .text.HAL_UART_Receive_DMA
                0x0000000008008564      0x100 Drivers/STM32F4xx_HAL_Driver/Src/stm32f4xx_hal_uart.o
                0x0000000008008564                HAL_UART_Receive_DMA
 .text.HAL_UART_IRQHandler
                0x0000000008008664      0x200 Drivers/STM32F4xx_HAL_Driver/Src/stm32f4xx_hal_uart.o
                0x0000000008008664                HAL_UART_IRQHandler
 .text.HAL_UART_TxHalfCpltCallback
                0x0000000008008864       0x14 Drivers/STM32F4xx_HAL_Driver/Src/stm32f4xx_hal_uart.o
                0x0000000008008864                HAL_UART_TxHalfCpltCallback
 .text.HAL_UART_RxHalfCpltCallback
                0x0000000008008878       0x14 Drivers/STM32F4xx_HAL_Driver/Src/stm32f4xx_hal_uart.o
                0x0000000008008878                HAL_UART_RxHalfCpltCallback
 .text.HAL_UART_ErrorCallback
                0x000000000800888c       0x14 Drivers/STM32F4xx_HAL_Driver/Src/stm32f4xx_hal_uart.o
                0x000000000800888c                HAL_UART_ErrorCallback
 .text.UART_DMATransmitCplt
                0x00000000080088a0       0x52 Drivers/STM32F4xx_HAL_Driver/Src/stm32f4xx_hal_uart.o
 .text.UART_DMATxHalfCplt
                0x00000000080088f2       0x1c Drivers/STM32F4xx_HAL_Driver/Src/stm32f4xx_hal_uart.o
 .text.UART_DMAReceiveCplt
                0x000000000800890e       0x68 Drivers/STM32F4xx_HAL_Driver/Src/stm32f4xx_hal_uart.o
 .text.UART_DMARxHalfCplt
                0x0000000008008976       0x1c Drivers/STM32F4xx_HAL_Driver/Src/stm32f4xx_hal_uart.o
 .text.UART_DMAError
                0x0000000008008992       0x94 Drivers/STM32F4xx_HAL_Driver/Src/stm32f4xx_hal_uart.o
 .text.UART_EndTxTransfer
                0x0000000008008a26       0x2c Drivers/STM32F4xx_HAL_Driver/Src/stm32f4xx_hal_uart.o
 .text.UART_EndRxTransfer
                0x0000000008008a52       0x3c Drivers/STM32F4xx_HAL_Driver/Src/stm32f4xx_hal_uart.o
 .text.UART_DMAAbortOnError
                0x0000000008008a8e       0x28 Drivers/STM32F4xx_HAL_Driver/Src/stm32f4xx_hal_uart.o
 .text.UART_Transmit_IT
                0x0000000008008ab6       0xac Drivers/STM32F4xx_HAL_Driver/Src/stm32f4xx_hal_uart.o
 .text.UART_EndTransmit_IT
                0x0000000008008b62       0x30 Drivers/STM32F4xx_HAL_Driver/Src/stm32f4xx_hal_uart.o
 .text.UART_Receive_IT
                0x0000000008008b92      0x102 Drivers/STM32F4xx_HAL_Driver/Src/stm32f4xx_hal_uart.o
 .text.UART_SetConfig
                0x0000000008008c94      0x6f8 Drivers/STM32F4xx_HAL_Driver/Src/stm32f4xx_hal_uart.o
 .text.__cxa_pure_virtual
                0x000000000800938c        0x6 /home/fofolevrai/st/stm32cubeide_1.3.0/plugins/com.st.stm32cube.ide.mcu.externaltools.gnu-tools-for-stm32.7-2018-q2-update.linux64_1.0.0.201904181610/tools/bin/../lib/gcc/arm-none-eabi/7.3.1/../../../../arm-none-eabi/lib/thumb/v7e-m/fpv4-sp/hard/libstdc++_nano.a(pure.o)
                0x000000000800938c                __cxa_pure_virtual
 .text._ZN10__cxxabiv111__terminateEPFvvE
                0x0000000008009392        0x8 /home/fofolevrai/st/stm32cubeide_1.3.0/plugins/com.st.stm32cube.ide.mcu.externaltools.gnu-tools-for-stm32.7-2018-q2-update.linux64_1.0.0.201904181610/tools/bin/../lib/gcc/arm-none-eabi/7.3.1/../../../../arm-none-eabi/lib/thumb/v7e-m/fpv4-sp/hard/libstdc++_nano.a(eh_terminate.o)
                0x0000000008009392                __cxxabiv1::__terminate(void (*)())
 *fill*         0x000000000800939a        0x2 
 .text._ZSt13get_terminatev
                0x000000000800939c       0x10 /home/fofolevrai/st/stm32cubeide_1.3.0/plugins/com.st.stm32cube.ide.mcu.externaltools.gnu-tools-for-stm32.7-2018-q2-update.linux64_1.0.0.201904181610/tools/bin/../lib/gcc/arm-none-eabi/7.3.1/../../../../arm-none-eabi/lib/thumb/v7e-m/fpv4-sp/hard/libstdc++_nano.a(eh_terminate.o)
                0x000000000800939c                std::get_terminate()
 .text._ZSt9terminatev
                0x00000000080093ac        0xa /home/fofolevrai/st/stm32cubeide_1.3.0/plugins/com.st.stm32cube.ide.mcu.externaltools.gnu-tools-for-stm32.7-2018-q2-update.linux64_1.0.0.201904181610/tools/bin/../lib/gcc/arm-none-eabi/7.3.1/../../../../arm-none-eabi/lib/thumb/v7e-m/fpv4-sp/hard/libstdc++_nano.a(eh_terminate.o)
                0x00000000080093ac                std::terminate()
 .text.abort    0x00000000080093b6        0xe /home/fofolevrai/st/stm32cubeide_1.3.0/plugins/com.st.stm32cube.ide.mcu.externaltools.gnu-tools-for-stm32.7-2018-q2-update.linux64_1.0.0.201904181610/tools/bin/../lib/gcc/arm-none-eabi/7.3.1/../../../../arm-none-eabi/lib/thumb/v7e-m/fpv4-sp/hard/libc_nano.a(lib_a-abort.o)
                0x00000000080093b6                abort
 .text.__errno  0x00000000080093c4        0xc /home/fofolevrai/st/stm32cubeide_1.3.0/plugins/com.st.stm32cube.ide.mcu.externaltools.gnu-tools-for-stm32.7-2018-q2-update.linux64_1.0.0.201904181610/tools/bin/../lib/gcc/arm-none-eabi/7.3.1/../../../../arm-none-eabi/lib/thumb/v7e-m/fpv4-sp/hard/libc_nano.a(lib_a-errno.o)
                0x00000000080093c4                __errno
 .text.__libc_init_array
                0x00000000080093d0       0x48 /home/fofolevrai/st/stm32cubeide_1.3.0/plugins/com.st.stm32cube.ide.mcu.externaltools.gnu-tools-for-stm32.7-2018-q2-update.linux64_1.0.0.201904181610/tools/bin/../lib/gcc/arm-none-eabi/7.3.1/../../../../arm-none-eabi/lib/thumb/v7e-m/fpv4-sp/hard/libc_nano.a(lib_a-init.o)
                0x00000000080093d0                __libc_init_array
 .text.memcpy   0x0000000008009418       0x16 /home/fofolevrai/st/stm32cubeide_1.3.0/plugins/com.st.stm32cube.ide.mcu.externaltools.gnu-tools-for-stm32.7-2018-q2-update.linux64_1.0.0.201904181610/tools/bin/../lib/gcc/arm-none-eabi/7.3.1/../../../../arm-none-eabi/lib/thumb/v7e-m/fpv4-sp/hard/libc_nano.a(lib_a-memcpy-stub.o)
                0x0000000008009418                memcpy
 .text.memset   0x000000000800942e       0x10 /home/fofolevrai/st/stm32cubeide_1.3.0/plugins/com.st.stm32cube.ide.mcu.externaltools.gnu-tools-for-stm32.7-2018-q2-update.linux64_1.0.0.201904181610/tools/bin/../lib/gcc/arm-none-eabi/7.3.1/../../../../arm-none-eabi/lib/thumb/v7e-m/fpv4-sp/hard/libc_nano.a(lib_a-memset.o)
                0x000000000800942e                memset
 *fill*         0x000000000800943e        0x2 
 .text.realloc  0x0000000008009440       0x10 /home/fofolevrai/st/stm32cubeide_1.3.0/plugins/com.st.stm32cube.ide.mcu.externaltools.gnu-tools-for-stm32.7-2018-q2-update.linux64_1.0.0.201904181610/tools/bin/../lib/gcc/arm-none-eabi/7.3.1/../../../../arm-none-eabi/lib/thumb/v7e-m/fpv4-sp/hard/libc_nano.a(lib_a-realloc.o)
                0x0000000008009440                realloc
 .text._raise_r
                0x0000000008009450       0x50 /home/fofolevrai/st/stm32cubeide_1.3.0/plugins/com.st.stm32cube.ide.mcu.externaltools.gnu-tools-for-stm32.7-2018-q2-update.linux64_1.0.0.201904181610/tools/bin/../lib/gcc/arm-none-eabi/7.3.1/../../../../arm-none-eabi/lib/thumb/v7e-m/fpv4-sp/hard/libc_nano.a(lib_a-signal.o)
                0x0000000008009450                _raise_r
 .text.raise    0x00000000080094a0       0x10 /home/fofolevrai/st/stm32cubeide_1.3.0/plugins/com.st.stm32cube.ide.mcu.externaltools.gnu-tools-for-stm32.7-2018-q2-update.linux64_1.0.0.201904181610/tools/bin/../lib/gcc/arm-none-eabi/7.3.1/../../../../arm-none-eabi/lib/thumb/v7e-m/fpv4-sp/hard/libc_nano.a(lib_a-signal.o)
                0x00000000080094a0                raise
 .text._kill_r  0x00000000080094b0       0x24 /home/fofolevrai/st/stm32cubeide_1.3.0/plugins/com.st.stm32cube.ide.mcu.externaltools.gnu-tools-for-stm32.7-2018-q2-update.linux64_1.0.0.201904181610/tools/bin/../lib/gcc/arm-none-eabi/7.3.1/../../../../arm-none-eabi/lib/thumb/v7e-m/fpv4-sp/hard/libc_nano.a(lib_a-signalr.o)
                0x00000000080094b0                _kill_r
 .text._getpid_r
                0x00000000080094d4        0x4 /home/fofolevrai/st/stm32cubeide_1.3.0/plugins/com.st.stm32cube.ide.mcu.externaltools.gnu-tools-for-stm32.7-2018-q2-update.linux64_1.0.0.201904181610/tools/bin/../lib/gcc/arm-none-eabi/7.3.1/../../../../arm-none-eabi/lib/thumb/v7e-m/fpv4-sp/hard/libc_nano.a(lib_a-signalr.o)
                0x00000000080094d4                _getpid_r
 .text._malloc_r
                0x00000000080094d8       0xb4 /home/fofolevrai/st/stm32cubeide_1.3.0/plugins/com.st.stm32cube.ide.mcu.externaltools.gnu-tools-for-stm32.7-2018-q2-update.linux64_1.0.0.201904181610/tools/bin/../lib/gcc/arm-none-eabi/7.3.1/../../../../arm-none-eabi/lib/thumb/v7e-m/fpv4-sp/hard/libc_nano.a(lib_a-nano-mallocr.o)
                0x00000000080094d8                _malloc_r
 .text._realloc_r
                0x000000000800958c       0x4c /home/fofolevrai/st/stm32cubeide_1.3.0/plugins/com.st.stm32cube.ide.mcu.externaltools.gnu-tools-for-stm32.7-2018-q2-update.linux64_1.0.0.201904181610/tools/bin/../lib/gcc/arm-none-eabi/7.3.1/../../../../arm-none-eabi/lib/thumb/v7e-m/fpv4-sp/hard/libc_nano.a(lib_a-nano-reallocr.o)
                0x000000000800958c                _realloc_r
 .text._sbrk_r  0x00000000080095d8       0x20 /home/fofolevrai/st/stm32cubeide_1.3.0/plugins/com.st.stm32cube.ide.mcu.externaltools.gnu-tools-for-stm32.7-2018-q2-update.linux64_1.0.0.201904181610/tools/bin/../lib/gcc/arm-none-eabi/7.3.1/../../../../arm-none-eabi/lib/thumb/v7e-m/fpv4-sp/hard/libc_nano.a(lib_a-sbrkr.o)
                0x00000000080095d8                _sbrk_r
 .text.__malloc_lock
                0x00000000080095f8        0x2 /home/fofolevrai/st/stm32cubeide_1.3.0/plugins/com.st.stm32cube.ide.mcu.externaltools.gnu-tools-for-stm32.7-2018-q2-update.linux64_1.0.0.201904181610/tools/bin/../lib/gcc/arm-none-eabi/7.3.1/../../../../arm-none-eabi/lib/thumb/v7e-m/fpv4-sp/hard/libc_nano.a(lib_a-mlock.o)
                0x00000000080095f8                __malloc_lock
 .text.__malloc_unlock
                0x00000000080095fa        0x2 /home/fofolevrai/st/stm32cubeide_1.3.0/plugins/com.st.stm32cube.ide.mcu.externaltools.gnu-tools-for-stm32.7-2018-q2-update.linux64_1.0.0.201904181610/tools/bin/../lib/gcc/arm-none-eabi/7.3.1/../../../../arm-none-eabi/lib/thumb/v7e-m/fpv4-sp/hard/libc_nano.a(lib_a-mlock.o)
                0x00000000080095fa                __malloc_unlock
 .text._free_r  0x00000000080095fc       0x9c /home/fofolevrai/st/stm32cubeide_1.3.0/plugins/com.st.stm32cube.ide.mcu.externaltools.gnu-tools-for-stm32.7-2018-q2-update.linux64_1.0.0.201904181610/tools/bin/../lib/gcc/arm-none-eabi/7.3.1/../../../../arm-none-eabi/lib/thumb/v7e-m/fpv4-sp/hard/libc_nano.a(lib_a-nano-freer.o)
                0x00000000080095fc                _free_r
 .text._malloc_usable_size_r
                0x0000000008009698       0x10 /home/fofolevrai/st/stm32cubeide_1.3.0/plugins/com.st.stm32cube.ide.mcu.externaltools.gnu-tools-for-stm32.7-2018-q2-update.linux64_1.0.0.201904181610/tools/bin/../lib/gcc/arm-none-eabi/7.3.1/../../../../arm-none-eabi/lib/thumb/v7e-m/fpv4-sp/hard/libc_nano.a(lib_a-nano-msizer.o)
                0x0000000008009698                _malloc_usable_size_r
 *(.glue_7)
 .glue_7        0x00000000080096a8        0x0 linker stubs
 *(.glue_7t)
 .glue_7t       0x00000000080096a8        0x0 linker stubs
 *(.eh_frame)
 .eh_frame      0x00000000080096a8        0x0 /home/fofolevrai/st/stm32cubeide_1.3.0/plugins/com.st.stm32cube.ide.mcu.externaltools.gnu-tools-for-stm32.7-2018-q2-update.linux64_1.0.0.201904181610/tools/bin/../lib/gcc/arm-none-eabi/7.3.1/thumb/v7e-m/fpv4-sp/hard/crtbegin.o
 *(.init)
 .init          0x00000000080096a8        0x4 /home/fofolevrai/st/stm32cubeide_1.3.0/plugins/com.st.stm32cube.ide.mcu.externaltools.gnu-tools-for-stm32.7-2018-q2-update.linux64_1.0.0.201904181610/tools/bin/../lib/gcc/arm-none-eabi/7.3.1/thumb/v7e-m/fpv4-sp/hard/crti.o
                0x00000000080096a8                _init
 .init          0x00000000080096ac        0x8 /home/fofolevrai/st/stm32cubeide_1.3.0/plugins/com.st.stm32cube.ide.mcu.externaltools.gnu-tools-for-stm32.7-2018-q2-update.linux64_1.0.0.201904181610/tools/bin/../lib/gcc/arm-none-eabi/7.3.1/thumb/v7e-m/fpv4-sp/hard/crtn.o
 *(.fini)
 .fini          0x00000000080096b4        0x4 /home/fofolevrai/st/stm32cubeide_1.3.0/plugins/com.st.stm32cube.ide.mcu.externaltools.gnu-tools-for-stm32.7-2018-q2-update.linux64_1.0.0.201904181610/tools/bin/../lib/gcc/arm-none-eabi/7.3.1/thumb/v7e-m/fpv4-sp/hard/crti.o
                0x00000000080096b4                _fini
 .fini          0x00000000080096b8        0x8 /home/fofolevrai/st/stm32cubeide_1.3.0/plugins/com.st.stm32cube.ide.mcu.externaltools.gnu-tools-for-stm32.7-2018-q2-update.linux64_1.0.0.201904181610/tools/bin/../lib/gcc/arm-none-eabi/7.3.1/thumb/v7e-m/fpv4-sp/hard/crtn.o
                0x00000000080096c0                . = ALIGN (0x4)
                0x00000000080096c0                _etext = .

.vfp11_veneer   0x00000000080096c0        0x0
 .vfp11_veneer  0x00000000080096c0        0x0 linker stubs

.v4_bx          0x00000000080096c0        0x0
 .v4_bx         0x00000000080096c0        0x0 linker stubs

.iplt           0x00000000080096c0        0x0
 .iplt          0x00000000080096c0        0x0 /home/fofolevrai/st/stm32cubeide_1.3.0/plugins/com.st.stm32cube.ide.mcu.externaltools.gnu-tools-for-stm32.7-2018-q2-update.linux64_1.0.0.201904181610/tools/bin/../lib/gcc/arm-none-eabi/7.3.1/thumb/v7e-m/fpv4-sp/hard/crtbegin.o

.rodata         0x00000000080096c0      0x318
                0x00000000080096c0                . = ALIGN (0x4)
 *(.rodata)
 .rodata        0x00000000080096c0      0x1f4 Core/Src/mainpp.o
 *(.rodata*)
 .rodata._ZN14rosserial_msgsL12REQUESTPARAME
                0x00000000080098b4       0x1c Core/Src/mainpp.o
 .rodata._ZTVN3ros11NodeHandle_I13STM32HardwareLi25ELi25ELi512ELi512EEE
                0x00000000080098d0       0x14 Core/Src/mainpp.o
                0x00000000080098d0                vtable for ros::NodeHandle_<STM32Hardware, 25, 25, 512, 512>
 .rodata._ZTVN3ros15NodeHandleBase_E
                0x00000000080098e4       0x14 Core/Src/mainpp.o
                0x00000000080098e4                vtable for ros::NodeHandleBase_
 .rodata._ZTVN14rosserial_msgs20RequestParamResponseE
                0x00000000080098f8       0x18 Core/Src/mainpp.o
                0x00000000080098f8                vtable for rosserial_msgs::RequestParamResponse
 .rodata._ZTVN14rosserial_msgs3LogE
                0x0000000008009910       0x18 Core/Src/mainpp.o
                0x0000000008009910                vtable for rosserial_msgs::Log
 .rodata._ZTVN14rosserial_msgs9TopicInfoE
                0x0000000008009928       0x18 Core/Src/mainpp.o
                0x0000000008009928                vtable for rosserial_msgs::TopicInfo
 .rodata._ZTVN8std_msgs4TimeE
                0x0000000008009940       0x18 Core/Src/mainpp.o
                0x0000000008009940                vtable for std_msgs::Time
 .rodata._ZTVN11sensor_msgs11TemperatureE
                0x0000000008009958       0x18 Core/Src/mainpp.o
                0x0000000008009958                vtable for sensor_msgs::Temperature
 .rodata._ZTVN11sensor_msgs13FluidPressureE
                0x0000000008009970       0x18 Core/Src/mainpp.o
                0x0000000008009970                vtable for sensor_msgs::FluidPressure
 .rodata._ZTVN8std_msgs6HeaderE
                0x0000000008009988       0x18 Core/Src/mainpp.o
                0x0000000008009988                vtable for std_msgs::Header
 .rodata._ZTVN3ros3MsgE
                0x00000000080099a0       0x18 Core/Src/mainpp.o
                0x00000000080099a0                vtable for ros::Msg
 .rodata.AHBPrescTable
                0x00000000080099b8       0x10 Core/Src/system_stm32f4xx.o
                0x00000000080099b8                AHBPrescTable
 .rodata.APBPrescTable
                0x00000000080099c8        0x8 Core/Src/system_stm32f4xx.o
                0x00000000080099c8                APBPrescTable
 .rodata.flagBitshiftOffset.8199
                0x00000000080099d0        0x8 Drivers/STM32F4xx_HAL_Driver/Src/stm32f4xx_hal_dma.o
                0x00000000080099d8                . = ALIGN (0x4)

.ARM.extab      0x00000000080099d8        0x0
                0x00000000080099d8                . = ALIGN (0x4)
 *(.ARM.extab* .gnu.linkonce.armextab.*)
                0x00000000080099d8                . = ALIGN (0x4)

.ARM            0x00000000080099d8        0x8
                0x00000000080099d8                . = ALIGN (0x4)
                0x00000000080099d8                __exidx_start = .
 *(.ARM.exidx*)
 .ARM.exidx     0x00000000080099d8        0x8 /home/fofolevrai/st/stm32cubeide_1.3.0/plugins/com.st.stm32cube.ide.mcu.externaltools.gnu-tools-for-stm32.7-2018-q2-update.linux64_1.0.0.201904181610/tools/bin/../lib/gcc/arm-none-eabi/7.3.1/thumb/v7e-m/fpv4-sp/hard/libgcc.a(_udivmoddi4.o)
                0x00000000080099e0                __exidx_end = .
                0x00000000080099e0                . = ALIGN (0x4)

.rel.dyn        0x00000000080099e0        0x0
 .rel.iplt      0x00000000080099e0        0x0 /home/fofolevrai/st/stm32cubeide_1.3.0/plugins/com.st.stm32cube.ide.mcu.externaltools.gnu-tools-for-stm32.7-2018-q2-update.linux64_1.0.0.201904181610/tools/bin/../lib/gcc/arm-none-eabi/7.3.1/thumb/v7e-m/fpv4-sp/hard/crtbegin.o

.preinit_array  0x00000000080099e0        0x0
                0x00000000080099e0                . = ALIGN (0x4)
                0x00000000080099e0                PROVIDE (__preinit_array_start = .)
 *(.preinit_array*)
                0x00000000080099e0                PROVIDE (__preinit_array_end = .)
                0x00000000080099e0                . = ALIGN (0x4)

.init_array     0x00000000080099e0        0x8
                0x00000000080099e0                . = ALIGN (0x4)
                0x00000000080099e0                PROVIDE (__init_array_start = .)
 *(SORT_BY_NAME(.init_array.*))
 *(.init_array*)
 .init_array    0x00000000080099e0        0x4 /home/fofolevrai/st/stm32cubeide_1.3.0/plugins/com.st.stm32cube.ide.mcu.externaltools.gnu-tools-for-stm32.7-2018-q2-update.linux64_1.0.0.201904181610/tools/bin/../lib/gcc/arm-none-eabi/7.3.1/thumb/v7e-m/fpv4-sp/hard/crtbegin.o
 .init_array    0x00000000080099e4        0x4 Core/Src/mainpp.o
                0x00000000080099e8                PROVIDE (__init_array_end = .)
                0x00000000080099e8                . = ALIGN (0x4)

.fini_array     0x00000000080099e8        0x4
                0x00000000080099e8                . = ALIGN (0x4)
                [!provide]                        PROVIDE (__fini_array_start = .)
 *(SORT_BY_NAME(.fini_array.*))
 *(.fini_array*)
 .fini_array    0x00000000080099e8        0x4 /home/fofolevrai/st/stm32cubeide_1.3.0/plugins/com.st.stm32cube.ide.mcu.externaltools.gnu-tools-for-stm32.7-2018-q2-update.linux64_1.0.0.201904181610/tools/bin/../lib/gcc/arm-none-eabi/7.3.1/thumb/v7e-m/fpv4-sp/hard/crtbegin.o
                [!provide]                        PROVIDE (__fini_array_end = .)
                0x00000000080099ec                . = ALIGN (0x4)
                0x00000000080099ec                _sidata = LOADADDR (.data)

.data           0x0000000020000000       0x84 load address 0x00000000080099ec
                0x0000000020000000                . = ALIGN (0x4)
                0x0000000020000000                _sdata = .
 *(.data)
 *(.data*)
 .data.tu8_ctrl_reg1_data
                0x0000000020000000        0x2 Core/Src/mainpp.o
                0x0000000020000000                tu8_ctrl_reg1_data
 *fill*         0x0000000020000002        0x2 
 .data.tu8_ctrl_reg2_data
                0x0000000020000004        0x2 Core/Src/mainpp.o
                0x0000000020000004                tu8_ctrl_reg2_data
 *fill*         0x0000000020000006        0x2 
 .data.tu8_fifo_ctrl_data1
                0x0000000020000008        0x2 Core/Src/mainpp.o
                0x0000000020000008                tu8_fifo_ctrl_data1
 *fill*         0x000000002000000a        0x2 
 .data.tu8_fifo_ctrl_data2
                0x000000002000000c        0x2 Core/Src/mainpp.o
                0x000000002000000c                tu8_fifo_ctrl_data2
 *fill*         0x000000002000000e        0x2 
 .data.SystemCoreClock
                0x0000000020000010        0x4 Core/Src/system_stm32f4xx.o
                0x0000000020000010                SystemCoreClock
 .data.uwTickPrio
                0x0000000020000014        0x4 Drivers/STM32F4xx_HAL_Driver/Src/stm32f4xx_hal.o
                0x0000000020000014                uwTickPrio
 .data.uwTickFreq
                0x0000000020000018        0x1 Drivers/STM32F4xx_HAL_Driver/Src/stm32f4xx_hal.o
                0x0000000020000018                uwTickFreq
 *fill*         0x0000000020000019        0x3 
 .data._ZN10__cxxabiv119__terminate_handlerE
                0x000000002000001c        0x4 /home/fofolevrai/st/stm32cubeide_1.3.0/plugins/com.st.stm32cube.ide.mcu.externaltools.gnu-tools-for-stm32.7-2018-q2-update.linux64_1.0.0.201904181610/tools/bin/../lib/gcc/arm-none-eabi/7.3.1/../../../../arm-none-eabi/lib/thumb/v7e-m/fpv4-sp/hard/libstdc++_nano.a(eh_term_handler.o)
                0x000000002000001c                __cxxabiv1::__terminate_handler
 .data._impure_ptr
                0x0000000020000020        0x4 /home/fofolevrai/st/stm32cubeide_1.3.0/plugins/com.st.stm32cube.ide.mcu.externaltools.gnu-tools-for-stm32.7-2018-q2-update.linux64_1.0.0.201904181610/tools/bin/../lib/gcc/arm-none-eabi/7.3.1/../../../../arm-none-eabi/lib/thumb/v7e-m/fpv4-sp/hard/libc_nano.a(lib_a-impure.o)
                0x0000000020000020                _impure_ptr
 .data.impure_data
                0x0000000020000024       0x60 /home/fofolevrai/st/stm32cubeide_1.3.0/plugins/com.st.stm32cube.ide.mcu.externaltools.gnu-tools-for-stm32.7-2018-q2-update.linux64_1.0.0.201904181610/tools/bin/../lib/gcc/arm-none-eabi/7.3.1/../../../../arm-none-eabi/lib/thumb/v7e-m/fpv4-sp/hard/libc_nano.a(lib_a-impure.o)
                0x0000000020000084                . = ALIGN (0x4)
                0x0000000020000084                _edata = .

.igot.plt       0x0000000020000084        0x0 load address 0x0000000008009a70
 .igot.plt      0x0000000020000084        0x0 /home/fofolevrai/st/stm32cubeide_1.3.0/plugins/com.st.stm32cube.ide.mcu.externaltools.gnu-tools-for-stm32.7-2018-q2-update.linux64_1.0.0.201904181610/tools/bin/../lib/gcc/arm-none-eabi/7.3.1/thumb/v7e-m/fpv4-sp/hard/crtbegin.o
                0x0000000020000084                . = ALIGN (0x4)

.bss            0x0000000020000088      0xc44 load address 0x0000000008009a70
                0x0000000020000088                _sbss = .
                0x0000000020000088                __bss_start__ = _sbss
 *(.bss)
 .bss           0x0000000020000088       0x1c /home/fofolevrai/st/stm32cubeide_1.3.0/plugins/com.st.stm32cube.ide.mcu.externaltools.gnu-tools-for-stm32.7-2018-q2-update.linux64_1.0.0.201904181610/tools/bin/../lib/gcc/arm-none-eabi/7.3.1/thumb/v7e-m/fpv4-sp/hard/crtbegin.o
 *(.bss*)
 .bss._ZZN13STM32Hardware5flushEvE5mutex
                0x00000000200000a4        0x1 Core/Src/mainpp.o
                0x00000000200000a4                STM32Hardware::flush()::mutex
 .bss._ZL33m_b_i2c_lps22hb_initializationSet
                0x00000000200000a5        0x1 Core/Src/mainpp.o
 .bss._ZL18m_b_i2c_RxComplete
                0x00000000200000a6        0x1 Core/Src/mainpp.o
 *fill*         0x00000000200000a7        0x1 
 .bss._ZL16m_st_lps22hbData
                0x00000000200000a8        0x5 Core/Src/mainpp.o
 *fill*         0x00000000200000ad        0x3 
 .bss.m_ros_LPS22HB_Temperature
                0x00000000200000b0       0x28 Core/Src/mainpp.o
                0x00000000200000b0                m_ros_LPS22HB_Temperature
 .bss.m_ros_LPS22HB_Pressure
                0x00000000200000d8       0x28 Core/Src/mainpp.o
                0x00000000200000d8                m_ros_LPS22HB_Pressure
 .bss.nh        0x0000000020000100      0x93c Core/Src/mainpp.o
                0x0000000020000100                nh
 .bss.m_ros_LPS22HB_Pressure_Publisher
                0x0000000020000a3c       0x14 Core/Src/mainpp.o
                0x0000000020000a3c                m_ros_LPS22HB_Pressure_Publisher
 .bss.m_ros_LPS22HB_Temperature_Publisher
                0x0000000020000a50       0x14 Core/Src/mainpp.o
                0x0000000020000a50                m_ros_LPS22HB_Temperature_Publisher
 .bss.heap_end.6424
                0x0000000020000a64        0x4 Core/Src/sysmem.o
 .bss.__malloc_free_list
                0x0000000020000a68        0x4 /home/fofolevrai/st/stm32cubeide_1.3.0/plugins/com.st.stm32cube.ide.mcu.externaltools.gnu-tools-for-stm32.7-2018-q2-update.linux64_1.0.0.201904181610/tools/bin/../lib/gcc/arm-none-eabi/7.3.1/../../../../arm-none-eabi/lib/thumb/v7e-m/fpv4-sp/hard/libc_nano.a(lib_a-nano-mallocr.o)
                0x0000000020000a68                __malloc_free_list
 .bss.__malloc_sbrk_start
                0x0000000020000a6c        0x4 /home/fofolevrai/st/stm32cubeide_1.3.0/plugins/com.st.stm32cube.ide.mcu.externaltools.gnu-tools-for-stm32.7-2018-q2-update.linux64_1.0.0.201904181610/tools/bin/../lib/gcc/arm-none-eabi/7.3.1/../../../../arm-none-eabi/lib/thumb/v7e-m/fpv4-sp/hard/libc_nano.a(lib_a-nano-mallocr.o)
                0x0000000020000a6c                __malloc_sbrk_start
 *(COMMON)
 COMMON         0x0000000020000a70      0x254 Core/Src/main.o
                0x0000000020000a70                hdma_usart2_rx
                0x0000000020000ad0                hdma_i2c1_tx
                0x0000000020000b30                hi2c1
                0x0000000020000b84                htim3
                0x0000000020000bc4                hdma_usart2_tx
                0x0000000020000c24                hdma_i2c1_rx
                0x0000000020000c84                huart2
 COMMON         0x0000000020000cc4        0x4 Drivers/STM32F4xx_HAL_Driver/Src/stm32f4xx_hal.o
                0x0000000020000cc4                uwTick
 COMMON         0x0000000020000cc8        0x4 /home/fofolevrai/st/stm32cubeide_1.3.0/plugins/com.st.stm32cube.ide.mcu.externaltools.gnu-tools-for-stm32.7-2018-q2-update.linux64_1.0.0.201904181610/tools/bin/../lib/gcc/arm-none-eabi/7.3.1/../../../../arm-none-eabi/lib/thumb/v7e-m/fpv4-sp/hard/libc_nano.a(lib_a-reent.o)
                0x0000000020000cc8                errno
                0x0000000020000ccc                . = ALIGN (0x4)
                0x0000000020000ccc                _ebss = .
                0x0000000020000ccc                __bss_end__ = _ebss

._user_heap_stack
                0x0000000020000ccc      0x604 load address 0x0000000008009a70
                0x0000000020000cd0                . = ALIGN (0x8)
 *fill*         0x0000000020000ccc        0x4 
                0x0000000020000cd0                PROVIDE (end = .)
                [!provide]                        PROVIDE (_end = .)
                0x0000000020000ed0                . = (. + _Min_Heap_Size)
 *fill*         0x0000000020000cd0      0x200 
                0x00000000200012d0                . = (. + _Min_Stack_Size)
 *fill*         0x0000000020000ed0      0x400 
                0x00000000200012d0                . = ALIGN (0x8)

/DISCARD/
 libc.a(*)
 libm.a(*)
 libgcc.a(*)

.ARM.attributes
                0x0000000000000000       0x30
 *(.ARM.attributes)
 .ARM.attributes
                0x0000000000000000       0x22 /home/fofolevrai/st/stm32cubeide_1.3.0/plugins/com.st.stm32cube.ide.mcu.externaltools.gnu-tools-for-stm32.7-2018-q2-update.linux64_1.0.0.201904181610/tools/bin/../lib/gcc/arm-none-eabi/7.3.1/thumb/v7e-m/fpv4-sp/hard/crti.o
 .ARM.attributes
                0x0000000000000022       0x34 /home/fofolevrai/st/stm32cubeide_1.3.0/plugins/com.st.stm32cube.ide.mcu.externaltools.gnu-tools-for-stm32.7-2018-q2-update.linux64_1.0.0.201904181610/tools/bin/../lib/gcc/arm-none-eabi/7.3.1/thumb/v7e-m/fpv4-sp/hard/crtbegin.o
 .ARM.attributes
                0x0000000000000056       0x39 Core/Inc/time.o
 .ARM.attributes
                0x000000000000008f       0x39 Core/Src/main.o
 .ARM.attributes
                0x00000000000000c8       0x39 Core/Src/mainpp.o
 .ARM.attributes
                0x0000000000000101       0x39 Core/Src/stm32f4xx_hal_msp.o
 .ARM.attributes
                0x000000000000013a       0x39 Core/Src/stm32f4xx_it.o
 .ARM.attributes
                0x0000000000000173       0x39 Core/Src/syscalls.o
 .ARM.attributes
                0x00000000000001ac       0x39 Core/Src/sysmem.o
 .ARM.attributes
                0x00000000000001e5       0x39 Core/Src/system_stm32f4xx.o
 .ARM.attributes
                0x000000000000021e       0x21 Core/Startup/startup_stm32f401retx.o
 .ARM.attributes
                0x000000000000023f       0x39 Drivers/STM32F4xx_HAL_Driver/Src/stm32f4xx_hal.o
 .ARM.attributes
                0x0000000000000278       0x39 Drivers/STM32F4xx_HAL_Driver/Src/stm32f4xx_hal_cortex.o
 .ARM.attributes
                0x00000000000002b1       0x39 Drivers/STM32F4xx_HAL_Driver/Src/stm32f4xx_hal_dma.o
 .ARM.attributes
                0x00000000000002ea       0x39 Drivers/STM32F4xx_HAL_Driver/Src/stm32f4xx_hal_gpio.o
 .ARM.attributes
                0x0000000000000323       0x39 Drivers/STM32F4xx_HAL_Driver/Src/stm32f4xx_hal_i2c.o
 .ARM.attributes
                0x000000000000035c       0x39 Drivers/STM32F4xx_HAL_Driver/Src/stm32f4xx_hal_rcc.o
 .ARM.attributes
                0x0000000000000395       0x39 Drivers/STM32F4xx_HAL_Driver/Src/stm32f4xx_hal_tim.o
 .ARM.attributes
                0x00000000000003ce       0x39 Drivers/STM32F4xx_HAL_Driver/Src/stm32f4xx_hal_tim_ex.o
 .ARM.attributes
                0x0000000000000407       0x39 Drivers/STM32F4xx_HAL_Driver/Src/stm32f4xx_hal_uart.o
 .ARM.attributes
                0x0000000000000440       0x34 /home/fofolevrai/st/stm32cubeide_1.3.0/plugins/com.st.stm32cube.ide.mcu.externaltools.gnu-tools-for-stm32.7-2018-q2-update.linux64_1.0.0.201904181610/tools/bin/../lib/gcc/arm-none-eabi/7.3.1/../../../../arm-none-eabi/lib/thumb/v7e-m/fpv4-sp/hard/libstdc++_nano.a(pure.o)
 .ARM.attributes
                0x0000000000000474       0x34 /home/fofolevrai/st/stm32cubeide_1.3.0/plugins/com.st.stm32cube.ide.mcu.externaltools.gnu-tools-for-stm32.7-2018-q2-update.linux64_1.0.0.201904181610/tools/bin/../lib/gcc/arm-none-eabi/7.3.1/../../../../arm-none-eabi/lib/thumb/v7e-m/fpv4-sp/hard/libstdc++_nano.a(eh_terminate.o)
 .ARM.attributes
                0x00000000000004a8       0x34 /home/fofolevrai/st/stm32cubeide_1.3.0/plugins/com.st.stm32cube.ide.mcu.externaltools.gnu-tools-for-stm32.7-2018-q2-update.linux64_1.0.0.201904181610/tools/bin/../lib/gcc/arm-none-eabi/7.3.1/../../../../arm-none-eabi/lib/thumb/v7e-m/fpv4-sp/hard/libstdc++_nano.a(eh_term_handler.o)
 .ARM.attributes
                0x00000000000004dc       0x34 /home/fofolevrai/st/stm32cubeide_1.3.0/plugins/com.st.stm32cube.ide.mcu.externaltools.gnu-tools-for-stm32.7-2018-q2-update.linux64_1.0.0.201904181610/tools/bin/../lib/gcc/arm-none-eabi/7.3.1/../../../../arm-none-eabi/lib/thumb/v7e-m/fpv4-sp/hard/libc_nano.a(lib_a-abort.o)
 .ARM.attributes
                0x0000000000000510       0x34 /home/fofolevrai/st/stm32cubeide_1.3.0/plugins/com.st.stm32cube.ide.mcu.externaltools.gnu-tools-for-stm32.7-2018-q2-update.linux64_1.0.0.201904181610/tools/bin/../lib/gcc/arm-none-eabi/7.3.1/../../../../arm-none-eabi/lib/thumb/v7e-m/fpv4-sp/hard/libc_nano.a(lib_a-errno.o)
 .ARM.attributes
                0x0000000000000544       0x34 /home/fofolevrai/st/stm32cubeide_1.3.0/plugins/com.st.stm32cube.ide.mcu.externaltools.gnu-tools-for-stm32.7-2018-q2-update.linux64_1.0.0.201904181610/tools/bin/../lib/gcc/arm-none-eabi/7.3.1/../../../../arm-none-eabi/lib/thumb/v7e-m/fpv4-sp/hard/libc_nano.a(lib_a-impure.o)
 .ARM.attributes
                0x0000000000000578       0x34 /home/fofolevrai/st/stm32cubeide_1.3.0/plugins/com.st.stm32cube.ide.mcu.externaltools.gnu-tools-for-stm32.7-2018-q2-update.linux64_1.0.0.201904181610/tools/bin/../lib/gcc/arm-none-eabi/7.3.1/../../../../arm-none-eabi/lib/thumb/v7e-m/fpv4-sp/hard/libc_nano.a(lib_a-init.o)
 .ARM.attributes
                0x00000000000005ac       0x34 /home/fofolevrai/st/stm32cubeide_1.3.0/plugins/com.st.stm32cube.ide.mcu.externaltools.gnu-tools-for-stm32.7-2018-q2-update.linux64_1.0.0.201904181610/tools/bin/../lib/gcc/arm-none-eabi/7.3.1/../../../../arm-none-eabi/lib/thumb/v7e-m/fpv4-sp/hard/libc_nano.a(lib_a-memcpy-stub.o)
 .ARM.attributes
                0x00000000000005e0       0x34 /home/fofolevrai/st/stm32cubeide_1.3.0/plugins/com.st.stm32cube.ide.mcu.externaltools.gnu-tools-for-stm32.7-2018-q2-update.linux64_1.0.0.201904181610/tools/bin/../lib/gcc/arm-none-eabi/7.3.1/../../../../arm-none-eabi/lib/thumb/v7e-m/fpv4-sp/hard/libc_nano.a(lib_a-memset.o)
 .ARM.attributes
                0x0000000000000614       0x34 /home/fofolevrai/st/stm32cubeide_1.3.0/plugins/com.st.stm32cube.ide.mcu.externaltools.gnu-tools-for-stm32.7-2018-q2-update.linux64_1.0.0.201904181610/tools/bin/../lib/gcc/arm-none-eabi/7.3.1/../../../../arm-none-eabi/lib/thumb/v7e-m/fpv4-sp/hard/libc_nano.a(lib_a-realloc.o)
 .ARM.attributes
                0x0000000000000648       0x34 /home/fofolevrai/st/stm32cubeide_1.3.0/plugins/com.st.stm32cube.ide.mcu.externaltools.gnu-tools-for-stm32.7-2018-q2-update.linux64_1.0.0.201904181610/tools/bin/../lib/gcc/arm-none-eabi/7.3.1/../../../../arm-none-eabi/lib/thumb/v7e-m/fpv4-sp/hard/libc_nano.a(lib_a-signal.o)
 .ARM.attributes
                0x000000000000067c       0x34 /home/fofolevrai/st/stm32cubeide_1.3.0/plugins/com.st.stm32cube.ide.mcu.externaltools.gnu-tools-for-stm32.7-2018-q2-update.linux64_1.0.0.201904181610/tools/bin/../lib/gcc/arm-none-eabi/7.3.1/../../../../arm-none-eabi/lib/thumb/v7e-m/fpv4-sp/hard/libc_nano.a(lib_a-signalr.o)
 .ARM.attributes
                0x00000000000006b0       0x1b /home/fofolevrai/st/stm32cubeide_1.3.0/plugins/com.st.stm32cube.ide.mcu.externaltools.gnu-tools-for-stm32.7-2018-q2-update.linux64_1.0.0.201904181610/tools/bin/../lib/gcc/arm-none-eabi/7.3.1/../../../../arm-none-eabi/lib/thumb/v7e-m/fpv4-sp/hard/libc_nano.a(lib_a-strlen.o)
 .ARM.attributes
                0x00000000000006cb       0x34 /home/fofolevrai/st/stm32cubeide_1.3.0/plugins/com.st.stm32cube.ide.mcu.externaltools.gnu-tools-for-stm32.7-2018-q2-update.linux64_1.0.0.201904181610/tools/bin/../lib/gcc/arm-none-eabi/7.3.1/../../../../arm-none-eabi/lib/thumb/v7e-m/fpv4-sp/hard/libc_nano.a(lib_a-nano-mallocr.o)
 .ARM.attributes
                0x00000000000006ff       0x34 /home/fofolevrai/st/stm32cubeide_1.3.0/plugins/com.st.stm32cube.ide.mcu.externaltools.gnu-tools-for-stm32.7-2018-q2-update.linux64_1.0.0.201904181610/tools/bin/../lib/gcc/arm-none-eabi/7.3.1/../../../../arm-none-eabi/lib/thumb/v7e-m/fpv4-sp/hard/libc_nano.a(lib_a-nano-reallocr.o)
 .ARM.attributes
                0x0000000000000733       0x34 /home/fofolevrai/st/stm32cubeide_1.3.0/plugins/com.st.stm32cube.ide.mcu.externaltools.gnu-tools-for-stm32.7-2018-q2-update.linux64_1.0.0.201904181610/tools/bin/../lib/gcc/arm-none-eabi/7.3.1/../../../../arm-none-eabi/lib/thumb/v7e-m/fpv4-sp/hard/libc_nano.a(lib_a-reent.o)
 .ARM.attributes
                0x0000000000000767       0x34 /home/fofolevrai/st/stm32cubeide_1.3.0/plugins/com.st.stm32cube.ide.mcu.externaltools.gnu-tools-for-stm32.7-2018-q2-update.linux64_1.0.0.201904181610/tools/bin/../lib/gcc/arm-none-eabi/7.3.1/../../../../arm-none-eabi/lib/thumb/v7e-m/fpv4-sp/hard/libc_nano.a(lib_a-sbrkr.o)
 .ARM.attributes
                0x000000000000079b       0x34 /home/fofolevrai/st/stm32cubeide_1.3.0/plugins/com.st.stm32cube.ide.mcu.externaltools.gnu-tools-for-stm32.7-2018-q2-update.linux64_1.0.0.201904181610/tools/bin/../lib/gcc/arm-none-eabi/7.3.1/../../../../arm-none-eabi/lib/thumb/v7e-m/fpv4-sp/hard/libc_nano.a(lib_a-mlock.o)
 .ARM.attributes
                0x00000000000007cf       0x34 /home/fofolevrai/st/stm32cubeide_1.3.0/plugins/com.st.stm32cube.ide.mcu.externaltools.gnu-tools-for-stm32.7-2018-q2-update.linux64_1.0.0.201904181610/tools/bin/../lib/gcc/arm-none-eabi/7.3.1/../../../../arm-none-eabi/lib/thumb/v7e-m/fpv4-sp/hard/libc_nano.a(lib_a-nano-freer.o)
 .ARM.attributes
                0x0000000000000803       0x34 /home/fofolevrai/st/stm32cubeide_1.3.0/plugins/com.st.stm32cube.ide.mcu.externaltools.gnu-tools-for-stm32.7-2018-q2-update.linux64_1.0.0.201904181610/tools/bin/../lib/gcc/arm-none-eabi/7.3.1/../../../../arm-none-eabi/lib/thumb/v7e-m/fpv4-sp/hard/libc_nano.a(lib_a-nano-msizer.o)
 .ARM.attributes
                0x0000000000000837       0x22 /home/fofolevrai/st/stm32cubeide_1.3.0/plugins/com.st.stm32cube.ide.mcu.externaltools.gnu-tools-for-stm32.7-2018-q2-update.linux64_1.0.0.201904181610/tools/bin/../lib/gcc/arm-none-eabi/7.3.1/thumb/v7e-m/fpv4-sp/hard/libgcc.a(_arm_addsubdf3.o)
 .ARM.attributes
                0x0000000000000859       0x22 /home/fofolevrai/st/stm32cubeide_1.3.0/plugins/com.st.stm32cube.ide.mcu.externaltools.gnu-tools-for-stm32.7-2018-q2-update.linux64_1.0.0.201904181610/tools/bin/../lib/gcc/arm-none-eabi/7.3.1/thumb/v7e-m/fpv4-sp/hard/libgcc.a(_arm_muldivdf3.o)
 .ARM.attributes
                0x000000000000087b       0x22 /home/fofolevrai/st/stm32cubeide_1.3.0/plugins/com.st.stm32cube.ide.mcu.externaltools.gnu-tools-for-stm32.7-2018-q2-update.linux64_1.0.0.201904181610/tools/bin/../lib/gcc/arm-none-eabi/7.3.1/thumb/v7e-m/fpv4-sp/hard/libgcc.a(_aeabi_uldivmod.o)
 .ARM.attributes
                0x000000000000089d       0x34 /home/fofolevrai/st/stm32cubeide_1.3.0/plugins/com.st.stm32cube.ide.mcu.externaltools.gnu-tools-for-stm32.7-2018-q2-update.linux64_1.0.0.201904181610/tools/bin/../lib/gcc/arm-none-eabi/7.3.1/thumb/v7e-m/fpv4-sp/hard/libgcc.a(_udivmoddi4.o)
 .ARM.attributes
                0x00000000000008d1       0x22 /home/fofolevrai/st/stm32cubeide_1.3.0/plugins/com.st.stm32cube.ide.mcu.externaltools.gnu-tools-for-stm32.7-2018-q2-update.linux64_1.0.0.201904181610/tools/bin/../lib/gcc/arm-none-eabi/7.3.1/thumb/v7e-m/fpv4-sp/hard/libgcc.a(_dvmd_tls.o)
 .ARM.attributes
                0x00000000000008f3       0x22 /home/fofolevrai/st/stm32cubeide_1.3.0/plugins/com.st.stm32cube.ide.mcu.externaltools.gnu-tools-for-stm32.7-2018-q2-update.linux64_1.0.0.201904181610/tools/bin/../lib/gcc/arm-none-eabi/7.3.1/thumb/v7e-m/fpv4-sp/hard/crtn.o
OUTPUT(X_NUCLEO_IKS01A2_Shield.elf elf32-littlearm)

.debug_info     0x0000000000000000    0x15514
 .debug_info    0x0000000000000000     0x13e9 Core/Inc/time.o
 .debug_info    0x00000000000013e9     0x135d Core/Src/main.o
 .debug_info    0x0000000000002746     0x5612 Core/Src/mainpp.o
 .debug_info    0x0000000000007d58     0x115e Core/Src/stm32f4xx_hal_msp.o
 .debug_info    0x0000000000008eb6      0xc37 Core/Src/stm32f4xx_it.o
 .debug_info    0x0000000000009aed      0xebd Core/Src/syscalls.o
 .debug_info    0x000000000000a9aa      0x91c Core/Src/sysmem.o
 .debug_info    0x000000000000b2c6      0x57e Core/Src/system_stm32f4xx.o
 .debug_info    0x000000000000b844       0x22 Core/Startup/startup_stm32f401retx.o
 .debug_info    0x000000000000b866      0x8ce Drivers/STM32F4xx_HAL_Driver/Src/stm32f4xx_hal.o
 .debug_info    0x000000000000c134      0xd92 Drivers/STM32F4xx_HAL_Driver/Src/stm32f4xx_hal_cortex.o
 .debug_info    0x000000000000cec6      0x960 Drivers/STM32F4xx_HAL_Driver/Src/stm32f4xx_hal_dma.o
 .debug_info    0x000000000000d826      0x7d7 Drivers/STM32F4xx_HAL_Driver/Src/stm32f4xx_hal_gpio.o
 .debug_info    0x000000000000dffd     0x23ba Drivers/STM32F4xx_HAL_Driver/Src/stm32f4xx_hal_i2c.o
 .debug_info    0x00000000000103b7      0x929 Drivers/STM32F4xx_HAL_Driver/Src/stm32f4xx_hal_rcc.o
 .debug_info    0x0000000000010ce0     0x24a1 Drivers/STM32F4xx_HAL_Driver/Src/stm32f4xx_hal_tim.o
 .debug_info    0x0000000000013181     0x114f Drivers/STM32F4xx_HAL_Driver/Src/stm32f4xx_hal_tim_ex.o
 .debug_info    0x00000000000142d0     0x1244 Drivers/STM32F4xx_HAL_Driver/Src/stm32f4xx_hal_uart.o

.debug_abbrev   0x0000000000000000     0x2a62
 .debug_abbrev  0x0000000000000000      0x353 Core/Inc/time.o
 .debug_abbrev  0x0000000000000353      0x213 Core/Src/main.o
 .debug_abbrev  0x0000000000000566      0x839 Core/Src/mainpp.o
 .debug_abbrev  0x0000000000000d9f      0x1de Core/Src/stm32f4xx_hal_msp.o
 .debug_abbrev  0x0000000000000f7d      0x181 Core/Src/stm32f4xx_it.o
 .debug_abbrev  0x00000000000010fe      0x261 Core/Src/syscalls.o
 .debug_abbrev  0x000000000000135f      0x1bb Core/Src/sysmem.o
 .debug_abbrev  0x000000000000151a      0x12b Core/Src/system_stm32f4xx.o
 .debug_abbrev  0x0000000000001645       0x12 Core/Startup/startup_stm32f401retx.o
 .debug_abbrev  0x0000000000001657      0x1f2 Drivers/STM32F4xx_HAL_Driver/Src/stm32f4xx_hal.o
 .debug_abbrev  0x0000000000001849      0x2fa Drivers/STM32F4xx_HAL_Driver/Src/stm32f4xx_hal_cortex.o
 .debug_abbrev  0x0000000000001b43      0x1f1 Drivers/STM32F4xx_HAL_Driver/Src/stm32f4xx_hal_dma.o
 .debug_abbrev  0x0000000000001d34      0x1c9 Drivers/STM32F4xx_HAL_Driver/Src/stm32f4xx_hal_gpio.o
 .debug_abbrev  0x0000000000001efd      0x263 Drivers/STM32F4xx_HAL_Driver/Src/stm32f4xx_hal_i2c.o
 .debug_abbrev  0x0000000000002160      0x245 Drivers/STM32F4xx_HAL_Driver/Src/stm32f4xx_hal_rcc.o
 .debug_abbrev  0x00000000000023a5      0x23f Drivers/STM32F4xx_HAL_Driver/Src/stm32f4xx_hal_tim.o
 .debug_abbrev  0x00000000000025e4      0x22d Drivers/STM32F4xx_HAL_Driver/Src/stm32f4xx_hal_tim_ex.o
 .debug_abbrev  0x0000000000002811      0x251 Drivers/STM32F4xx_HAL_Driver/Src/stm32f4xx_hal_uart.o

.debug_aranges  0x0000000000000000     0x11e0
 .debug_aranges
                0x0000000000000000       0x38 Core/Inc/time.o
 .debug_aranges
                0x0000000000000038       0x58 Core/Src/main.o
 .debug_aranges
                0x0000000000000090      0x270 Core/Src/mainpp.o
 .debug_aranges
                0x0000000000000300       0x50 Core/Src/stm32f4xx_hal_msp.o
 .debug_aranges
                0x0000000000000350       0xa0 Core/Src/stm32f4xx_it.o
 .debug_aranges
                0x00000000000003f0       0xa8 Core/Src/syscalls.o
 .debug_aranges
                0x0000000000000498       0x20 Core/Src/sysmem.o
 .debug_aranges
                0x00000000000004b8       0x28 Core/Src/system_stm32f4xx.o
 .debug_aranges
                0x00000000000004e0       0x28 Core/Startup/startup_stm32f401retx.o
 .debug_aranges
                0x0000000000000508       0xf0 Drivers/STM32F4xx_HAL_Driver/Src/stm32f4xx_hal.o
 .debug_aranges
                0x00000000000005f8      0x118 Drivers/STM32F4xx_HAL_Driver/Src/stm32f4xx_hal_cortex.o
 .debug_aranges
                0x0000000000000710       0x90 Drivers/STM32F4xx_HAL_Driver/Src/stm32f4xx_hal_dma.o
 .debug_aranges
                0x00000000000007a0       0x58 Drivers/STM32F4xx_HAL_Driver/Src/stm32f4xx_hal_gpio.o
 .debug_aranges
                0x00000000000007f8      0x298 Drivers/STM32F4xx_HAL_Driver/Src/stm32f4xx_hal_i2c.o
 .debug_aranges
                0x0000000000000a90       0x88 Drivers/STM32F4xx_HAL_Driver/Src/stm32f4xx_hal_rcc.o
 .debug_aranges
                0x0000000000000b18      0x3a8 Drivers/STM32F4xx_HAL_Driver/Src/stm32f4xx_hal_tim.o
 .debug_aranges
                0x0000000000000ec0      0x150 Drivers/STM32F4xx_HAL_Driver/Src/stm32f4xx_hal_tim_ex.o
 .debug_aranges
                0x0000000000001010      0x1d0 Drivers/STM32F4xx_HAL_Driver/Src/stm32f4xx_hal_uart.o

.debug_ranges   0x0000000000000000     0x1100
 .debug_ranges  0x0000000000000000       0x28 Core/Inc/time.o
 .debug_ranges  0x0000000000000028       0x48 Core/Src/main.o
 .debug_ranges  0x0000000000000070      0x278 Core/Src/mainpp.o
 .debug_ranges  0x00000000000002e8       0x40 Core/Src/stm32f4xx_hal_msp.o
 .debug_ranges  0x0000000000000328       0x90 Core/Src/stm32f4xx_it.o
 .debug_ranges  0x00000000000003b8       0x98 Core/Src/syscalls.o
 .debug_ranges  0x0000000000000450       0x10 Core/Src/sysmem.o
 .debug_ranges  0x0000000000000460       0x18 Core/Src/system_stm32f4xx.o