iks01a2_motion_sensors_ex.c:55:9:IKS01A2_MOTION_SENSOR_Enable_HP_Filter	24	static
iks01a2_motion_sensors_ex.c:88:9:IKS01A2_MOTION_SENSOR_Set_INT1_DRDY	24	static
iks01a2_motion_sensors_ex.c:134:9:IKS01A2_MOTION_SENSOR_Set_INT2_DRDY	24	static
iks01a2_motion_sensors_ex.c:167:9:IKS01A2_MOTION_SENSOR_DRDY_Set_Mode	24	static
iks01a2_motion_sensors_ex.c:212:9:IKS01A2_MOTION_SENSOR_Clear_DRDY	24	static
iks01a2_motion_sensors_ex.c:249:9:IKS01A2_MOTION_SENSOR_Enable_6D_Orientation	24	static
iks01a2_motion_sensors_ex.c:294:9:IKS01A2_MOTION_SENSOR_Disable_6D_Orientation	24	static
iks01a2_motion_sensors_ex.c:340:9:IKS01A2_MOTION_SENSOR_Set_6D_Orientation_Threshold	24	static
iks01a2_motion_sensors_ex.c:387:9:IKS01A2_MOTION_SENSOR_Enable_Free_Fall_Detection	24	static
iks01a2_motion_sensors_ex.c:432:9:IKS01A2_MOTION_SENSOR_Disable_Free_Fall_Detection	24	static
iks01a2_motion_sensors_ex.c:478:9:IKS01A2_MOTION_SENSOR_Set_Free_Fall_Threshold	24	static
iks01a2_motion_sensors_ex.c:524:9:IKS01A2_MOTION_SENSOR_Set_Free_Fall_Duration	24	static
iks01a2_motion_sensors_ex.c:570:9:IKS01A2_MOTION_SENSOR_Enable_Pedometer	24	static
iks01a2_motion_sensors_ex.c:602:9:IKS01A2_MOTION_SENSOR_Disable_Pedometer	24	static
iks01a2_motion_sensors_ex.c:635:9:IKS01A2_MOTION_SENSOR_Set_Pedometer_Threshold	24	static
iks01a2_motion_sensors_ex.c:668:9:IKS01A2_MOTION_SENSOR_Reset_Step_Counter	24	static
iks01a2_motion_sensors_ex.c:702:9:IKS01A2_MOTION_SENSOR_Enable_Single_Tap_Detection	24	static
iks01a2_motion_sensors_ex.c:747:9:IKS01A2_MOTION_SENSOR_Disable_Single_Tap_Detection	24	static
iks01a2_motion_sensors_ex.c:794:9:IKS01A2_MOTION_SENSOR_Enable_Double_Tap_Detection	24	static
iks01a2_motion_sensors_ex.c:839:9:IKS01A2_MOTION_SENSOR_Disable_Double_Tap_Detection	24	static
iks01a2_motion_sensors_ex.c:885:9:IKS01A2_MOTION_SENSOR_Set_Tap_Threshold	24	static
iks01a2_motion_sensors_ex.c:931:9:IKS01A2_MOTION_SENSOR_Set_Tap_Shock_Time	24	static
iks01a2_motion_sensors_ex.c:977:9:IKS01A2_MOTION_SENSOR_Set_Tap_Quiet_Time	24	static
iks01a2_motion_sensors_ex.c:1023:9:IKS01A2_MOTION_SENSOR_Set_Tap_Duration_Time	24	static
iks01a2_motion_sensors_ex.c:1070:9:IKS01A2_MOTION_SENSOR_Enable_Tilt_Detection	24	static
iks01a2_motion_sensors_ex.c:1115:9:IKS01A2_MOTION_SENSOR_Disable_Tilt_Detection	24	static
iks01a2_motion_sensors_ex.c:1162:9:IKS01A2_MOTION_SENSOR_Enable_Wake_Up_Detection	24	static
iks01a2_motion_sensors_ex.c:1207:9:IKS01A2_MOTION_SENSOR_Disable_Wake_Up_Detection	24	static
iks01a2_motion_sensors_ex.c:1253:9:IKS01A2_MOTION_SENSOR_Set_Wake_Up_Threshold	24	static
iks01a2_motion_sensors_ex.c:1299:9:IKS01A2_MOTION_SENSOR_Set_Wake_Up_Duration	24	static
iks01a2_motion_sensors_ex.c:1345:9:IKS01A2_MOTION_SENSOR_Enable_Inactivity_Detection	24	static
iks01a2_motion_sensors_ex.c:1377:9:IKS01A2_MOTION_SENSOR_Disable_Inactivity_Detection	24	static
iks01a2_motion_sensors_ex.c:1410:9:IKS01A2_MOTION_SENSOR_Set_Sleep_Duration	24	static
iks01a2_motion_sensors_ex.c:1443:9:IKS01A2_MOTION_SENSOR_Get_Event_Status	24	static
iks01a2_motion_sensors_ex.c:1495:9:IKS01A2_MOTION_SENSOR_Get_DRDY_Status	32	static
iks01a2_motion_sensors_ex.c:1921:9:IKS01A2_MOTION_SENSOR_Get_6D_Orientation_XL	24	static
iks01a2_motion_sensors_ex.c:1967:9:IKS01A2_MOTION_SENSOR_Get_6D_Orientation_XH	24	static
iks01a2_motion_sensors_ex.c:2013:9:IKS01A2_MOTION_SENSOR_Get_6D_Orientation_YL	24	static
iks01a2_motion_sensors_ex.c:2059:9:IKS01A2_MOTION_SENSOR_Get_6D_Orientation_YH	24	static
iks01a2_motion_sensors_ex.c:2105:9:IKS01A2_MOTION_SENSOR_Get_6D_Orientation_ZL	24	static
iks01a2_motion_sensors_ex.c:2151:9:IKS01A2_MOTION_SENSOR_Get_6D_Orientation_ZH	24	static
iks01a2_motion_sensors_ex.c:2197:9:IKS01A2_MOTION_SENSOR_Get_Step_Count	24	static
iks01a2_motion_sensors_ex.c:2231:9:IKS01A2_MOTION_SENSOR_Read_Register	32	static
iks01a2_motion_sensors_ex.c:2473:9:IKS01A2_MOTION_SENSOR_Write_Register	24	static
iks01a2_motion_sensors_ex.c:2714:9:IKS01A2_MOTION_SENSOR_FIFO_Get_Num_Samples	24	static
iks01a2_motion_sensors_ex.c:2760:9:IKS01A2_MOTION_SENSOR_FIFO_Get_Full_Status	24	static
iks01a2_motion_sensors_ex.c:2808:9:IKS01A2_MOTION_SENSOR_FIFO_Set_Decimation	32	static
iks01a2_motion_sensors_ex.c:2890:9:IKS01A2_MOTION_SENSOR_FIFO_Set_ODR_Value	24	static
iks01a2_motion_sensors_ex.c:2936:9:IKS01A2_MOTION_SENSOR_FIFO_Set_INT1_FIFO_Full	24	static
iks01a2_motion_sensors_ex.c:2982:9:IKS01A2_MOTION_SENSOR_FIFO_Set_INT2_FIFO_Full	24	static
iks01a2_motion_sensors_ex.c:3015:9:IKS01A2_MOTION_SENSOR_FIFO_Set_Watermark_Level	24	static
iks01a2_motion_sensors_ex.c:3061:9:IKS01A2_MOTION_SENSOR_FIFO_Set_Stop_On_Fth	24	static
iks01a2_motion_sensors_ex.c:3107:9:IKS01A2_MOTION_SENSOR_FIFO_Set_Mode	24	static
iks01a2_motion_sensors_ex.c:3153:9:IKS01A2_MOTION_SENSOR_FIFO_Get_Pattern	24	static
iks01a2_motion_sensors_ex.c:3201:9:IKS01A2_MOTION_SENSOR_FIFO_Get_Axis	32	static
iks01a2_motion_sensors_ex.c:3285:9:IKS01A2_MOTION_SENSOR_FIFO_Get_Data_Word	32	static
iks01a2_motion_sensors_ex.c:3338:9:IKS01A2_MOTION_SENSOR_Set_SelfTest	32	static
