lsm6dsl_reg.c:49:9:lsm6dsl_read_reg	40	static
lsm6dsl_reg.c:67:9:lsm6dsl_write_reg	40	static
lsm6dsl_reg.c:87:9:lsm6dsl_from_fs2g_to_mg	16	static
lsm6dsl_reg.c:92:9:lsm6dsl_from_fs4g_to_mg	16	static
lsm6dsl_reg.c:97:9:lsm6dsl_from_fs8g_to_mg	16	static
lsm6dsl_reg.c:102:9:lsm6dsl_from_fs16g_to_mg	16	static
lsm6dsl_reg.c:107:9:lsm6dsl_from_fs125dps_to_mdps	16	static
lsm6dsl_reg.c:112:9:lsm6dsl_from_fs250dps_to_mdps	16	static
lsm6dsl_reg.c:117:9:lsm6dsl_from_fs500dps_to_mdps	16	static
lsm6dsl_reg.c:122:9:lsm6dsl_from_fs1000dps_to_mdps	16	static
lsm6dsl_reg.c:127:9:lsm6dsl_from_fs2000dps_to_mdps	16	static
lsm6dsl_reg.c:132:9:lsm6dsl_from_lsb_to_celsius	16	static
lsm6dsl_reg.c:159:9:lsm6dsl_xl_full_scale_set	24	static
lsm6dsl_reg.c:180:9:lsm6dsl_xl_full_scale_get	24	static
lsm6dsl_reg.c:215:9:lsm6dsl_xl_data_rate_set	24	static
lsm6dsl_reg.c:236:9:lsm6dsl_xl_data_rate_get	24	static
lsm6dsl_reg.c:295:9:lsm6dsl_gy_full_scale_set	24	static
lsm6dsl_reg.c:316:9:lsm6dsl_gy_full_scale_get	24	static
lsm6dsl_reg.c:354:9:lsm6dsl_gy_data_rate_set	24	static
lsm6dsl_reg.c:375:9:lsm6dsl_gy_data_rate_get	24	static
lsm6dsl_reg.c:431:9:lsm6dsl_block_data_update_set	24	static
lsm6dsl_reg.c:452:9:lsm6dsl_block_data_update_get	24	static
lsm6dsl_reg.c:472:9:lsm6dsl_xl_offset_weight_set	24	static
lsm6dsl_reg.c:495:9:lsm6dsl_xl_offset_weight_get	24	static
lsm6dsl_reg.c:525:9:lsm6dsl_xl_power_mode_set	24	static
lsm6dsl_reg.c:547:9:lsm6dsl_xl_power_mode_get	24	static
lsm6dsl_reg.c:579:9:lsm6dsl_rounding_on_status_set	24	static
lsm6dsl_reg.c:603:9:lsm6dsl_rounding_on_status_get	24	static
lsm6dsl_reg.c:633:9:lsm6dsl_gy_power_mode_set	24	static
lsm6dsl_reg.c:654:9:lsm6dsl_gy_power_mode_get	24	static
lsm6dsl_reg.c:684:9:lsm6dsl_all_sources_get	24	static
lsm6dsl_reg.c:736:9:lsm6dsl_status_reg_get	24	static
lsm6dsl_reg.c:751:9:lsm6dsl_xl_flag_data_ready_get	24	static
lsm6dsl_reg.c:770:9:lsm6dsl_gy_flag_data_ready_get	24	static
lsm6dsl_reg.c:789:9:lsm6dsl_temp_flag_data_ready_get	24	static
lsm6dsl_reg.c:810:9:lsm6dsl_xl_usr_offset_set	24	static
lsm6dsl_reg.c:827:9:lsm6dsl_xl_usr_offset_get	24	static
lsm6dsl_reg.c:856:9:lsm6dsl_timestamp_set	24	static
lsm6dsl_reg.c:881:9:lsm6dsl_timestamp_get	24	static
lsm6dsl_reg.c:905:9:lsm6dsl_timestamp_res_set	24	static
lsm6dsl_reg.c:932:9:lsm6dsl_timestamp_res_get	24	static
lsm6dsl_reg.c:974:9:lsm6dsl_rounding_mode_set	24	static
lsm6dsl_reg.c:996:9:lsm6dsl_rounding_mode_get	24	static
lsm6dsl_reg.c:1044:9:lsm6dsl_temperature_raw_get	24	static
lsm6dsl_reg.c:1060:9:lsm6dsl_angular_rate_raw_get	24	static
lsm6dsl_reg.c:1076:9:lsm6dsl_acceleration_raw_get	24	static
lsm6dsl_reg.c:1091:9:lsm6dsl_mag_calibrated_raw_get	24	static
lsm6dsl_reg.c:1107:9:lsm6dsl_fifo_raw_data_get	32	static
lsm6dsl_reg.c:1136:9:lsm6dsl_mem_bank_set	24	static
lsm6dsl_reg.c:1161:9:lsm6dsl_mem_bank_get	24	static
lsm6dsl_reg.c:1191:9:lsm6dsl_data_ready_mode_set	24	static
lsm6dsl_reg.c:1215:9:lsm6dsl_data_ready_mode_get	24	static
lsm6dsl_reg.c:1246:9:lsm6dsl_device_id_get	24	static
lsm6dsl_reg.c:1261:9:lsm6dsl_reset_set	24	static
lsm6dsl_reg.c:1282:9:lsm6dsl_reset_get	24	static
lsm6dsl_reg.c:1301:9:lsm6dsl_data_format_set	24	static
lsm6dsl_reg.c:1322:9:lsm6dsl_data_format_get	24	static
lsm6dsl_reg.c:1352:9:lsm6dsl_auto_increment_set	24	static
lsm6dsl_reg.c:1374:9:lsm6dsl_auto_increment_get	24	static
lsm6dsl_reg.c:1393:9:lsm6dsl_boot_set	24	static
lsm6dsl_reg.c:1414:9:lsm6dsl_boot_get	24	static
lsm6dsl_reg.c:1433:9:lsm6dsl_xl_self_test_set	24	static
lsm6dsl_reg.c:1454:9:lsm6dsl_xl_self_test_get	24	static
lsm6dsl_reg.c:1485:9:lsm6dsl_gy_self_test_set	24	static
lsm6dsl_reg.c:1506:9:lsm6dsl_gy_self_test_get	24	static
lsm6dsl_reg.c:1552:9:lsm6dsl_filter_settling_mask_set	24	static
lsm6dsl_reg.c:1574:9:lsm6dsl_filter_settling_mask_get	24	static
lsm6dsl_reg.c:1594:9:lsm6dsl_xl_hp_path_internal_set	24	static
lsm6dsl_reg.c:1617:9:lsm6dsl_xl_hp_path_internal_get	24	static
lsm6dsl_reg.c:1661:9:lsm6dsl_xl_filter_analog_set	24	static
lsm6dsl_reg.c:1683:9:lsm6dsl_xl_filter_analog_get	24	static
lsm6dsl_reg.c:1727:9:lsm6dsl_xl_lp1_bandwidth_set	32	static
lsm6dsl_reg.c:1759:9:lsm6dsl_xl_lp1_bandwidth_get	32	static
lsm6dsl_reg.c:1798:9:lsm6dsl_xl_lp2_bandwidth_set	24	static
lsm6dsl_reg.c:1823:9:lsm6dsl_xl_lp2_bandwidth_get	24	static
lsm6dsl_reg.c:1879:9:lsm6dsl_xl_reference_mode_set	24	static
lsm6dsl_reg.c:1900:9:lsm6dsl_xl_reference_mode_get	24	static
lsm6dsl_reg.c:1919:9:lsm6dsl_xl_hp_bandwidth_set	24	static
lsm6dsl_reg.c:1942:9:lsm6dsl_xl_hp_bandwidth_get	24	static
lsm6dsl_reg.c:1993:9:lsm6dsl_gy_band_pass_set	32	static
lsm6dsl_reg.c:2033:9:lsm6dsl_gy_band_pass_get	32	static
lsm6dsl_reg.c:2115:9:lsm6dsl_spi_mode_set	24	static
lsm6dsl_reg.c:2136:9:lsm6dsl_spi_mode_get	24	static
lsm6dsl_reg.c:2164:9:lsm6dsl_i2c_interface_set	24	static
lsm6dsl_reg.c:2186:9:lsm6dsl_i2c_interface_get	24	static
lsm6dsl_reg.c:2230:9:lsm6dsl_pin_int1_route_set	48	static
lsm6dsl_reg.c:2321:9:lsm6dsl_pin_int1_route_get	40	static
lsm6dsl_reg.c:2373:9:lsm6dsl_pin_int2_route_set	40	static
lsm6dsl_reg.c:2456:9:lsm6dsl_pin_int2_route_get	32	static
lsm6dsl_reg.c:2503:9:lsm6dsl_pin_mode_set	24	static
lsm6dsl_reg.c:2524:9:lsm6dsl_pin_mode_get	24	static
lsm6dsl_reg.c:2553:9:lsm6dsl_pin_polarity_set	24	static
lsm6dsl_reg.c:2574:9:lsm6dsl_pin_polarity_get	24	static
lsm6dsl_reg.c:2603:9:lsm6dsl_all_on_int1_set	24	static
lsm6dsl_reg.c:2624:9:lsm6dsl_all_on_int1_get	24	static
lsm6dsl_reg.c:2643:9:lsm6dsl_int_notification_set	24	static
lsm6dsl_reg.c:2664:9:lsm6dsl_int_notification_get	24	static
lsm6dsl_reg.c:2706:9:lsm6dsl_wkup_threshold_set	24	static
lsm6dsl_reg.c:2728:9:lsm6dsl_wkup_threshold_get	24	static
lsm6dsl_reg.c:2747:9:lsm6dsl_wkup_dur_set	24	static
lsm6dsl_reg.c:2769:9:lsm6dsl_wkup_dur_get	24	static
lsm6dsl_reg.c:2801:9:lsm6dsl_gy_sleep_mode_set	24	static
lsm6dsl_reg.c:2822:9:lsm6dsl_gy_sleep_mode_get	24	static
lsm6dsl_reg.c:2841:9:lsm6dsl_act_mode_set	24	static
lsm6dsl_reg.c:2862:9:lsm6dsl_act_mode_get	24	static
lsm6dsl_reg.c:2897:9:lsm6dsl_act_sleep_dur_set	24	static
lsm6dsl_reg.c:2919:9:lsm6dsl_act_sleep_dur_get	24	static
lsm6dsl_reg.c:2951:9:lsm6dsl_tap_src_get	24	static
lsm6dsl_reg.c:2965:9:lsm6dsl_tap_detection_on_z_set	24	static
lsm6dsl_reg.c:2986:9:lsm6dsl_tap_detection_on_z_get	24	static
lsm6dsl_reg.c:3005:9:lsm6dsl_tap_detection_on_y_set	24	static
lsm6dsl_reg.c:3026:9:lsm6dsl_tap_detection_on_y_get	24	static
lsm6dsl_reg.c:3045:9:lsm6dsl_tap_detection_on_x_set	24	static
lsm6dsl_reg.c:3066:9:lsm6dsl_tap_detection_on_x_get	24	static
lsm6dsl_reg.c:3085:9:lsm6dsl_tap_threshold_x_set	24	static
lsm6dsl_reg.c:3107:9:lsm6dsl_tap_threshold_x_get	24	static
lsm6dsl_reg.c:3131:9:lsm6dsl_tap_shock_set	24	static
lsm6dsl_reg.c:3157:9:lsm6dsl_tap_shock_get	24	static
lsm6dsl_reg.c:3181:9:lsm6dsl_tap_quiet_set	24	static
lsm6dsl_reg.c:3207:9:lsm6dsl_tap_quiet_get	24	static
lsm6dsl_reg.c:3232:9:lsm6dsl_tap_dur_set	24	static
lsm6dsl_reg.c:3259:9:lsm6dsl_tap_dur_get	24	static
lsm6dsl_reg.c:3279:9:lsm6dsl_tap_mode_set	24	static
lsm6dsl_reg.c:3303:9:lsm6dsl_tap_mode_get	24	static
lsm6dsl_reg.c:3347:9:lsm6dsl_6d_feed_data_set	24	static
lsm6dsl_reg.c:3369:9:lsm6dsl_6d_feed_data_get	24	static
lsm6dsl_reg.c:3399:9:lsm6dsl_6d_threshold_set	24	static
lsm6dsl_reg.c:3420:9:lsm6dsl_6d_threshold_get	24	static
lsm6dsl_reg.c:3455:9:lsm6dsl_4d_mode_set	24	static
lsm6dsl_reg.c:3477:9:lsm6dsl_4d_mode_get	24	static
lsm6dsl_reg.c:3509:9:lsm6dsl_ff_dur_set	32	static
lsm6dsl_reg.c:3540:9:lsm6dsl_ff_dur_get	32	static
lsm6dsl_reg.c:3563:9:lsm6dsl_ff_threshold_set	24	static
lsm6dsl_reg.c:3584:9:lsm6dsl_ff_threshold_get	24	static
lsm6dsl_reg.c:3644:9:lsm6dsl_fifo_watermark_set	32	static
lsm6dsl_reg.c:3671:9:lsm6dsl_fifo_watermark_get	32	static
lsm6dsl_reg.c:3696:9:lsm6dsl_fifo_data_level_get	32	static
lsm6dsl_reg.c:3722:9:lsm6dsl_fifo_wtm_flag_get	24	static
lsm6dsl_reg.c:3742:9:lsm6dsl_fifo_pattern_get	32	static
lsm6dsl_reg.c:3767:9:lsm6dsl_fifo_temp_batch_set	24	static
lsm6dsl_reg.c:3790:9:lsm6dsl_fifo_temp_batch_get	24	static
lsm6dsl_reg.c:3810:9:lsm6dsl_fifo_write_trigger_set	32	static
lsm6dsl_reg.c:3845:9:lsm6dsl_fifo_write_trigger_get	32	static
lsm6dsl_reg.c:3886:9:lsm6dsl_fifo_pedo_and_timestamp_batch_set	24	static
lsm6dsl_reg.c:3910:9:lsm6dsl_fifo_pedo_and_timestamp_batch_get	24	static
lsm6dsl_reg.c:3931:9:lsm6dsl_fifo_xl_batch_set	24	static
lsm6dsl_reg.c:3955:9:lsm6dsl_fifo_xl_batch_get	24	static
lsm6dsl_reg.c:4004:9:lsm6dsl_fifo_gy_batch_set	24	static
lsm6dsl_reg.c:4027:9:lsm6dsl_fifo_gy_batch_get	24	static
lsm6dsl_reg.c:4076:9:lsm6dsl_fifo_dataset_3_batch_set	24	static
lsm6dsl_reg.c:4100:9:lsm6dsl_fifo_dataset_3_batch_get	24	static
lsm6dsl_reg.c:4149:9:lsm6dsl_fifo_dataset_4_batch_set	24	static
lsm6dsl_reg.c:4173:9:lsm6dsl_fifo_dataset_4_batch_get	24	static
lsm6dsl_reg.c:4221:9:lsm6dsl_fifo_xl_gy_8bit_format_set	24	static
lsm6dsl_reg.c:4242:9:lsm6dsl_fifo_xl_gy_8bit_format_get	24	static
lsm6dsl_reg.c:4262:9:lsm6dsl_fifo_stop_on_wtm_set	24	static
lsm6dsl_reg.c:4284:9:lsm6dsl_fifo_stop_on_wtm_get	24	static
lsm6dsl_reg.c:4303:9:lsm6dsl_fifo_mode_set	24	static
lsm6dsl_reg.c:4324:9:lsm6dsl_fifo_mode_get	24	static
lsm6dsl_reg.c:4362:9:lsm6dsl_fifo_data_rate_set	24	static
lsm6dsl_reg.c:4383:9:lsm6dsl_fifo_data_rate_get	24	static
lsm6dsl_reg.c:4452:10:lsm6dsl_den_polarity_set	24	static
lsm6dsl_reg.c:4473:9:lsm6dsl_den_polarity_get	24	static
lsm6dsl_reg.c:4502:9:lsm6dsl_den_mode_set	24	static
lsm6dsl_reg.c:4523:9:lsm6dsl_den_mode_get	24	static
lsm6dsl_reg.c:4559:9:lsm6dsl_den_enable_set	32	static
lsm6dsl_reg.c:4589:9:lsm6dsl_den_enable_get	32	static
lsm6dsl_reg.c:4625:9:lsm6dsl_den_mark_axis_z_set	24	static
lsm6dsl_reg.c:4646:9:lsm6dsl_den_mark_axis_z_get	24	static
lsm6dsl_reg.c:4665:9:lsm6dsl_den_mark_axis_y_set	24	static
lsm6dsl_reg.c:4686:9:lsm6dsl_den_mark_axis_y_get	24	static
lsm6dsl_reg.c:4705:9:lsm6dsl_den_mark_axis_x_set	24	static
lsm6dsl_reg.c:4726:9:lsm6dsl_den_mark_axis_x_get	24	static
lsm6dsl_reg.c:4757:9:lsm6dsl_pedo_step_reset_set	24	static
lsm6dsl_reg.c:4778:9:lsm6dsl_pedo_step_reset_get	24	static
lsm6dsl_reg.c:4797:9:lsm6dsl_pedo_sens_set	24	static
lsm6dsl_reg.c:4822:9:lsm6dsl_pedo_sens_get	24	static
lsm6dsl_reg.c:4842:9:lsm6dsl_pedo_threshold_set	24	static
lsm6dsl_reg.c:4871:9:lsm6dsl_pedo_threshold_get	24	static
lsm6dsl_reg.c:4897:9:lsm6dsl_pedo_full_scale_set	24	static
lsm6dsl_reg.c:4927:9:lsm6dsl_pedo_full_scale_get	24	static
lsm6dsl_reg.c:4962:9:lsm6dsl_pedo_debounce_steps_set	24	static
lsm6dsl_reg.c:4991:9:lsm6dsl_pedo_debounce_steps_get	24	static
lsm6dsl_reg.c:5019:9:lsm6dsl_pedo_timeout_set	24	static
lsm6dsl_reg.c:5050:9:lsm6dsl_pedo_timeout_get	24	static
lsm6dsl_reg.c:5075:9:lsm6dsl_pedo_steps_period_set	24	static
lsm6dsl_reg.c:5097:9:lsm6dsl_pedo_steps_period_get	24	static
lsm6dsl_reg.c:5132:9:lsm6dsl_motion_sens_set	24	static
lsm6dsl_reg.c:5156:9:lsm6dsl_motion_sens_get	24	static
lsm6dsl_reg.c:5175:9:lsm6dsl_motion_threshold_set	24	static
lsm6dsl_reg.c:5197:9:lsm6dsl_motion_threshold_get	24	static
lsm6dsl_reg.c:5232:9:lsm6dsl_tilt_sens_set	24	static
lsm6dsl_reg.c:5256:9:lsm6dsl_tilt_sens_get	24	static
lsm6dsl_reg.c:5275:9:lsm6dsl_wrist_tilt_sens_set	24	static
lsm6dsl_reg.c:5299:9:lsm6dsl_wrist_tilt_sens_get	24	static
lsm6dsl_reg.c:5320:9:lsm6dsl_tilt_latency_set	24	static
lsm6dsl_reg.c:5344:9:lsm6dsl_tilt_latency_get	24	static
lsm6dsl_reg.c:5368:9:lsm6dsl_tilt_threshold_set	24	static
lsm6dsl_reg.c:5392:9:lsm6dsl_tilt_threshold_get	24	static
lsm6dsl_reg.c:5414:9:lsm6dsl_tilt_src_set	24	static
lsm6dsl_reg.c:5438:9:lsm6dsl_tilt_src_get	24	static
lsm6dsl_reg.c:5476:9:lsm6dsl_mag_soft_iron_set	24	static
lsm6dsl_reg.c:5497:9:lsm6dsl_mag_soft_iron_get	24	static
lsm6dsl_reg.c:5516:9:lsm6dsl_mag_hard_iron_set	32	static
lsm6dsl_reg.c:5550:9:lsm6dsl_mag_hard_iron_get	24	static
lsm6dsl_reg.c:5571:9:lsm6dsl_mag_soft_iron_mat_set	24	static
lsm6dsl_reg.c:5594:9:lsm6dsl_mag_soft_iron_mat_get	24	static
lsm6dsl_reg.c:5617:9:lsm6dsl_mag_offset_set	24	static
lsm6dsl_reg.c:5640:9:lsm6dsl_mag_offset_get	24	static
lsm6dsl_reg.c:5675:9:lsm6dsl_func_en_set	24	static
lsm6dsl_reg.c:5698:9:lsm6dsl_sh_sync_sens_frame_set	24	static
lsm6dsl_reg.c:5722:9:lsm6dsl_sh_sync_sens_frame_get	24	static
lsm6dsl_reg.c:5742:9:lsm6dsl_sh_sync_sens_ratio_set	24	static
lsm6dsl_reg.c:5765:9:lsm6dsl_sh_sync_sens_ratio_get	24	static
lsm6dsl_reg.c:5802:9:lsm6dsl_sh_master_set	24	static
lsm6dsl_reg.c:5825:9:lsm6dsl_sh_master_get	24	static
lsm6dsl_reg.c:5845:9:lsm6dsl_sh_pass_through_set	24	static
lsm6dsl_reg.c:5868:9:lsm6dsl_sh_pass_through_get	24	static
lsm6dsl_reg.c:5888:9:lsm6dsl_sh_pin_mode_set	24	static
lsm6dsl_reg.c:5912:9:lsm6dsl_sh_pin_mode_get	24	static
lsm6dsl_reg.c:5941:9:lsm6dsl_sh_syncro_mode_set	24	static
lsm6dsl_reg.c:5965:9:lsm6dsl_sh_syncro_mode_get	24	static
lsm6dsl_reg.c:5996:9:lsm6dsl_sh_drdy_on_int1_set	24	static
lsm6dsl_reg.c:6019:9:lsm6dsl_sh_drdy_on_int1_get	24	static
lsm6dsl_reg.c:6039:9:lsm6dsl_sh_read_data_raw_get	24	static
lsm6dsl_reg.c:6061:9:lsm6dsl_sh_cmd_sens_sync_set	24	static
lsm6dsl_reg.c:6085:9:lsm6dsl_sh_cmd_sens_sync_get	24	static
lsm6dsl_reg.c:6106:9:lsm6dsl_sh_spi_sync_error_set	24	static
lsm6dsl_reg.c:6130:9:lsm6dsl_sh_spi_sync_error_get	24	static
lsm6dsl_reg.c:6150:9:lsm6dsl_sh_num_of_dev_connected_set	24	static
lsm6dsl_reg.c:6180:9:lsm6dsl_sh_num_of_dev_connected_get	24	static
lsm6dsl_reg.c:6226:9:lsm6dsl_sh_cfg_write	24	static
lsm6dsl_reg.c:6262:9:lsm6dsl_sh_slv0_cfg_read	32	static
lsm6dsl_reg.c:6305:9:lsm6dsl_sh_slv1_cfg_read	32	static
lsm6dsl_reg.c:6348:9:lsm6dsl_sh_slv2_cfg_read	32	static
lsm6dsl_reg.c:6392:9:lsm6dsl_sh_slv3_cfg_read	32	static
lsm6dsl_reg.c:6433:9:lsm6dsl_sh_slave_0_dec_set	24	static
lsm6dsl_reg.c:6464:9:lsm6dsl_sh_slave_0_dec_get	24	static
lsm6dsl_reg.c:6510:9:lsm6dsl_sh_write_mode_set	24	static
lsm6dsl_reg.c:6542:9:lsm6dsl_sh_write_mode_get	24	static
lsm6dsl_reg.c:6580:9:lsm6dsl_sh_slave_1_dec_set	24	static
lsm6dsl_reg.c:6610:9:lsm6dsl_sh_slave_1_dec_get	24	static
lsm6dsl_reg.c:6654:9:lsm6dsl_sh_slave_2_dec_set	24	static
lsm6dsl_reg.c:6685:9:lsm6dsl_sh_slave_2_dec_get	24	static
lsm6dsl_reg.c:6729:9:lsm6dsl_sh_slave_3_dec_set	24	static
lsm6dsl_reg.c:6760:9:lsm6dsl_sh_slave_3_dec_get	24	static
