hts221_reg.c:48:9:hts221_read_reg	40	static
hts221_reg.c:66:9:hts221_write_reg	40	static
hts221_reg.c:94:9:hts221_humidity_avg_set	24	static
hts221_reg.c:117:9:hts221_humidity_avg_get	24	static
hts221_reg.c:165:9:hts221_temperature_avg_set	24	static
hts221_reg.c:188:9:hts221_temperature_avg_get	24	static
hts221_reg.c:236:9:hts221_data_rate_set	24	static
hts221_reg.c:259:9:hts221_data_rate_get	24	static
hts221_reg.c:295:9:hts221_block_data_update_set	24	static
hts221_reg.c:318:9:hts221_block_data_update_get	24	static
hts221_reg.c:337:9:hts221_one_shoot_trigger_set	24	static
hts221_reg.c:360:9:hts221_one_shoot_trigger_get	24	static
hts221_reg.c:379:9:hts221_temp_data_ready_get	24	static
hts221_reg.c:398:9:hts221_hum_data_ready_get	24	static
hts221_reg.c:417:9:hts221_humidity_raw_get	24	static
hts221_reg.c:432:9:hts221_temperature_raw_get	24	static
hts221_reg.c:459:9:hts221_device_id_get	24	static
hts221_reg.c:474:9:hts221_power_on_set	24	static
hts221_reg.c:496:9:hts221_power_on_get	24	static
hts221_reg.c:515:9:hts221_heater_set	24	static
hts221_reg.c:538:9:hts221_heater_get	24	static
hts221_reg.c:557:9:hts221_boot_set	24	static
hts221_reg.c:580:9:hts221_boot_get	24	static
hts221_reg.c:599:9:hts221_status_get	24	static
hts221_reg.c:626:9:hts221_drdy_on_int_set	24	static
hts221_reg.c:649:9:hts221_drdy_on_int_get	24	static
hts221_reg.c:667:9:hts221_pin_mode_set	24	static
hts221_reg.c:690:9:hts221_pin_mode_get	24	static
hts221_reg.c:720:9:hts221_int_polarity_set	24	static
hts221_reg.c:743:9:hts221_int_polarity_get	24	static
hts221_reg.c:786:9:hts221_hum_rh_point_0_get	24	static
hts221_reg.c:804:9:hts221_hum_rh_point_1_get	24	static
hts221_reg.c:822:9:hts221_temp_deg_point_0_get	32	static
hts221_reg.c:847:9:hts221_temp_deg_point_1_get	32	static
hts221_reg.c:872:9:hts221_hum_adc_point_0_get	24	static
hts221_reg.c:887:9:hts221_hum_adc_point_1_get	24	static
hts221_reg.c:902:9:hts221_temp_adc_point_0_get	24	static
hts221_reg.c:917:9:hts221_temp_adc_point_1_get	24	static
