lps22hb_reg.c:48:9:lps22hb_read_reg	40	static
lps22hb_reg.c:66:9:lps22hb_write_reg	40	static
lps22hb_reg.c:86:9:lps22hb_from_lsb_to_hpa	16	static
lps22hb_reg.c:91:9:lps22hb_from_lsb_to_degc	16	static
lps22hb_reg.c:119:9:lps22hb_autozero_rst_set	24	static
lps22hb_reg.c:142:9:lps22hb_autozero_rst_get	24	static
lps22hb_reg.c:162:9:lps22hb_autozero_set	24	static
lps22hb_reg.c:185:9:lps22hb_autozero_get	24	static
lps22hb_reg.c:205:9:lps22hb_pressure_snap_rst_set	24	static
lps22hb_reg.c:228:9:lps22hb_pressure_snap_rst_get	24	static
lps22hb_reg.c:248:9:lps22hb_pressure_snap_set	24	static
lps22hb_reg.c:271:9:lps22hb_pressure_snap_get	24	static
lps22hb_reg.c:291:9:lps22hb_block_data_update_set	24	static
lps22hb_reg.c:312:9:lps22hb_block_data_update_get	24	static
lps22hb_reg.c:331:9:lps22hb_low_pass_filter_mode_set	24	static
lps22hb_reg.c:353:9:lps22hb_low_pass_filter_mode_get	24	static
lps22hb_reg.c:385:9:lps22hb_data_rate_set	24	static
lps22hb_reg.c:406:9:lps22hb_data_rate_get	24	static
lps22hb_reg.c:447:9:lps22hb_one_shoot_trigger_set	24	static
lps22hb_reg.c:468:9:lps22hb_one_shoot_trigger_get	24	static
lps22hb_reg.c:489:9:lps22hb_pressure_ref_set	24	static
lps22hb_reg.c:506:9:lps22hb_pressure_ref_get	24	static
lps22hb_reg.c:522:9:lps22hb_pressure_offset_set	24	static
lps22hb_reg.c:538:9:lps22hb_pressure_offset_get	24	static
lps22hb_reg.c:553:9:lps22hb_press_data_ready_get	24	static
lps22hb_reg.c:572:9:lps22hb_temp_data_ready_get	24	static
lps22hb_reg.c:591:9:lps22hb_press_data_ovr_get	24	static
lps22hb_reg.c:610:9:lps22hb_temp_data_ovr_get	24	static
lps22hb_reg.c:629:9:lps22hb_pressure_raw_get	24	static
lps22hb_reg.c:644:9:lps22hb_temperature_raw_get	24	static
lps22hb_reg.c:662:9:lps22hb_low_pass_rst_get	24	static
lps22hb_reg.c:689:9:lps22hb_device_id_get	24	static
lps22hb_reg.c:704:9:lps22hb_reset_set	24	static
lps22hb_reg.c:725:9:lps22hb_reset_get	24	static
lps22hb_reg.c:744:9:lps22hb_boot_set	24	static
lps22hb_reg.c:765:9:lps22hb_boot_get	24	static
lps22hb_reg.c:784:9:lps22hb_low_power_set	24	static
lps22hb_reg.c:805:9:lps22hb_low_power_get	24	static
lps22hb_reg.c:824:9:lps22hb_boot_status_get	24	static
lps22hb_reg.c:843:9:lps22hb_dev_status_get	24	static
lps22hb_reg.c:870:9:lps22hb_sign_of_int_threshold_set	24	static
lps22hb_reg.c:894:9:lps22hb_sign_of_int_threshold_get	24	static
lps22hb_reg.c:931:9:lps22hb_int_notification_mode_set	24	static
lps22hb_reg.c:956:9:lps22hb_int_notification_mode_get	24	static
lps22hb_reg.c:986:9:lps22hb_int_generation_set	24	static
lps22hb_reg.c:1009:9:lps22hb_int_generation_get	24	static
lps22hb_reg.c:1029:9:lps22hb_int_threshold_set	24	static
lps22hb_reg.c:1044:9:lps22hb_int_threshold_get	24	static
lps22hb_reg.c:1059:9:lps22hb_int_pin_mode_set	24	static
lps22hb_reg.c:1080:9:lps22hb_int_pin_mode_get	24	static
lps22hb_reg.c:1114:9:lps22hb_drdy_on_int_set	24	static
lps22hb_reg.c:1135:9:lps22hb_drdy_on_int_get	24	static
lps22hb_reg.c:1154:9:lps22hb_fifo_ovr_on_int_set	24	static
lps22hb_reg.c:1175:9:lps22hb_fifo_ovr_on_int_get	24	static
lps22hb_reg.c:1194:9:lps22hb_fifo_threshold_on_int_set	24	static
lps22hb_reg.c:1215:9:lps22hb_fifo_threshold_on_int_get	24	static
lps22hb_reg.c:1234:9:lps22hb_fifo_full_on_int_set	24	static
lps22hb_reg.c:1255:9:lps22hb_fifo_full_on_int_get	24	static
lps22hb_reg.c:1274:9:lps22hb_pin_mode_set	24	static
lps22hb_reg.c:1295:9:lps22hb_pin_mode_get	24	static
lps22hb_reg.c:1323:9:lps22hb_int_polarity_set	24	static
lps22hb_reg.c:1344:9:lps22hb_int_polarity_get	24	static
lps22hb_reg.c:1372:9:lps22hb_int_source_get	24	static
lps22hb_reg.c:1387:9:lps22hb_int_on_press_high_get	24	static
lps22hb_reg.c:1406:9:lps22hb_int_on_press_low_get	24	static
lps22hb_reg.c:1425:9:lps22hb_interrupt_event_get	24	static
lps22hb_reg.c:1457:9:lps22hb_stop_on_fifo_threshold_set	24	static
lps22hb_reg.c:1478:9:lps22hb_stop_on_fifo_threshold_get	24	static
lps22hb_reg.c:1497:9:lps22hb_fifo_set	24	static
lps22hb_reg.c:1518:9:lps22hb_fifo_get	24	static
lps22hb_reg.c:1537:9:lps22hb_fifo_watermark_set	24	static
lps22hb_reg.c:1558:9:lps22hb_fifo_watermark_get	24	static
lps22hb_reg.c:1577:9:lps22hb_fifo_mode_set	24	static
lps22hb_reg.c:1598:9:lps22hb_fifo_mode_get	24	static
lps22hb_reg.c:1641:9:lps22hb_fifo_data_level_get	24	static
lps22hb_reg.c:1660:9:lps22hb_fifo_ovr_flag_get	24	static
lps22hb_reg.c:1679:9:lps22hb_fifo_fth_flag_get	24	static
lps22hb_reg.c:1711:9:lps22hb_spi_mode_set	24	static
lps22hb_reg.c:1732:9:lps22hb_spi_mode_get	24	static
lps22hb_reg.c:1760:9:lps22hb_i2c_interface_set	24	static
lps22hb_reg.c:1781:9:lps22hb_i2c_interface_get	24	static
lps22hb_reg.c:1810:9:lps22hb_auto_add_inc_set	24	static
lps22hb_reg.c:1832:9:lps22hb_auto_add_inc_get	24	static
