lps22hb.c:94:9:LPS22HB_RegisterBusIO	24	static
lps22hb.c:152:9:LPS22HB_Init	16	static
lps22hb.c:182:9:LPS22HB_DeInit	16	static
lps22hb.c:211:9:LPS22HB_ReadID	16	static
lps22hb.c:227:9:LPS22HB_GetCapabilities	16	static
lps22hb.c:248:9:LPS22HB_Get_Init_Status	16	static
lps22hb.c:265:9:LPS22HB_PRESS_Enable	16	static
lps22hb.c:289:9:LPS22HB_PRESS_Disable	16	static
lps22hb.c:325:9:LPS22HB_PRESS_GetOutputDataRate	16	static
lps22hb.c:336:9:LPS22HB_PRESS_SetOutputDataRate	16	static
lps22hb.c:355:9:LPS22HB_PRESS_GetPressure	32	static
lps22hb.c:379:9:LPS22HB_PRESS_Get_DRDY_Status	16	static
lps22hb.c:394:9:LPS22HB_TEMP_Enable	16	static
lps22hb.c:418:9:LPS22HB_TEMP_Disable	16	static
lps22hb.c:454:9:LPS22HB_TEMP_GetOutputDataRate	16	static
lps22hb.c:465:9:LPS22HB_TEMP_SetOutputDataRate	16	static
lps22hb.c:484:9:LPS22HB_TEMP_GetTemperature	32	static
lps22hb.c:508:9:LPS22HB_TEMP_Get_DRDY_Status	16	static
lps22hb.c:524:9:LPS22HB_FIFO_Get_Data	24	static
lps22hb.c:545:9:LPS22HB_FIFO_Get_FTh_Status	16	static
lps22hb.c:561:9:LPS22HB_FIFO_Get_Full_Status	16	static
lps22hb.c:582:9:LPS22HB_FIFO_Get_Level	16	static
lps22hb.c:598:9:LPS22HB_FIFO_Get_Ovr_Status	16	static
lps22hb.c:614:9:LPS22HB_FIFO_Reset_Interrupt	16	static
lps22hb.c:649:9:LPS22HB_FIFO_Set_Interrupt	16	static
lps22hb.c:684:9:LPS22HB_FIFO_Set_Mode	16	static
lps22hb.c:715:9:LPS22HB_FIFO_Set_Watermark_Level	16	static
lps22hb.c:731:9:LPS22HB_FIFO_Usage	16	static
lps22hb.c:749:9:LPS22HB_Read_Reg	24	static
lps22hb.c:766:9:LPS22HB_Write_Reg	16	static
lps22hb.c:790:9:LPS22HB_Get_Temp	24	static
lps22hb.c:815:16:LPS22HB_GetOutputDataRate	24	static
lps22hb.c:865:16:LPS22HB_SetOutputDataRate_When_Enabled	24	static
lps22hb.c:894:16:LPS22HB_SetOutputDataRate_When_Disabled	16	static
lps22hb.c:910:16:LPS22HB_Initialize	16	static
lps22hb.c:960:9:LPS22HB_Set_One_Shot	16	static
lps22hb.c:983:9:LPS22HB_Get_One_Shot_Status	24	static
lps22hb.c:1020:16:ReadRegWrap	48	static
lps22hb.c:1053:16:WriteRegWrap	48	static
